<!doctype html public "-//w3c//dtd html 4.0 transitional//en">
<html><head>
<title>Static Call Graph - [..\..\Output\Template.axf]</title></head>
<body><HR>
<H1>Static Call Graph for image ..\..\Output\Template.axf</H1><HR>
<BR><P>#&#060CALLGRAPH&#062# ARM Linker, 5060960: Last Updated: Mon Jan 06 16:58:04 2025
<BR><P>
<H3>Maximum Stack Usage =        592 bytes + Unknown(Functions without stacksize, Cycles, Untraceable Function Pointers)</H3><H3>
Call chain for Maximum Stack Depth:</H3>
CPU_Task &rArr; vTaskList &rArr; uxTaskGetSystemState &rArr; prvListTasksWithinSingleList &rArr; vTaskGetInfo &rArr; xTaskResumeAll &rArr; xTaskIncrementTick &rArr; __2printf
<P>
<H3>
Functions with no stack information
</H3><UL>
 <LI><a href="#[1ec]">cr4_fft_1024_stm32</a>
 <LI><a href="#[6b]">BUTTON_Callback</a>
 <LI><a href="#[21d]">BUTTON_CreateEx</a>
 <LI><a href="#[241]">BUTTON_CreateUser</a>
 <LI><a href="#[4]">BUTTON_DrawSkinFlex</a>
 <LI><a href="#[218]">BUTTON_SetText</a>
 <LI><a href="#[253]">GL_DrawLine</a>
 <LI><a href="#[255]">GL_DrawLine1Ex</a>
 <LI><a href="#[254]">GL_DrawLineEx</a>
 <LI><a href="#[256]">GL_DrawPoint</a>
 <LI><a href="#[25c]">GL_FillCircle</a>
 <LI><a href="#[25b]">GL_FillPolygon</a>
 <LI><a href="#[25e]">GL_SetDefault</a>
 <LI><a href="#[1e3]">GUIDRV_FlexColor_Config</a>
 <LI><a href="#[1e4]">GUIDRV_FlexColor_SetFunc</a>
 <LI><a href="#[64]">GUIDRV_FlexColor_SetFunc66709</a>
 <LI><a href="#[63]">GUIDRV_FlexColor_SetMode16bppC0B16</a>
 <LI><a href="#[74]">GUIDRV_FlexColor__GetPixelIndexNoCache</a>
 <LI><a href="#[262]">GUIDRV_FlexColor__InitOnce</a>
 <LI><a href="#[78]">GUIDRV_FlexColor__SetLog2Phys</a>
 <LI><a href="#[75]">GUIDRV_FlexColor__SetPixelIndexNoCache</a>
 <LI><a href="#[c6]">GUIMONO_DispChar</a>
 <LI><a href="#[c7]">GUIMONO_GetCharDistX</a>
 <LI><a href="#[c8]">GUIMONO_GetFontInfo</a>
 <LI><a href="#[c9]">GUIMONO_IsInFont</a>
 <LI><a href="#[c2]">GUIPROP_DispChar</a>
 <LI><a href="#[c3]">GUIPROP_GetCharDistX</a>
 <LI><a href="#[c4]">GUIPROP_GetFontInfo</a>
 <LI><a href="#[c5]">GUIPROP_IsInFont</a>
 <LI><a href="#[267]">GUIPROP__FindChar</a>
 <LI><a href="#[26a]">GUITASK_CopyContext</a>
 <LI><a href="#[26c]">GUITASK_Init</a>
 <LI><a href="#[26e]">GUI_ALLOC_AllocNoInit</a>
 <LI><a href="#[270]">GUI_ALLOC_AllocZero</a>
 <LI><a href="#[1d0]">GUI_ALLOC_AssignMemory</a>
 <LI><a href="#[271]">GUI_ALLOC_Free</a>
 <LI><a href="#[284]">GUI_ALLOC_FreeFixedBlock</a>
 <LI><a href="#[23c]">GUI_ALLOC_FreePtr</a>
 <LI><a href="#[23d]">GUI_ALLOC_FreePtrArray</a>
 <LI><a href="#[263]">GUI_ALLOC_GetFixedBlock</a>
 <LI><a href="#[277]">GUI_ALLOC_GetMaxSize</a>
 <LI><a href="#[316]">GUI_ALLOC_GetSize</a>
 <LI><a href="#[287]">GUI_ALLOC_Lock</a>
 <LI><a href="#[23a]">GUI_ALLOC_LockH</a>
 <LI><a href="#[279]">GUI_ALLOC_RequestSize</a>
 <LI><a href="#[288]">GUI_ALLOC_Unlock</a>
 <LI><a href="#[23b]">GUI_ALLOC_UnlockH</a>
 <LI><a href="#[278]">GUI_ALLOC_h2p</a>
 <LI><a href="#[27a]">GUI_CURSOR_SetPositionEx</a>
 <LI><a href="#[383]">GUI_CalcColorDist</a>
 <LI><a href="#[203]">GUI_Clear</a>
 <LI><a href="#[212]">GUI_ClearRect</a>
 <LI><a href="#[281]">GUI_DEVICE_Create</a>
 <LI><a href="#[1e0]">GUI_DEVICE_CreateAndLink</a>
 <LI><a href="#[283]">GUI_DEVICE_Delete</a>
 <LI><a href="#[282]">GUI_DEVICE_Link</a>
 <LI><a href="#[285]">GUI_DEVICE_LinkDevices</a>
 <LI><a href="#[329]">GUI_DEVICE_Unlink</a>
 <LI><a href="#[2b3]">GUI_DEVICE_UnlinkTaskDevices</a>
 <LI><a href="#[2bb]">GUI_DEVICE__GetpDriver</a>
 <LI><a href="#[24d]">GUI_DRAW__Draw</a>
 <LI><a href="#[225]">GUI_Delay</a>
 <LI><a href="#[289]">GUI_DispString</a>
 <LI><a href="#[20a]">GUI_DispStringAt</a>
 <LI><a href="#[202]">GUI_DispStringHCenterAt</a>
 <LI><a href="#[251]">GUI_DispStringInRect</a>
 <LI><a href="#[290]">GUI_DispStringInRectMax</a>
 <LI><a href="#[294]">GUI_DispStringInRectWrap</a>
 <LI><a href="#[24b]">GUI_DrawGradientV</a>
 <LI><a href="#[216]">GUI_DrawGraph</a>
 <LI><a href="#[248]">GUI_DrawHLine</a>
 <LI><a href="#[207]">GUI_DrawLine</a>
 <LI><a href="#[213]">GUI_DrawPoint</a>
 <LI><a href="#[24a]">GUI_DrawRect</a>
 <LI><a href="#[214]">GUI_DrawRectEx</a>
 <LI><a href="#[204]">GUI_DrawRoundedRect</a>
 <LI><a href="#[249]">GUI_DrawVLine</a>
 <LI><a href="#[286]">GUI_Exec</a>
 <LI><a href="#[29a]">GUI_Exec1</a>
 <LI><a href="#[20d]">GUI_FillPolygon</a>
 <LI><a href="#[205]">GUI_FillRect</a>
 <LI><a href="#[1ff]">GUI_FillRoundedRect</a>
 <LI><a href="#[29c]">GUI_GetBitmapPixelIndex</a>
 <LI><a href="#[29d]">GUI_GetBitmapPixelIndexEx</a>
 <LI><a href="#[2d7]">GUI_GetBitsPerPixelEx</a>
 <LI><a href="#[269]">GUI_GetBkColor</a>
 <LI><a href="#[2a0]">GUI_GetCharDistX</a>
 <LI><a href="#[2a1]">GUI_GetCharDistXEx</a>
 <LI><a href="#[24e]">GUI_GetClientRect</a>
 <LI><a href="#[268]">GUI_GetColor</a>
 <LI><a href="#[27b]">GUI_GetCursorLayer</a>
 <LI><a href="#[28a]">GUI_GetFontDistY</a>
 <LI><a href="#[2a4]">GUI_GetLayerPosEx</a>
 <LI><a href="#[2a6]">GUI_GetOrg</a>
 <LI><a href="#[2a7]">GUI_GetTime</a>
 <LI><a href="#[309]">GUI_GetVersionString</a>
 <LI><a href="#[28b]">GUI_GetYAdjust</a>
 <LI><a href="#[2d9]">GUI_GetpfColor2IndexEx</a>
 <LI><a href="#[2d8]">GUI_GetpfIndex2ColorEx</a>
 <LI><a href="#[27e]">GUI_GotoXY</a>
 <LI><a href="#[221]">GUI_Init</a>
 <LI><a href="#[242]">GUI_Lock</a>
 <LI><a href="#[2b4]">GUI_MEMDEV_Clear</a>
 <LI><a href="#[2b5]">GUI_MEMDEV_CopyToLCD</a>
 <LI><a href="#[2b6]">GUI_MEMDEV_CopyToLCDAt</a>
 <LI><a href="#[2ba]">GUI_MEMDEV_CreateEx</a>
 <LI><a href="#[2bd]">GUI_MEMDEV_Delete</a>
 <LI><a href="#[2c0]">GUI_MEMDEV_Draw</a>
 <LI><a href="#[2c9]">GUI_MEMDEV_GetBitsPerPixel</a>
 <LI><a href="#[2cb]">GUI_MEMDEV_GetDataPtr</a>
 <LI><a href="#[2c5]">GUI_MEMDEV_GetYSize</a>
 <LI><a href="#[95]">GUI_MEMDEV_Paint1Static</a>
 <LI><a href="#[2c7]">GUI_MEMDEV_ReduceYSize</a>
 <LI><a href="#[2b9]">GUI_MEMDEV_Select</a>
 <LI><a href="#[2c8]">GUI_MEMDEV_SetOrg</a>
 <LI><a href="#[2cd]">GUI_MEMDEV_Write</a>
 <LI><a href="#[2d1]">GUI_MEMDEV_WriteAt</a>
 <LI><a href="#[2bc]">GUI_MEMDEV__CreateFixed</a>
 <LI><a href="#[92]">GUI_MEMDEV__WriteToActiveAlpha</a>
 <LI><a href="#[2d2]">GUI_MEMDEV__WriteToActiveAt</a>
 <LI><a href="#[91]">GUI_MEMDEV__WriteToActiveOpaque</a>
 <LI><a href="#[36a]">GUI_MergeRect</a>
 <LI><a href="#[24f]">GUI_MoveRect</a>
 <LI><a href="#[354]">GUI_PID_GetState</a>
 <LI><a href="#[353]">GUI_PID_IsEmpty</a>
 <LI><a href="#[2dd]">GUI_PID_StoreState</a>
 <LI><a href="#[2df]">GUI_PollKeyMsg</a>
 <LI><a href="#[2e1]">GUI_ReadRectEx</a>
 <LI><a href="#[385]">GUI_RectsIntersect</a>
 <LI><a href="#[2e3]">GUI_RestoreContext</a>
 <LI><a href="#[27d]">GUI_SPRITE_SetPosition</a>
 <LI><a href="#[2ea]">GUI_SaveContext_W</a>
 <LI><a href="#[2be]">GUI_SelectLCD</a>
 <LI><a href="#[2b7]">GUI_SelectLayer</a>
 <LI><a href="#[201]">GUI_SetBkColor</a>
 <LI><a href="#[1fe]">GUI_SetColor</a>
 <LI><a href="#[1d1]">GUI_SetDefaultFont</a>
 <LI><a href="#[260]">GUI_SetDrawMode</a>
 <LI><a href="#[200]">GUI_SetFont</a>
 <LI><a href="#[27c]">GUI_SetLayerPosEx</a>
 <LI><a href="#[261]">GUI_SetLineStyle</a>
 <LI><a href="#[2b1]">GUI_SetOrg</a>
 <LI><a href="#[206]">GUI_SetPenSize</a>
 <LI><a href="#[25f]">GUI_SetTextAlign</a>
 <LI><a href="#[250]">GUI_SetTextMode</a>
 <LI><a href="#[2de]">GUI_SignalEvent</a>
 <LI><a href="#[2ef]">GUI_StoreKey</a>
 <LI><a href="#[2f0]">GUI_TIMER_Create</a>
 <LI><a href="#[2f2]">GUI_TIMER_Delete</a>
 <LI><a href="#[7d]">GUI_TIMER_Exec</a>
 <LI><a href="#[2f4]">GUI_TIMER_GetFlag</a>
 <LI><a href="#[2f5]">GUI_TIMER_Restart</a>
 <LI><a href="#[2f6]">GUI_TIMER_SetPeriod</a>
 <LI><a href="#[2f7]">GUI_TIMER__GetFirstTimer</a>
 <LI><a href="#[2f8]">GUI_TIMER__GetNextTimerLin</a>
 <LI><a href="#[2f9]">GUI_TOUCH_CalcCoefficients</a>
 <LI><a href="#[1e9]">GUI_TOUCH_Calibrate</a>
 <LI><a href="#[2fb]">GUI_TOUCH_CalibratePoint</a>
 <LI><a href="#[123]">GUI_TOUCH_Exec</a>
 <LI><a href="#[2ff]">GUI_TOUCH_GetLayer</a>
 <LI><a href="#[1e8]">GUI_TOUCH_SetOrientation</a>
 <LI><a href="#[300]">GUI_TOUCH_StoreStateEx</a>
 <LI><a href="#[2fc]">GUI_TOUCH_TransformPoint</a>
 <LI><a href="#[310]">GUI_UC__GetCharCodeInc</a>
 <LI><a href="#[28f]">GUI_UC__NumChars2NumBytes</a>
 <LI><a href="#[386]">GUI_USAGE_AddRect</a>
 <LI><a href="#[2d3]">GUI_USAGE_BM_Create</a>
 <LI><a href="#[2bf]">GUI_USAGE_DecUseCnt</a>
 <LI><a href="#[245]">GUI_Unlock</a>
 <LI><a href="#[295]">GUI_WrapGetNumLines</a>
 <LI><a href="#[303]">GUI__AllocAlphaBuffer</a>
 <LI><a href="#[305]">GUI__AlphaPreserveTrans</a>
 <LI><a href="#[384]">GUI__CompactPixelIndices</a>
 <LI><a href="#[307]">GUI__CompactPixelIndicesEx</a>
 <LI><a href="#[2a8]">GUI__Config</a>
 <LI><a href="#[308]">GUI__ConvertColor2Index</a>
 <LI><a href="#[28e]">GUI__DispLine</a>
 <LI><a href="#[293]">GUI__DispStringInRect</a>
 <LI><a href="#[30c]">GUI__DoAlphaBlending</a>
 <LI><a href="#[247]">GUI__DrawTwinArc4</a>
 <LI><a href="#[30d]">GUI__ExpandPixelIndicesEx</a>
 <LI><a href="#[304]">GUI__GetAlphaBuffer</a>
 <LI><a href="#[28d]">GUI__GetLineDistX</a>
 <LI><a href="#[28c]">GUI__GetLineNumChars</a>
 <LI><a href="#[311]">GUI__GetOverlap</a>
 <LI><a href="#[30b]">GUI__HandleEOLine</a>
 <LI><a href="#[360]">GUI__IntersectRect</a>
 <LI><a href="#[292]">GUI__IntersectRects</a>
 <LI><a href="#[312]">GUI__ManageCache</a>
 <LI><a href="#[313]">GUI__ManageCacheEx</a>
 <LI><a href="#[c]">GUI__MixColors</a>
 <LI><a href="#[d]">GUI__MixColorsBulk</a>
 <LI><a href="#[338]">GUI__ReduceRect</a>
 <LI><a href="#[26d]">GUI__RegisterExit</a>
 <LI><a href="#[252]">GUI__SetText</a>
 <LI><a href="#[297]">GUI__WrapGetNumBytesToNextLine</a>
 <LI><a href="#[296]">GUI__WrapGetNumCharsDisp</a>
 <LI><a href="#[317]">GUI__WrapGetNumCharsToNextLine</a>
 <LI><a href="#[389]">GUI__memset16</a>
 <LI><a href="#[299]">GUI__sqrt32</a>
 <LI><a href="#[319]">GUI__strcmp</a>
 <LI><a href="#[314]">GUI__strcmp_hp</a>
 <LI><a href="#[315]">GUI__strlen</a>
 <LI><a href="#[259]">GUI_cos</a>
 <LI><a href="#[25a]">GUI_sin</a>
 <LI><a href="#[e]">LCD_AA_MixColors16</a>
 <LI><a href="#[306]">LCD_AA_SetOrMask</a>
 <LI><a href="#[325]">LCD_Color2Index</a>
 <LI><a href="#[265]">LCD_DrawBitmap</a>
 <LI><a href="#[7a]">LCD_DrawHLine</a>
 <LI><a href="#[a5]">LCD_DrawPixel</a>
 <LI><a href="#[257]">LCD_DrawVLine</a>
 <LI><a href="#[266]">LCD_FillRect</a>
 <LI><a href="#[31a]">LCD_GetBitsPerPixelEx</a>
 <LI><a href="#[29e]">LCD_GetBkColorIndex</a>
 <LI><a href="#[2a3]">LCD_GetColorIndex</a>
 <LI><a href="#[1e5]">LCD_GetMirrorXEx</a>
 <LI><a href="#[1e6]">LCD_GetMirrorYEx</a>
 <LI><a href="#[31c]">LCD_GetNumColors</a>
 <LI><a href="#[31d]">LCD_GetNumColorsEx</a>
 <LI><a href="#[31e]">LCD_GetNumLayers</a>
 <LI><a href="#[31f]">LCD_GetPalette</a>
 <LI><a href="#[320]">LCD_GetPaletteEx</a>
 <LI><a href="#[2a5]">LCD_GetPosEx</a>
 <LI><a href="#[1e7]">LCD_GetSwapXYEx</a>
 <LI><a href="#[2c3]">LCD_GetVXSizeEx</a>
 <LI><a href="#[30f]">LCD_GetVXSizeMax</a>
 <LI><a href="#[2c4]">LCD_GetVYSizeEx</a>
 <LI><a href="#[322]">LCD_GetXSize</a>
 <LI><a href="#[2ac]">LCD_GetXSizeDisplay</a>
 <LI><a href="#[2c1]">LCD_GetXSizeEx</a>
 <LI><a href="#[2ae]">LCD_GetXSizeMax</a>
 <LI><a href="#[323]">LCD_GetYSize</a>
 <LI><a href="#[2ad]">LCD_GetYSizeDisplay</a>
 <LI><a href="#[2c2]">LCD_GetYSizeEx</a>
 <LI><a href="#[2af]">LCD_GetYSizeMax</a>
 <LI><a href="#[0]">LCD_GetpPalConvTableBM</a>
 <LI><a href="#[324]">LCD_GetpPalConvTableUncached</a>
 <LI><a href="#[29f]">LCD_Index2Color</a>
 <LI><a href="#[a1]">LCD_Index2Color_565</a>
 <LI><a href="#[81]">LCD_Index2Color_M888</a>
 <LI><a href="#[80]">LCD_Index2Color_M8888I</a>
 <LI><a href="#[326]">LCD_InitColors</a>
 <LI><a href="#[327]">LCD_InitLUT</a>
 <LI><a href="#[2eb]">LCD_SelectLCD</a>
 <LI><a href="#[2ec]">LCD_SetBkColor</a>
 <LI><a href="#[32c]">LCD_SetBkColorIndex</a>
 <LI><a href="#[32a]">LCD_SetClipRectEx</a>
 <LI><a href="#[2d0]">LCD_SetClipRectMax</a>
 <LI><a href="#[2ed]">LCD_SetColor</a>
 <LI><a href="#[32b]">LCD_SetColorIndex</a>
 <LI><a href="#[2b0]">LCD_SetDisplaySize</a>
 <LI><a href="#[264]">LCD_SetDrawMode</a>
 <LI><a href="#[328]">LCD_SetLUTEntryEx</a>
 <LI><a href="#[2ee]">LCD_SetPosEx</a>
 <LI><a href="#[1e1]">LCD_SetSizeEx</a>
 <LI><a href="#[1e2]">LCD_SetVSizeEx</a>
 <LI><a href="#[2cf]">LCD_UpdateColorIndices</a>
 <LI><a href="#[2dc]">LCD__DrawBitmap_1bpp</a>
 <LI><a href="#[32d]">LCD__GetBPP</a>
 <LI><a href="#[2ca]">LCD__GetBPPDevice</a>
 <LI><a href="#[84]">TEXT_Callback</a>
 <LI><a href="#[21b]">TEXT_CreateEx</a>
 <LI><a href="#[330]">TEXT_CreateUser</a>
 <LI><a href="#[20b]">TEXT_GetText</a>
 <LI><a href="#[240]">WIDGET_AndState</a>
 <LI><a href="#[239]">WIDGET_HandleActive</a>
 <LI><a href="#[336]">WIDGET_OrState</a>
 <LI><a href="#[334]">WIDGET_SetState</a>
 <LI><a href="#[335]">WIDGET__GetInsideRect</a>
 <LI><a href="#[244]">WIDGET__Init</a>
 <LI><a href="#[2b8]">WM_Activate</a>
 <LI><a href="#[339]">WM_BringToBottom</a>
 <LI><a href="#[333]">WM_BringToTop</a>
 <LI><a href="#[222]">WM_CreateTimer</a>
 <LI><a href="#[243]">WM_CreateWindowAsChild</a>
 <LI><a href="#[2ce]">WM_Deactivate</a>
 <LI><a href="#[1fd]">WM_DefaultProc</a>
 <LI><a href="#[226]">WM_DeleteTimer</a>
 <LI><a href="#[344]">WM_DeleteWindow</a>
 <LI><a href="#[29b]">WM_Exec</a>
 <LI><a href="#[33f]">WM_ForEachDesc</a>
 <LI><a href="#[351]">WM_GetActiveWindow</a>
 <LI><a href="#[2a2]">WM_GetClientRect</a>
 <LI><a href="#[34c]">WM_GetClientRectEx</a>
 <LI><a href="#[21a]">WM_GetDesktopWindow</a>
 <LI><a href="#[36b]">WM_GetDesktopWindowEx</a>
 <LI><a href="#[34d]">WM_GetFirstChild</a>
 <LI><a href="#[32f]">WM_GetHasTrans</a>
 <LI><a href="#[217]">WM_GetId</a>
 <LI><a href="#[33b]">WM_GetParent</a>
 <LI><a href="#[20e]">WM_GetTimerId</a>
 <LI><a href="#[34f]">WM_GetWindowOrgX</a>
 <LI><a href="#[1fc]">WM_GetWindowRectEx</a>
 <LI><a href="#[350]">WM_GetWindowSizeX</a>
 <LI><a href="#[352]">WM_GetWindowSizeY</a>
 <LI><a href="#[7c]">WM_HandlePID</a>
 <LI><a href="#[2b2]">WM_Init</a>
 <LI><a href="#[224]">WM_InvalidateRect</a>
 <LI><a href="#[20f]">WM_InvalidateWindow</a>
 <LI><a href="#[363]">WM_InvalidateWindowAndDescsEx</a>
 <LI><a href="#[35a]">WM_IsWindow</a>
 <LI><a href="#[365]">WM_MoveWindow</a>
 <LI><a href="#[32e]">WM_NotifyParent</a>
 <LI><a href="#[2e0]">WM_OnKey</a>
 <LI><a href="#[35c]">WM_PID__SetPrevState</a>
 <LI><a href="#[35b]">WM_ReleaseCapture</a>
 <LI><a href="#[369]">WM_ResizeWindow</a>
 <LI><a href="#[210]">WM_RestartTimer</a>
 <LI><a href="#[356]">WM_Screen2hWin</a>
 <LI><a href="#[340]">WM_SelectWindow</a>
 <LI><a href="#[34e]">WM_SendMessage</a>
 <LI><a href="#[36e]">WM_SendMessageNoPara</a>
 <LI><a href="#[343]">WM_SendToParent</a>
 <LI><a href="#[21c]">WM_SetCallback</a>
 <LI><a href="#[220]">WM_SetCreateFlags</a>
 <LI><a href="#[36f]">WM_SetDefault</a>
 <LI><a href="#[332]">WM_SetFocus</a>
 <LI><a href="#[246]">WM_SetHasTrans</a>
 <LI><a href="#[371]">WM_SetSize</a>
 <LI><a href="#[291]">WM_SetUserClipRect</a>
 <LI><a href="#[370]">WM_ValidateWindow</a>
 <LI><a href="#[372]">WM__ActivateClipRect</a>
 <LI><a href="#[355]">WM__AddCriticalHandle</a>
 <LI><a href="#[35f]">WM__Client2Screen</a>
 <LI><a href="#[361]">WM__ClipAtParentBorders</a>
 <LI><a href="#[347]">WM__DeleteAssocTimer</a>
 <LI><a href="#[348]">WM__DetachWindow</a>
 <LI><a href="#[34b]">WM__ForEachDesc</a>
 <LI><a href="#[342]">WM__GetClientRectEx</a>
 <LI><a href="#[337]">WM__GetClientRectWin</a>
 <LI><a href="#[374]">WM__GetFirstSibling</a>
 <LI><a href="#[280]">WM__GetNextIVR</a>
 <LI><a href="#[33a]">WM__GetPrevSibling</a>
 <LI><a href="#[346]">WM__GetTopLevelLayer</a>
 <LI><a href="#[27f]">WM__InitIVRSearch</a>
 <LI><a href="#[33e]">WM__InsertWindowIntoList</a>
 <LI><a href="#[362]">WM__Invalidate1Abs</a>
 <LI><a href="#[35e]">WM__InvalidateDrawAndDescs</a>
 <LI><a href="#[378]">WM__InvalidateParent</a>
 <LI><a href="#[379]">WM__InvalidateRect</a>
 <LI><a href="#[33c]">WM__InvalidateRectEx</a>
 <LI><a href="#[37a]">WM__IsAncestor</a>
 <LI><a href="#[24c]">WM__IsEnabled</a>
 <LI><a href="#[357]">WM__IsInModalArea</a>
 <LI><a href="#[38d]">WM__IsInWindow</a>
 <LI><a href="#[345]">WM__IsWindow</a>
 <LI><a href="#[366]">WM__MoveWindow</a>
 <LI><a href="#[37c]">WM__Paint</a>
 <LI><a href="#[94]">WM__Paint1</a>
 <LI><a href="#[38b]">WM__RectIsNZ</a>
 <LI><a href="#[35d]">WM__RemoveCriticalHandle</a>
 <LI><a href="#[33d]">WM__RemoveWindowFromList</a>
 <LI><a href="#[36d]">WM__SelectTopLevelLayer</a>
 <LI><a href="#[367]">WM__SendMessage</a>
 <LI><a href="#[359]">WM__SendMessageIfEnabled</a>
 <LI><a href="#[2c6]">WM__SendMessageNoPara</a>
 <LI><a href="#[341]">WM__SendMsgNoData</a>
 <LI><a href="#[381]">WM__SendPIDMessage</a>
 <LI><a href="#[358]">WM__SendTouchMessage</a>
 <LI><a href="#[331]">WM__UpdateChildPositions</a>
 <LI><a href="#[2ab]">emWin_LCD_Init</a>
 <LI><a href="#[a0]">_Color2Index_565</a>
 <LI><a href="#[a2]">_GetIndexMask_565</a>
 <LI><a href="#[a3]">_Color2IndexBulk</a>
 <LI><a href="#[a4]">_Index2ColorBulk</a>
 <LI><a href="#[273]">_PushFreeBlock</a>
 <LI><a href="#[276]">_RemoveFreeBlock</a>
 <LI><a href="#[272]">_AddFreeMemory</a>
 <LI><a href="#[275]">_RemoveHoles</a>
 <LI><a href="#[382]">_EnlargeBlocks</a>
 <LI><a href="#[26f]">_Alloc</a>
 <LI><a href="#[274]">_InitOnce</a>
 <LI><a href="#[2aa]">_InitContext</a>
 <LI><a href="#[7f]">_OnExit</a>
 <LI><a href="#[258]">_SetLineColor</a>
 <LI><a href="#[25d]">_Add</a>
 <LI><a href="#[31b]">_GetDevProp</a>
 <LI><a href="#[321]">_GetMaxValue</a>
 <LI><a href="#[af]">_Log2PhysY_X1Y0S0</a>
 <LI><a href="#[b1]">_Log2PhysY_X1Y1S0</a>
 <LI><a href="#[b3]">_Log2PhysY_X1Y0S1</a>
 <LI><a href="#[b5]">_Log2PhysY_X1Y1S1</a>
 <LI><a href="#[bb]">_SetPixelIndex</a>
 <LI><a href="#[ba]">_GetPixelIndex</a>
 <LI><a href="#[bc]">_XorPixel</a>
 <LI><a href="#[b7]">_DrawHLine</a>
 <LI><a href="#[b8]">_DrawVLine</a>
 <LI><a href="#[b9]">_FillRect</a>
 <LI><a href="#[b6]">_DrawBitmap</a>
 <LI><a href="#[93]">_GetDevFunc_SetRect</a>
 <LI><a href="#[8f]">_GetDevFunc_SetRectOutside</a>
 <LI><a href="#[96]">_ReadPixelCust_16bpp</a>
 <LI><a href="#[97]">_ReadPixelCust_18bpp</a>
 <LI><a href="#[98]">_ReadRectCust_16bpp</a>
 <LI><a href="#[99]">_ReadRectCust_18bpp</a>
 <LI><a href="#[be]">_GetDevFunc</a>
 <LI><a href="#[8a]">_GetDevFunc_Off</a>
 <LI><a href="#[8b]">_GetDevFunc_SetVSize</a>
 <LI><a href="#[8c]">_GetDevFunc_SetSize</a>
 <LI><a href="#[8d]">_GetDevFunc_Init</a>
 <LI><a href="#[8e]">_SetDevFunc</a>
 <LI><a href="#[90]">_GetDevFunc_On</a>
 <LI><a href="#[bf]">_GetDevProp</a>
 <LI><a href="#[c0]">_GetDevData</a>
 <LI><a href="#[c1]">_GetRect</a>
 <LI><a href="#[bd]">_SetOrg</a>
 <LI><a href="#[b2]">_Log2PhysY_X0Y0S1</a>
 <LI><a href="#[a6]">_Log2PhysX_X0Y0S0</a>
 <LI><a href="#[a8]">_Log2PhysX_X0Y1S0</a>
 <LI><a href="#[aa]">_Log2PhysX_X0Y0S1</a>
 <LI><a href="#[ac]">_Log2PhysX_X0Y1S1</a>
 <LI><a href="#[ae]">_Log2PhysY_X0Y0S0</a>
 <LI><a href="#[b0]">_Log2PhysY_X0Y1S0</a>
 <LI><a href="#[a7]">_Log2PhysX_X1Y0S0</a>
 <LI><a href="#[a9]">_Log2PhysX_X1Y1S0</a>
 <LI><a href="#[ab]">_Log2PhysX_X1Y0S1</a>
 <LI><a href="#[ad]">_Log2PhysX_X1Y1S1</a>
 <LI><a href="#[b4]">_Log2PhysY_X0Y1S1</a>
 <LI><a href="#[76]">_ReadData</a>
 <LI><a href="#[77]">_WriteData</a>
 <LI><a href="#[73]">_FillRect</a>
 <LI><a href="#[72]">_DrawBitmap</a>
 <LI><a href="#[6c]">_SetPhysRAMAddr</a>
 <LI><a href="#[6d]">_SetRect</a>
 <LI><a href="#[6e]">_SetOrientation</a>
 <LI><a href="#[6f]">_ReadPixel_16bpp_B8</a>
 <LI><a href="#[1]">_ReadPixel_16bpp_B16_I</a>
 <LI><a href="#[9a]">_SetReg_B8</a>
 <LI><a href="#[9c]">_SetReg_B16</a>
 <LI><a href="#[9b]">_WritePara_B8</a>
 <LI><a href="#[9d]">_WritePara_B16</a>
 <LI><a href="#[71]">_SetInterface</a>
 <LI><a href="#[70]">_ReadRect_16bpp_B8</a>
 <LI><a href="#[2]">_ReadRect_16bpp_B16_I</a>
 <LI><a href="#[88]">_OnExit</a>
 <LI><a href="#[37e]">_Paint1</a>
 <LI><a href="#[375]">_Findy1</a>
 <LI><a href="#[376]">_Findx0</a>
 <LI><a href="#[377]">_Findx1</a>
 <LI><a href="#[380]">_Paint1Trans</a>
 <LI><a href="#[37f]">_PaintTransChildren</a>
 <LI><a href="#[37d]">WM__PaintWinAndOverlays</a>
 <LI><a href="#[89]">_cbPaintMemDev</a>
 <LI><a href="#[373]">_SetClipRectUserIntersect</a>
 <LI><a href="#[364]">_Invalidate1Abs</a>
 <LI><a href="#[349]">_Exec1Input</a>
 <LI><a href="#[34a]">_Exec1Draw</a>
 <LI><a href="#[87]">_cbBackWin</a>
 <LI><a href="#[86]">_cbTimer</a>
 <LI><a href="#[23e]">_OnButtonPressed</a>
 <LI><a href="#[23f]">_OnButtonReleased</a>
 <LI><a href="#[3]">_OnTouchDefault</a>
 <LI><a href="#[5]">_Log2VisBuffered</a>
 <LI><a href="#[30a]">_DispLine</a>
 <LI><a href="#[7b]">_OnExit</a>
 <LI><a href="#[2e5]">_CreateBuffer</a>
 <LI><a href="#[2e6]">_GetBkIndex.isra.0</a>
 <LI><a href="#[2e8]">_GetBkIndexAlpha.isra.2</a>
 <LI><a href="#[2e4]">_GetDeviceRect</a>
 <LI><a href="#[38a]">_FlushBuffer.isra.5</a>
 <LI><a href="#[2e7]">_SetBkIndexBuffered</a>
 <LI><a href="#[2e9]">_ReleaseBuffer.isra.6</a>
 <LI><a href="#[26b]">_GetTaskNo</a>
 <LI><a href="#[79]">_OnExit</a>
 <LI><a href="#[7e]">_OnExit</a>
 <LI><a href="#[2f1]">_Link</a>
 <LI><a href="#[2f3]">_Unlink</a>
 <LI><a href="#[ca]">_GetCharCode</a>
 <LI><a href="#[cb]">_GetCharSize</a>
 <LI><a href="#[cc]">_CalcSizeOfChar</a>
 <LI><a href="#[cd]">_Encode</a>
 <LI><a href="#[8]">_GetWordWrap</a>
 <LI><a href="#[9]">_GetCharWrap</a>
 <LI><a href="#[318]">_WrapGetNumCharsDisp</a>
 <LI><a href="#[d0]">_SetDrawMode</a>
 <LI><a href="#[ce]">_SetColor</a>
 <LI><a href="#[cf]">_SetBkColor</a>
 <LI><a href="#[83]">_OnExit</a>
 <LI><a href="#[db]">_GetDevData</a>
 <LI><a href="#[d9]">_GetDevFunc</a>
 <LI><a href="#[d8]">_SetOrg</a>
 <LI><a href="#[dc]">_GetRect</a>
 <LI><a href="#[387]">_XY2PTR</a>
 <LI><a href="#[d5]">_GetPixelIndex</a>
 <LI><a href="#[d7]">_XorPixel</a>
 <LI><a href="#[d6]">_SetPixelIndex</a>
 <LI><a href="#[d3]">_DrawVLine</a>
 <LI><a href="#[d4]">_FillRect</a>
 <LI><a href="#[d2]">_DrawHLine</a>
 <LI><a href="#[d1]">_DrawBitmap</a>
 <LI><a href="#[da]">_GetDevProp</a>
 <LI><a href="#[2cc]">_CreateStaticDevice</a>
 <LI><a href="#[37b]">_MoveDescendents</a>
 <LI><a href="#[b]">_Create</a>
 <LI><a href="#[a]">_Paint</a>
 <LI><a href="#[dd]">_Color2Index_M8888I</a>
 <LI><a href="#[de]">_GetIndexMask_M8888I</a>
 <LI><a href="#[df]">_Color2IndexBulk_M8888I</a>
 <LI><a href="#[e0]">_Index2ColorBulk_M8888I</a>
 <LI><a href="#[e3]">_GetIndexMask_0</a>
 <LI><a href="#[e2]">_Index2Color_0</a>
 <LI><a href="#[e1]">_Color2Index_0</a>
 <LI><a href="#[298]">_DrawGradient</a>
 <LI><a href="#[82]">_OnExit</a>
 <LI><a href="#[30e]">_GetTwinArcPara</a>
 <LI><a href="#[ee]">_GetDevData</a>
 <LI><a href="#[ec]">_GetDevFunc</a>
 <LI><a href="#[ed]">_GetDevProp</a>
 <LI><a href="#[eb]">_SetOrg</a>
 <LI><a href="#[ef]">_GetRect</a>
 <LI><a href="#[388]">_XY2PTR</a>
 <LI><a href="#[e8]">_GetPixelIndex</a>
 <LI><a href="#[ea]">_XorPixel</a>
 <LI><a href="#[e9]">_SetPixelIndex</a>
 <LI><a href="#[e6]">_DrawVLine</a>
 <LI><a href="#[e7]">_FillRect</a>
 <LI><a href="#[e5]">_DrawHLine</a>
 <LI><a href="#[e4]">_DrawBitmap</a>
 <LI><a href="#[f0]">GUI_USAGE_BM_AddPixel</a>
 <LI><a href="#[f4]">GUI_USAGE_BM_GetNextDirty</a>
 <LI><a href="#[f3]">_GUI_USAGE_BM_Delete</a>
 <LI><a href="#[f2]">GUI_USAGE_BM_Clear</a>
 <LI><a href="#[f1]">GUI_USAGE_BM_AddHLine</a>
 <LI><a href="#[2da]">_Convert16</a>
 <LI><a href="#[2db]">_Convert8</a>
 <LI><a href="#[85]">_cbInvalidateOne</a>
 <LI><a href="#[36c]">_Screen2hWin</a>
 <LI><a href="#[368]">WM__ReleaseCapture</a>
 <LI><a href="#[f8]">_DrawDownRect</a>
 <LI><a href="#[f6]">_DrawUpRect</a>
 <LI><a href="#[f7]">_DrawDown</a>
 <LI><a href="#[f5]">_DrawUp</a>
 <LI><a href="#[2e2]">LCD_ReadRectEx</a>
 <LI><a href="#[2d5]">_ClipX</a>
 <LI><a href="#[2d6]">_ClipY</a>
 <LI><a href="#[2d4]">_WriteToActiveAlpha</a>
</UL>
</UL>
<P>
<H3>
Mutually Recursive functions
</H3> <LI><a href="#[2b]">ADC1_2_IRQHandler</a>&nbsp;&nbsp;&nbsp;&rArr;&nbsp;&nbsp;&nbsp;<a href="#[2b]">ADC1_2_IRQHandler</a><BR>
 <LI><a href="#[12]">MemManage_Handler</a>&nbsp;&nbsp;&nbsp;&rArr;&nbsp;&nbsp;&nbsp;<a href="#[12]">MemManage_Handler</a><BR>
 <LI><a href="#[13]">BusFault_Handler</a>&nbsp;&nbsp;&nbsp;&rArr;&nbsp;&nbsp;&nbsp;<a href="#[13]">BusFault_Handler</a><BR>
 <LI><a href="#[14]">UsageFault_Handler</a>&nbsp;&nbsp;&nbsp;&rArr;&nbsp;&nbsp;&nbsp;<a href="#[14]">UsageFault_Handler</a><BR>
 <LI><a href="#[379]">WM__InvalidateRect</a>&nbsp;&nbsp;&nbsp;&rArr;&nbsp;&nbsp;&nbsp;<a href="#[379]">WM__InvalidateRect</a><BR>
 <LI><a href="#[363]">WM_InvalidateWindowAndDescsEx</a>&nbsp;&nbsp;&nbsp;&rArr;&nbsp;&nbsp;&nbsp;<a href="#[363]">WM_InvalidateWindowAndDescsEx</a><BR>
 <LI><a href="#[35e]">WM__InvalidateDrawAndDescs</a>&nbsp;&nbsp;&nbsp;&rArr;&nbsp;&nbsp;&nbsp;<a href="#[35e]">WM__InvalidateDrawAndDescs</a><BR>
 <LI><a href="#[367]">WM__SendMessage</a>&nbsp;&nbsp;&nbsp;&rArr;&nbsp;&nbsp;&nbsp;<a href="#[1fd]">WM_DefaultProc</a><BR>
 <LI><a href="#[369]">WM_ResizeWindow</a>&nbsp;&nbsp;&nbsp;&rArr;&nbsp;&nbsp;&nbsp;<a href="#[331]">WM__UpdateChildPositions</a><BR>
 <LI><a href="#[37b]">_MoveDescendents</a>&nbsp;&nbsp;&nbsp;&rArr;&nbsp;&nbsp;&nbsp;<a href="#[37b]">_MoveDescendents</a><BR>
 <LI><a href="#[34b]">WM__ForEachDesc</a>&nbsp;&nbsp;&nbsp;&rArr;&nbsp;&nbsp;&nbsp;<a href="#[34b]">WM__ForEachDesc</a><BR>
 <LI><a href="#[377]">_Findx1</a>&nbsp;&nbsp;&nbsp;&rArr;&nbsp;&nbsp;&nbsp;<a href="#[377]">_Findx1</a><BR>
 <LI><a href="#[376]">_Findx0</a>&nbsp;&nbsp;&nbsp;&rArr;&nbsp;&nbsp;&nbsp;<a href="#[376]">_Findx0</a><BR>
 <LI><a href="#[375]">_Findy1</a>&nbsp;&nbsp;&nbsp;&rArr;&nbsp;&nbsp;&nbsp;<a href="#[375]">_Findy1</a><BR>
 <LI><a href="#[26f]">_Alloc</a>&nbsp;&nbsp;&nbsp;&rArr;&nbsp;&nbsp;&nbsp;<a href="#[274]">_InitOnce</a><BR>
 <LI><a href="#[267]">GUIPROP__FindChar</a>&nbsp;&nbsp;&nbsp;&rArr;&nbsp;&nbsp;&nbsp;<a href="#[267]">GUIPROP__FindChar</a><BR>
 <LI><a href="#[36c]">_Screen2hWin</a>&nbsp;&nbsp;&nbsp;&rArr;&nbsp;&nbsp;&nbsp;<a href="#[36c]">_Screen2hWin</a><BR>
 <LI><a href="#[37f]">_PaintTransChildren</a>&nbsp;&nbsp;&nbsp;&rArr;&nbsp;&nbsp;&nbsp;<a href="#[37f]">_PaintTransChildren</a><BR>
 <LI><a href="#[344]">WM_DeleteWindow</a>&nbsp;&nbsp;&nbsp;&rArr;&nbsp;&nbsp;&nbsp;<a href="#[344]">WM_DeleteWindow</a><BR>
 <LI><a href="#[5a]">GUI_Task</a>&nbsp;&nbsp;&nbsp;&rArr;&nbsp;&nbsp;&nbsp;<a href="#[5a]">GUI_Task</a><BR>
 <LI><a href="#[58]">Touch_Task</a>&nbsp;&nbsp;&nbsp;&rArr;&nbsp;&nbsp;&nbsp;<a href="#[58]">Touch_Task</a><BR>
</UL>
<P>
<H3>
Function Pointers
</H3><UL>
 <LI><a href="#[2b]">ADC1_2_IRQHandler</a> from startup_stm32f10x_hd.o(.text) referenced from startup_stm32f10x_hd.o(RESET)
 <LI><a href="#[48]">ADC3_IRQHandler</a> from startup_stm32f10x_hd.o(.text) referenced from startup_stm32f10x_hd.o(RESET)
 <LI><a href="#[5c]">AppTaskCreate</a> from main.o(.text) referenced from main.o(.text)
 <LI><a href="#[6b]">BUTTON_Callback</a> from BUTTON.o(.text.BUTTON_Callback) referenced from BUTTON.o(.text.BUTTON_CreateUser)
 <LI><a href="#[4]">BUTTON_DrawSkinFlex</a> from BUTTON_SkinFlex.o(.text.BUTTON_DrawSkinFlex) referenced 2 times from BUTTON.o(.data)
 <LI><a href="#[13]">BusFault_Handler</a> from stm32f10x_it.o(.text) referenced from startup_stm32f10x_hd.o(RESET)
 <LI><a href="#[2e]">CAN1_RX1_IRQHandler</a> from startup_stm32f10x_hd.o(.text) referenced from startup_stm32f10x_hd.o(RESET)
 <LI><a href="#[2f]">CAN1_SCE_IRQHandler</a> from startup_stm32f10x_hd.o(.text) referenced from startup_stm32f10x_hd.o(RESET)
 <LI><a href="#[5b]">CPU_Task</a> from main.o(.text) referenced from main.o(.text)
 <LI><a href="#[24]">DMA1_Channel1_IRQHandler</a> from startup_stm32f10x_hd.o(.text) referenced from startup_stm32f10x_hd.o(RESET)
 <LI><a href="#[25]">DMA1_Channel2_IRQHandler</a> from startup_stm32f10x_hd.o(.text) referenced from startup_stm32f10x_hd.o(RESET)
 <LI><a href="#[26]">DMA1_Channel3_IRQHandler</a> from startup_stm32f10x_hd.o(.text) referenced from startup_stm32f10x_hd.o(RESET)
 <LI><a href="#[27]">DMA1_Channel4_IRQHandler</a> from startup_stm32f10x_hd.o(.text) referenced from startup_stm32f10x_hd.o(RESET)
 <LI><a href="#[28]">DMA1_Channel5_IRQHandler</a> from startup_stm32f10x_hd.o(.text) referenced from startup_stm32f10x_hd.o(RESET)
 <LI><a href="#[29]">DMA1_Channel6_IRQHandler</a> from startup_stm32f10x_hd.o(.text) referenced from startup_stm32f10x_hd.o(RESET)
 <LI><a href="#[2a]">DMA1_Channel7_IRQHandler</a> from startup_stm32f10x_hd.o(.text) referenced from startup_stm32f10x_hd.o(RESET)
 <LI><a href="#[51]">DMA2_Channel1_IRQHandler</a> from startup_stm32f10x_hd.o(.text) referenced from startup_stm32f10x_hd.o(RESET)
 <LI><a href="#[52]">DMA2_Channel2_IRQHandler</a> from startup_stm32f10x_hd.o(.text) referenced from startup_stm32f10x_hd.o(RESET)
 <LI><a href="#[53]">DMA2_Channel3_IRQHandler</a> from startup_stm32f10x_hd.o(.text) referenced from startup_stm32f10x_hd.o(RESET)
 <LI><a href="#[54]">DMA2_Channel4_5_IRQHandler</a> from startup_stm32f10x_hd.o(.text) referenced from startup_stm32f10x_hd.o(RESET)
 <LI><a href="#[16]">DebugMon_Handler</a> from stm32f10x_it.o(.text) referenced from startup_stm32f10x_hd.o(RESET)
 <LI><a href="#[1f]">EXTI0_IRQHandler</a> from startup_stm32f10x_hd.o(.text) referenced from startup_stm32f10x_hd.o(RESET)
 <LI><a href="#[41]">EXTI15_10_IRQHandler</a> from startup_stm32f10x_hd.o(.text) referenced from startup_stm32f10x_hd.o(RESET)
 <LI><a href="#[20]">EXTI1_IRQHandler</a> from startup_stm32f10x_hd.o(.text) referenced from startup_stm32f10x_hd.o(RESET)
 <LI><a href="#[21]">EXTI2_IRQHandler</a> from startup_stm32f10x_hd.o(.text) referenced from startup_stm32f10x_hd.o(RESET)
 <LI><a href="#[22]">EXTI3_IRQHandler</a> from startup_stm32f10x_hd.o(.text) referenced from startup_stm32f10x_hd.o(RESET)
 <LI><a href="#[23]">EXTI4_IRQHandler</a> from startup_stm32f10x_hd.o(.text) referenced from startup_stm32f10x_hd.o(RESET)
 <LI><a href="#[30]">EXTI9_5_IRQHandler</a> from startup_stm32f10x_hd.o(.text) referenced from startup_stm32f10x_hd.o(RESET)
 <LI><a href="#[1d]">FLASH_IRQHandler</a> from startup_stm32f10x_hd.o(.text) referenced from startup_stm32f10x_hd.o(RESET)
 <LI><a href="#[49]">FSMC_IRQHandler</a> from startup_stm32f10x_hd.o(.text) referenced from startup_stm32f10x_hd.o(RESET)
 <LI><a href="#[64]">GUIDRV_FlexColor_SetFunc66709</a> from GUIDRV_FlexColor_Func66709.o(.text.GUIDRV_FlexColor_SetFunc66709) referenced from lcdconf_flexcolor_template.o(.text)
 <LI><a href="#[63]">GUIDRV_FlexColor_SetMode16bppC0B16</a> from GUIDRV_FlexColor_16bpp_C0B16.o(.text.GUIDRV_FlexColor_SetMode16bppC0B16) referenced from lcdconf_flexcolor_template.o(.text)
 <LI><a href="#[74]">GUIDRV_FlexColor__GetPixelIndexNoCache</a> from GUIDRV_FlexColor.o(.text.GUIDRV_FlexColor__GetPixelIndexNoCache) referenced from GUIDRV_FlexColor_16bpp_C0B16.o(.text.GUIDRV_FlexColor_SetMode16bppC0B16)
 <LI><a href="#[78]">GUIDRV_FlexColor__SetLog2Phys</a> from GUIDRV_FlexColor.o(.text.GUIDRV_FlexColor__SetLog2Phys) referenced from GUIDRV_FlexColor.o(.text.GUIDRV_FlexColor__InitOnce)
 <LI><a href="#[75]">GUIDRV_FlexColor__SetPixelIndexNoCache</a> from GUIDRV_FlexColor.o(.text.GUIDRV_FlexColor__SetPixelIndexNoCache) referenced from GUIDRV_FlexColor_16bpp_C0B16.o(.text.GUIDRV_FlexColor_SetMode16bppC0B16)
 <LI><a href="#[c6]">GUIMONO_DispChar</a> from GUI_CharM.o(.text.GUIMONO_DispChar) referenced 2 times from F6x8.o(.rodata)
 <LI><a href="#[c7]">GUIMONO_GetCharDistX</a> from GUI_CharM.o(.text.GUIMONO_GetCharDistX) referenced 2 times from F6x8.o(.rodata)
 <LI><a href="#[c8]">GUIMONO_GetFontInfo</a> from GUI_CharM.o(.text.GUIMONO_GetFontInfo) referenced 2 times from F6x8.o(.rodata)
 <LI><a href="#[c9]">GUIMONO_IsInFont</a> from GUI_CharM.o(.text.GUIMONO_IsInFont) referenced 2 times from F6x8.o(.rodata)
 <LI><a href="#[c2]">GUIPROP_DispChar</a> from GUI_CharP.o(.text.GUIPROP_DispChar) referenced 4 times from F08_ASCII.o(.rodata)
 <LI><a href="#[c3]">GUIPROP_GetCharDistX</a> from GUI_CharP.o(.text.GUIPROP_GetCharDistX) referenced 4 times from F08_ASCII.o(.rodata)
 <LI><a href="#[c4]">GUIPROP_GetFontInfo</a> from GUI_CharP.o(.text.GUIPROP_GetFontInfo) referenced 4 times from F08_ASCII.o(.rodata)
 <LI><a href="#[c5]">GUIPROP_IsInFont</a> from GUI_CharP.o(.text.GUIPROP_IsInFont) referenced 4 times from F08_ASCII.o(.rodata)
 <LI><a href="#[95]">GUI_MEMDEV_Paint1Static</a> from GUIDEV_StaticDevices.o(.text.GUI_MEMDEV_Paint1Static) referenced from WM.o(.text._Paint1)
 <LI><a href="#[92]">GUI_MEMDEV__WriteToActiveAlpha</a> from GUIDEV_WriteToActiveAlpha.o(.text.GUI_MEMDEV__WriteToActiveAlpha) referenced from GUIDEV_32.o(.text._GetDevFunc)
 <LI><a href="#[91]">GUI_MEMDEV__WriteToActiveOpaque</a> from GUIDEV_WriteToActiveOpaque.o(.text.GUI_MEMDEV__WriteToActiveOpaque) referenced from GUIDEV_16.o(.text._GetDevFunc)
 <LI><a href="#[7d]">GUI_TIMER_Exec</a> from GUI_Timer.o(.text.GUI_TIMER_Exec) referenced from GUI_Timer.o(.text.GUI_TIMER_Create)
 <LI><a href="#[5a]">GUI_Task</a> from main.o(.text) referenced from main.o(.text)
 <LI><a href="#[f1]">GUI_USAGE_BM_AddHLine</a> from GUIDEV_UsageBM.o(.text.GUI_USAGE_BM_AddHLine) referenced from GUIDEV_UsageBM.o(.rodata)
 <LI><a href="#[f0]">GUI_USAGE_BM_AddPixel</a> from GUIDEV_UsageBM.o(.text.GUI_USAGE_BM_AddPixel) referenced from GUIDEV_UsageBM.o(.rodata)
 <LI><a href="#[f2]">GUI_USAGE_BM_Clear</a> from GUIDEV_UsageBM.o(.text.GUI_USAGE_BM_Clear) referenced from GUIDEV_UsageBM.o(.rodata)
 <LI><a href="#[f4]">GUI_USAGE_BM_GetNextDirty</a> from GUIDEV_UsageBM.o(.text.GUI_USAGE_BM_GetNextDirty) referenced from GUIDEV_UsageBM.o(.rodata)
 <LI><a href="#[c]">GUI__MixColors</a> from GUI__Alpha.o(.text.GUI__MixColors) referenced 2 times from GUI__Alpha.o(.data)
 <LI><a href="#[d]">GUI__MixColorsBulk</a> from GUI__Alpha.o(.text.GUI__MixColorsBulk) referenced 2 times from GUI__Alpha.o(.data)
 <LI><a href="#[11]">HardFault_Handler</a> from stm32f10x_it.o(.text) referenced from startup_stm32f10x_hd.o(RESET)
 <LI><a href="#[39]">I2C1_ER_IRQHandler</a> from startup_stm32f10x_hd.o(.text) referenced from startup_stm32f10x_hd.o(RESET)
 <LI><a href="#[38]">I2C1_EV_IRQHandler</a> from startup_stm32f10x_hd.o(.text) referenced from startup_stm32f10x_hd.o(RESET)
 <LI><a href="#[3b]">I2C2_ER_IRQHandler</a> from startup_stm32f10x_hd.o(.text) referenced from startup_stm32f10x_hd.o(RESET)
 <LI><a href="#[3a]">I2C2_EV_IRQHandler</a> from startup_stm32f10x_hd.o(.text) referenced from startup_stm32f10x_hd.o(RESET)
 <LI><a href="#[59]">Key_Task</a> from main.o(.text) referenced from main.o(.text)
 <LI><a href="#[e]">LCD_AA_MixColors16</a> from LCD_AA.o(.text.LCD_AA_MixColors16) referenced 2 times from LCD_AA.o(.data)
 <LI><a href="#[7a]">LCD_DrawHLine</a> from LCD.o(.text.LCD_DrawHLine) referenced from GUI_Core.o(.rodata)
 <LI><a href="#[7a]">LCD_DrawHLine</a> from LCD.o(.text.LCD_DrawHLine) referenced from GUI_DrawGradient.o(.text.GUI_DrawGradientV)
 <LI><a href="#[a5]">LCD_DrawPixel</a> from LCD.o(.text.LCD_DrawPixel) referenced from GUI_Core.o(.rodata)
 <LI><a href="#[0]">LCD_GetpPalConvTableBM</a> from LCD_Color.o(.text.LCD_GetpPalConvTableBM) referenced 2 times from GUI_Core.o(.data)
 <LI><a href="#[a1]">LCD_Index2Color_565</a> from GUICC_565.o(.text.LCD_Index2Color_565) referenced from GUICC_565.o(.rodata)
 <LI><a href="#[81]">LCD_Index2Color_M888</a> from GUICC_M888_Index2Color.o(.text.LCD_Index2Color_M888) referenced from GUI__Alpha.o(.text.GUI__DoAlphaBlending)
 <LI><a href="#[80]">LCD_Index2Color_M8888I</a> from GUICC_M8888I_Index2Color.o(.text.LCD_Index2Color_M8888I) referenced from GUICC_M8888I.o(.rodata)
 <LI><a href="#[80]">LCD_Index2Color_M8888I</a> from GUICC_M8888I_Index2Color.o(.text.LCD_Index2Color_M8888I) referenced from GUI__Alpha.o(.text.GUI__DoAlphaBlending)
 <LI><a href="#[80]">LCD_Index2Color_M8888I</a> from GUICC_M8888I_Index2Color.o(.text.LCD_Index2Color_M8888I) referenced from GUIDEV_WriteToActiveAlpha.o(.text._WriteToActiveAlpha)
 <LI><a href="#[62]">LcdReadDataMultiple</a> from lcdconf_flexcolor_template.o(.text) referenced from lcdconf_flexcolor_template.o(.text)
 <LI><a href="#[60]">LcdWriteData</a> from lcdconf_flexcolor_template.o(.text) referenced from lcdconf_flexcolor_template.o(.text)
 <LI><a href="#[61]">LcdWriteDataMultiple</a> from lcdconf_flexcolor_template.o(.text) referenced from lcdconf_flexcolor_template.o(.text)
 <LI><a href="#[5f]">LcdWriteReg</a> from lcdconf_flexcolor_template.o(.text) referenced from lcdconf_flexcolor_template.o(.text)
 <LI><a href="#[12]">MemManage_Handler</a> from stm32f10x_it.o(.text) referenced from startup_stm32f10x_hd.o(RESET)
 <LI><a href="#[10]">NMI_Handler</a> from stm32f10x_it.o(.text) referenced from startup_stm32f10x_hd.o(RESET)
 <LI><a href="#[1a]">PVD_IRQHandler</a> from startup_stm32f10x_hd.o(.text) referenced from startup_stm32f10x_hd.o(RESET)
 <LI><a href="#[17]">PendSV_Handler</a> from port.o(.emb_text) referenced from startup_stm32f10x_hd.o(RESET)
 <LI><a href="#[1e]">RCC_IRQHandler</a> from startup_stm32f10x_hd.o(.text) referenced from startup_stm32f10x_hd.o(RESET)
 <LI><a href="#[42]">RTCAlarm_IRQHandler</a> from startup_stm32f10x_hd.o(.text) referenced from startup_stm32f10x_hd.o(RESET)
 <LI><a href="#[1c]">RTC_IRQHandler</a> from startup_stm32f10x_hd.o(.text) referenced from startup_stm32f10x_hd.o(RESET)
 <LI><a href="#[f]">Reset_Handler</a> from startup_stm32f10x_hd.o(.text) referenced from startup_stm32f10x_hd.o(RESET)
 <LI><a href="#[4a]">SDIO_IRQHandler</a> from startup_stm32f10x_hd.o(.text) referenced from startup_stm32f10x_hd.o(RESET)
 <LI><a href="#[3c]">SPI1_IRQHandler</a> from startup_stm32f10x_hd.o(.text) referenced from startup_stm32f10x_hd.o(RESET)
 <LI><a href="#[3d]">SPI2_IRQHandler</a> from startup_stm32f10x_hd.o(.text) referenced from startup_stm32f10x_hd.o(RESET)
 <LI><a href="#[4c]">SPI3_IRQHandler</a> from startup_stm32f10x_hd.o(.text) referenced from startup_stm32f10x_hd.o(RESET)
 <LI><a href="#[15]">SVC_Handler</a> from port.o(.emb_text) referenced from startup_stm32f10x_hd.o(RESET)
 <LI><a href="#[18]">SysTick_Handler</a> from stm32f10x_it.o(.text) referenced from startup_stm32f10x_hd.o(RESET)
 <LI><a href="#[56]">SystemInit</a> from system_stm32f10x.o(.text) referenced from startup_stm32f10x_hd.o(.text)
 <LI><a href="#[1b]">TAMPER_IRQHandler</a> from startup_stm32f10x_hd.o(.text) referenced from startup_stm32f10x_hd.o(RESET)
 <LI><a href="#[84]">TEXT_Callback</a> from TEXT.o(.text.TEXT_Callback) referenced from TEXT.o(.text.TEXT_CreateUser)
 <LI><a href="#[31]">TIM1_BRK_IRQHandler</a> from startup_stm32f10x_hd.o(.text) referenced from startup_stm32f10x_hd.o(RESET)
 <LI><a href="#[34]">TIM1_CC_IRQHandler</a> from startup_stm32f10x_hd.o(.text) referenced from startup_stm32f10x_hd.o(RESET)
 <LI><a href="#[33]">TIM1_TRG_COM_IRQHandler</a> from startup_stm32f10x_hd.o(.text) referenced from startup_stm32f10x_hd.o(RESET)
 <LI><a href="#[32]">TIM1_UP_IRQHandler</a> from startup_stm32f10x_hd.o(.text) referenced from startup_stm32f10x_hd.o(RESET)
 <LI><a href="#[35]">TIM2_IRQHandler</a> from startup_stm32f10x_hd.o(.text) referenced from startup_stm32f10x_hd.o(RESET)
 <LI><a href="#[36]">TIM3_IRQHandler</a> from startup_stm32f10x_hd.o(.text) referenced from startup_stm32f10x_hd.o(RESET)
 <LI><a href="#[37]">TIM4_IRQHandler</a> from startup_stm32f10x_hd.o(.text) referenced from startup_stm32f10x_hd.o(RESET)
 <LI><a href="#[4b]">TIM5_IRQHandler</a> from startup_stm32f10x_hd.o(.text) referenced from startup_stm32f10x_hd.o(RESET)
 <LI><a href="#[4f]">TIM6_IRQHandler</a> from stm32f10x_it.o(.text) referenced from startup_stm32f10x_hd.o(RESET)
 <LI><a href="#[50]">TIM7_IRQHandler</a> from startup_stm32f10x_hd.o(.text) referenced from startup_stm32f10x_hd.o(RESET)
 <LI><a href="#[44]">TIM8_BRK_IRQHandler</a> from startup_stm32f10x_hd.o(.text) referenced from startup_stm32f10x_hd.o(RESET)
 <LI><a href="#[47]">TIM8_CC_IRQHandler</a> from startup_stm32f10x_hd.o(.text) referenced from startup_stm32f10x_hd.o(RESET)
 <LI><a href="#[46]">TIM8_TRG_COM_IRQHandler</a> from startup_stm32f10x_hd.o(.text) referenced from startup_stm32f10x_hd.o(RESET)
 <LI><a href="#[45]">TIM8_UP_IRQHandler</a> from startup_stm32f10x_hd.o(.text) referenced from startup_stm32f10x_hd.o(RESET)
 <LI><a href="#[58]">Touch_Task</a> from main.o(.text) referenced from main.o(.text)
 <LI><a href="#[4d]">UART4_IRQHandler</a> from startup_stm32f10x_hd.o(.text) referenced from startup_stm32f10x_hd.o(RESET)
 <LI><a href="#[4e]">UART5_IRQHandler</a> from startup_stm32f10x_hd.o(.text) referenced from startup_stm32f10x_hd.o(RESET)
 <LI><a href="#[3e]">USART1_IRQHandler</a> from startup_stm32f10x_hd.o(.text) referenced from startup_stm32f10x_hd.o(RESET)
 <LI><a href="#[3f]">USART2_IRQHandler</a> from startup_stm32f10x_hd.o(.text) referenced from startup_stm32f10x_hd.o(RESET)
 <LI><a href="#[40]">USART3_IRQHandler</a> from startup_stm32f10x_hd.o(.text) referenced from startup_stm32f10x_hd.o(RESET)
 <LI><a href="#[43]">USBWakeUp_IRQHandler</a> from startup_stm32f10x_hd.o(.text) referenced from startup_stm32f10x_hd.o(RESET)
 <LI><a href="#[2c]">USB_HP_CAN1_TX_IRQHandler</a> from startup_stm32f10x_hd.o(.text) referenced from startup_stm32f10x_hd.o(RESET)
 <LI><a href="#[2d]">USB_LP_CAN1_RX0_IRQHandler</a> from startup_stm32f10x_hd.o(.text) referenced from startup_stm32f10x_hd.o(RESET)
 <LI><a href="#[14]">UsageFault_Handler</a> from stm32f10x_it.o(.text) referenced from startup_stm32f10x_hd.o(RESET)
 <LI><a href="#[7c]">WM_HandlePID</a> from WM_Touch.o(.text.WM_HandlePID) referenced from GUI_PID.o(.text.GUI_PID_StoreState)
 <LI><a href="#[94]">WM__Paint1</a> from WM.o(.text.WM__Paint1) referenced from WM.o(.text._Paint1)
 <LI><a href="#[19]">WWDG_IRQHandler</a> from startup_stm32f10x_hd.o(.text) referenced from startup_stm32f10x_hd.o(RESET)
 <LI><a href="#[cc]">_CalcSizeOfChar</a> from GUI_UC_EncodeNone.o(.text._CalcSizeOfChar) referenced from GUI_UC_EncodeNone.o(.rodata)
 <LI><a href="#[a3]">_Color2IndexBulk</a> from GUICC_565.o(.text._Color2IndexBulk) referenced from GUICC_565.o(.rodata)
 <LI><a href="#[df]">_Color2IndexBulk_M8888I</a> from GUICC_M8888I.o(.text._Color2IndexBulk_M8888I) referenced from GUICC_M8888I.o(.rodata)
 <LI><a href="#[e1]">_Color2Index_0</a> from GUICC_0.o(.text._Color2Index_0) referenced from GUICC_0.o(.rodata)
 <LI><a href="#[a0]">_Color2Index_565</a> from GUICC_565.o(.text._Color2Index_565) referenced from GUICC_565.o(.rodata)
 <LI><a href="#[dd]">_Color2Index_M8888I</a> from GUICC_M8888I.o(.text._Color2Index_M8888I) referenced from GUICC_M8888I.o(.rodata)
 <LI><a href="#[b]">_Create</a> from BUTTON_Skin.o(.text._Create) referenced 2 times from BUTTON_Skin.o(.data)
 <LI><a href="#[b6]">_DrawBitmap</a> from GUIDRV_FlexColor.o(.text._DrawBitmap) referenced 3 times from GUIDRV_FlexColor.o(.rodata)
 <LI><a href="#[72]">_DrawBitmap</a> from GUIDRV_FlexColor_16bpp_C0B16.o(.text._DrawBitmap) referenced from GUIDRV_FlexColor_16bpp_C0B16.o(.text.GUIDRV_FlexColor_SetMode16bppC0B16)
 <LI><a href="#[f7]">_DrawDown</a> from WIDGET_Effect_Simple.o(.text._DrawDown) referenced from WIDGET_Effect_Simple.o(.rodata)
 <LI><a href="#[f8]">_DrawDownRect</a> from WIDGET_Effect_Simple.o(.text._DrawDownRect) referenced from WIDGET_Effect_Simple.o(.rodata)
 <LI><a href="#[b7]">_DrawHLine</a> from GUIDRV_FlexColor.o(.text._DrawHLine) referenced 3 times from GUIDRV_FlexColor.o(.rodata)
 <LI><a href="#[f5]">_DrawUp</a> from WIDGET_Effect_Simple.o(.text._DrawUp) referenced from WIDGET_Effect_Simple.o(.rodata)
 <LI><a href="#[f6]">_DrawUpRect</a> from WIDGET_Effect_Simple.o(.text._DrawUpRect) referenced from WIDGET_Effect_Simple.o(.rodata)
 <LI><a href="#[b8]">_DrawVLine</a> from GUIDRV_FlexColor.o(.text._DrawVLine) referenced 3 times from GUIDRV_FlexColor.o(.rodata)
 <LI><a href="#[cd]">_Encode</a> from GUI_UC_EncodeNone.o(.text._Encode) referenced from GUI_UC_EncodeNone.o(.rodata)
 <LI><a href="#[b9]">_FillRect</a> from GUIDRV_FlexColor.o(.text._FillRect) referenced 3 times from GUIDRV_FlexColor.o(.rodata)
 <LI><a href="#[73]">_FillRect</a> from GUIDRV_FlexColor_16bpp_C0B16.o(.text._FillRect) referenced from GUIDRV_FlexColor_16bpp_C0B16.o(.text.GUIDRV_FlexColor_SetMode16bppC0B16)
 <LI><a href="#[f3]">_GUI_USAGE_BM_Delete</a> from GUIDEV_UsageBM.o(.text._GUI_USAGE_BM_Delete) referenced from GUIDEV_UsageBM.o(.rodata)
 <LI><a href="#[ca]">_GetCharCode</a> from GUI_UC_EncodeNone.o(.text._GetCharCode) referenced from GUI_UC_EncodeNone.o(.rodata)
 <LI><a href="#[cb]">_GetCharSize</a> from GUI_UC_EncodeNone.o(.text._GetCharSize) referenced from GUI_UC_EncodeNone.o(.rodata)
 <LI><a href="#[9]">_GetCharWrap</a> from GUI__Wrap.o(.text._GetCharWrap) referenced 2 times from GUI__Wrap.o(.data)
 <LI><a href="#[c0]">_GetDevData</a> from GUIDRV_FlexColor.o(.text._GetDevData) referenced 3 times from GUIDRV_FlexColor.o(.rodata)
 <LI><a href="#[be]">_GetDevFunc</a> from GUIDRV_FlexColor.o(.text._GetDevFunc) referenced 3 times from GUIDRV_FlexColor.o(.rodata)
 <LI><a href="#[8d]">_GetDevFunc_Init</a> from GUIDRV_FlexColor.o(.text._GetDevFunc_Init) referenced from GUIDRV_FlexColor.o(.text._GetDevFunc)
 <LI><a href="#[8a]">_GetDevFunc_Off</a> from GUIDRV_FlexColor.o(.text._GetDevFunc_Off) referenced from GUIDRV_FlexColor.o(.text._GetDevFunc)
 <LI><a href="#[90]">_GetDevFunc_On</a> from GUIDRV_FlexColor.o(.text._GetDevFunc_On) referenced from GUIDRV_FlexColor.o(.text._GetDevFunc)
 <LI><a href="#[93]">_GetDevFunc_SetRect</a> from GUIDRV_FlexColor.o(.text._GetDevFunc_SetRect) referenced from GUIDRV_FlexColor.o(.text._GetDevFunc_SetRectOutside)
 <LI><a href="#[8f]">_GetDevFunc_SetRectOutside</a> from GUIDRV_FlexColor.o(.text._GetDevFunc_SetRectOutside) referenced from GUIDRV_FlexColor.o(.text._GetDevFunc)
 <LI><a href="#[8c]">_GetDevFunc_SetSize</a> from GUIDRV_FlexColor.o(.text._GetDevFunc_SetSize) referenced from GUIDRV_FlexColor.o(.text._GetDevFunc)
 <LI><a href="#[8b]">_GetDevFunc_SetVSize</a> from GUIDRV_FlexColor.o(.text._GetDevFunc_SetVSize) referenced from GUIDRV_FlexColor.o(.text._GetDevFunc)
 <LI><a href="#[bf]">_GetDevProp</a> from GUIDRV_FlexColor.o(.text._GetDevProp) referenced 3 times from GUIDRV_FlexColor.o(.rodata)
 <LI><a href="#[e3]">_GetIndexMask_0</a> from GUICC_0.o(.text._GetIndexMask_0) referenced from GUICC_0.o(.rodata)
 <LI><a href="#[a2]">_GetIndexMask_565</a> from GUICC_565.o(.text._GetIndexMask_565) referenced from GUICC_565.o(.rodata)
 <LI><a href="#[de]">_GetIndexMask_M8888I</a> from GUICC_M8888I.o(.text._GetIndexMask_M8888I) referenced from GUICC_M8888I.o(.rodata)
 <LI><a href="#[ba]">_GetPixelIndex</a> from GUIDRV_FlexColor.o(.text._GetPixelIndex) referenced 3 times from GUIDRV_FlexColor.o(.rodata)
 <LI><a href="#[c1]">_GetRect</a> from GUIDRV_FlexColor.o(.text._GetRect) referenced 3 times from GUIDRV_FlexColor.o(.rodata)
 <LI><a href="#[8]">_GetWordWrap</a> from GUI__Wrap.o(.text._GetWordWrap) referenced 2 times from GUI__Wrap.o(.data)
 <LI><a href="#[a4]">_Index2ColorBulk</a> from GUICC_565.o(.text._Index2ColorBulk) referenced from GUICC_565.o(.rodata)
 <LI><a href="#[e0]">_Index2ColorBulk_M8888I</a> from GUICC_M8888I.o(.text._Index2ColorBulk_M8888I) referenced from GUICC_M8888I.o(.rodata)
 <LI><a href="#[e2]">_Index2Color_0</a> from GUICC_0.o(.text._Index2Color_0) referenced from GUICC_0.o(.rodata)
 <LI><a href="#[a6]">_Log2PhysX_X0Y0S0</a> from GUIDRV_FlexColor.o(.text._Log2PhysX_X0Y0S0) referenced from GUIDRV_FlexColor.o(.rodata)
 <LI><a href="#[aa]">_Log2PhysX_X0Y0S1</a> from GUIDRV_FlexColor.o(.text._Log2PhysX_X0Y0S1) referenced from GUIDRV_FlexColor.o(.rodata)
 <LI><a href="#[a8]">_Log2PhysX_X0Y1S0</a> from GUIDRV_FlexColor.o(.text._Log2PhysX_X0Y1S0) referenced from GUIDRV_FlexColor.o(.rodata)
 <LI><a href="#[ac]">_Log2PhysX_X0Y1S1</a> from GUIDRV_FlexColor.o(.text._Log2PhysX_X0Y1S1) referenced from GUIDRV_FlexColor.o(.rodata)
 <LI><a href="#[a7]">_Log2PhysX_X1Y0S0</a> from GUIDRV_FlexColor.o(.text._Log2PhysX_X1Y0S0) referenced from GUIDRV_FlexColor.o(.rodata)
 <LI><a href="#[ab]">_Log2PhysX_X1Y0S1</a> from GUIDRV_FlexColor.o(.text._Log2PhysX_X1Y0S1) referenced from GUIDRV_FlexColor.o(.rodata)
 <LI><a href="#[a9]">_Log2PhysX_X1Y1S0</a> from GUIDRV_FlexColor.o(.text._Log2PhysX_X1Y1S0) referenced from GUIDRV_FlexColor.o(.rodata)
 <LI><a href="#[ad]">_Log2PhysX_X1Y1S1</a> from GUIDRV_FlexColor.o(.text._Log2PhysX_X1Y1S1) referenced from GUIDRV_FlexColor.o(.rodata)
 <LI><a href="#[ae]">_Log2PhysY_X0Y0S0</a> from GUIDRV_FlexColor.o(.text._Log2PhysY_X0Y0S0) referenced from GUIDRV_FlexColor.o(.rodata)
 <LI><a href="#[b2]">_Log2PhysY_X0Y0S1</a> from GUIDRV_FlexColor.o(.text._Log2PhysY_X0Y0S1) referenced from GUIDRV_FlexColor.o(.rodata)
 <LI><a href="#[b0]">_Log2PhysY_X0Y1S0</a> from GUIDRV_FlexColor.o(.text._Log2PhysY_X0Y1S0) referenced from GUIDRV_FlexColor.o(.rodata)
 <LI><a href="#[b4]">_Log2PhysY_X0Y1S1</a> from GUIDRV_FlexColor.o(.text._Log2PhysY_X0Y1S1) referenced from GUIDRV_FlexColor.o(.rodata)
 <LI><a href="#[af]">_Log2PhysY_X1Y0S0</a> from GUIDRV_FlexColor.o(.text._Log2PhysY_X1Y0S0) referenced from GUIDRV_FlexColor.o(.rodata)
 <LI><a href="#[b3]">_Log2PhysY_X1Y0S1</a> from GUIDRV_FlexColor.o(.text._Log2PhysY_X1Y0S1) referenced from GUIDRV_FlexColor.o(.rodata)
 <LI><a href="#[b1]">_Log2PhysY_X1Y1S0</a> from GUIDRV_FlexColor.o(.text._Log2PhysY_X1Y1S0) referenced from GUIDRV_FlexColor.o(.rodata)
 <LI><a href="#[b5]">_Log2PhysY_X1Y1S1</a> from GUIDRV_FlexColor.o(.text._Log2PhysY_X1Y1S1) referenced from GUIDRV_FlexColor.o(.rodata)
 <LI><a href="#[5]">_Log2VisBuffered</a> from GUI_CharLine.o(.text._Log2VisBuffered) referenced 2 times from GUI_CharLine.o(.data)
 <LI><a href="#[79]">_OnExit</a> from GUI_Task.o(.text._OnExit) referenced from GUI_Task.o(.text.GUITASK_Init)
 <LI><a href="#[7b]">_OnExit</a> from GUI_PID.o(.text._OnExit) referenced from GUI_PID.o(.text.GUI_PID_StoreState)
 <LI><a href="#[7e]">_OnExit</a> from GUI_Timer.o(.text._OnExit) referenced from GUI_Timer.o(.text.GUI_TIMER_Create)
 <LI><a href="#[7f]">_OnExit</a> from GUI_Core.o(.text._OnExit) referenced from GUI_Core.o(.text.GUI__Config)
 <LI><a href="#[82]">_OnExit</a> from GUI__Alpha.o(.text._OnExit) referenced from GUI__Alpha.o(.text.GUI__GetAlphaBuffer)
 <LI><a href="#[83]">_OnExit</a> from LCD_Color.o(.text._OnExit) referenced from LCD_Color.o(.text.LCD_InitColors)
 <LI><a href="#[88]">_OnExit</a> from WM.o(.text._OnExit) referenced from WM.o(.text.WM_Init)
 <LI><a href="#[3]">_OnTouchDefault</a> from BUTTON.o(.text._OnTouchDefault) referenced 2 times from BUTTON.o(.data)
 <LI><a href="#[a]">_Paint</a> from BUTTON_Skin.o(.text._Paint) referenced 2 times from BUTTON_Skin.o(.data)
 <LI><a href="#[76]">_ReadData</a> from GUIDRV_FlexColor_16bpp_C0B16.o(.text._ReadData) referenced from GUIDRV_FlexColor_16bpp_C0B16.o(.text.GUIDRV_FlexColor_SetMode16bppC0B16)
 <LI><a href="#[96]">_ReadPixelCust_16bpp</a> from GUIDRV_FlexColor.o(.text._ReadPixelCust_16bpp) referenced from GUIDRV_FlexColor.o(.text._SetDevFunc)
 <LI><a href="#[97]">_ReadPixelCust_18bpp</a> from GUIDRV_FlexColor.o(.text._ReadPixelCust_18bpp) referenced from GUIDRV_FlexColor.o(.text._SetDevFunc)
 <LI><a href="#[1]">_ReadPixel_16bpp_B16_I</a> from GUIDRV_FlexColor_Func66709.o(.text._ReadPixel_16bpp_B16_I) referenced 2 times from GUIDRV_FlexColor_Func66709.o(.data)
 <LI><a href="#[6f]">_ReadPixel_16bpp_B8</a> from GUIDRV_FlexColor_Func66709.o(.text._ReadPixel_16bpp_B8) referenced from GUIDRV_FlexColor_Func66709.o(.text.GUIDRV_FlexColor_SetFunc66709)
 <LI><a href="#[98]">_ReadRectCust_16bpp</a> from GUIDRV_FlexColor.o(.text._ReadRectCust_16bpp) referenced from GUIDRV_FlexColor.o(.text._SetDevFunc)
 <LI><a href="#[99]">_ReadRectCust_18bpp</a> from GUIDRV_FlexColor.o(.text._ReadRectCust_18bpp) referenced from GUIDRV_FlexColor.o(.text._SetDevFunc)
 <LI><a href="#[2]">_ReadRect_16bpp_B16_I</a> from GUIDRV_FlexColor_Func66709.o(.text._ReadRect_16bpp_B16_I) referenced 2 times from GUIDRV_FlexColor_Func66709.o(.data)
 <LI><a href="#[70]">_ReadRect_16bpp_B8</a> from GUIDRV_FlexColor_Func66709.o(.text._ReadRect_16bpp_B8) referenced from GUIDRV_FlexColor_Func66709.o(.text.GUIDRV_FlexColor_SetFunc66709)
 <LI><a href="#[cf]">_SetBkColor</a> from LCD.o(.text._SetBkColor) referenced from LCD.o(.rodata)
 <LI><a href="#[ce]">_SetColor</a> from LCD.o(.text._SetColor) referenced from LCD.o(.rodata)
 <LI><a href="#[8e]">_SetDevFunc</a> from GUIDRV_FlexColor.o(.text._SetDevFunc) referenced from GUIDRV_FlexColor.o(.text._GetDevFunc)
 <LI><a href="#[d0]">_SetDrawMode</a> from LCD.o(.text._SetDrawMode) referenced from LCD.o(.rodata)
 <LI><a href="#[71]">_SetInterface</a> from GUIDRV_FlexColor_Func66709.o(.text._SetInterface) referenced from GUIDRV_FlexColor_Func66709.o(.text.GUIDRV_FlexColor_SetFunc66709)
 <LI><a href="#[bd]">_SetOrg</a> from GUIDRV_FlexColor.o(.text._SetOrg) referenced 3 times from GUIDRV_FlexColor.o(.rodata)
 <LI><a href="#[6e]">_SetOrientation</a> from GUIDRV_FlexColor_Func66709.o(.text._SetOrientation) referenced from GUIDRV_FlexColor_Func66709.o(.text.GUIDRV_FlexColor_SetFunc66709)
 <LI><a href="#[6c]">_SetPhysRAMAddr</a> from GUIDRV_FlexColor_Func66709.o(.text._SetPhysRAMAddr) referenced from GUIDRV_FlexColor_Func66709.o(.text.GUIDRV_FlexColor_SetFunc66709)
 <LI><a href="#[bb]">_SetPixelIndex</a> from GUIDRV_FlexColor.o(.text._SetPixelIndex) referenced 3 times from GUIDRV_FlexColor.o(.rodata)
 <LI><a href="#[6d]">_SetRect</a> from GUIDRV_FlexColor_Func66709.o(.text._SetRect) referenced from GUIDRV_FlexColor_Func66709.o(.text.GUIDRV_FlexColor_SetFunc66709)
 <LI><a href="#[9c]">_SetReg_B16</a> from GUIDRV_FlexColor_Func66709.o(.text._SetReg_B16) referenced from GUIDRV_FlexColor_Func66709.o(.text._SetInterface)
 <LI><a href="#[9a]">_SetReg_B8</a> from GUIDRV_FlexColor_Func66709.o(.text._SetReg_B8) referenced from GUIDRV_FlexColor_Func66709.o(.text._SetInterface)
 <LI><a href="#[77]">_WriteData</a> from GUIDRV_FlexColor_16bpp_C0B16.o(.text._WriteData) referenced from GUIDRV_FlexColor_16bpp_C0B16.o(.text.GUIDRV_FlexColor_SetMode16bppC0B16)
 <LI><a href="#[9d]">_WritePara_B16</a> from GUIDRV_FlexColor_Func66709.o(.text._WritePara_B16) referenced from GUIDRV_FlexColor_Func66709.o(.text._SetInterface)
 <LI><a href="#[9b]">_WritePara_B8</a> from GUIDRV_FlexColor_Func66709.o(.text._WritePara_B8) referenced from GUIDRV_FlexColor_Func66709.o(.text._SetInterface)
 <LI><a href="#[bc]">_XorPixel</a> from GUIDRV_FlexColor.o(.text._XorPixel) referenced 3 times from GUIDRV_FlexColor.o(.rodata)
 <LI><a href="#[57]">__main</a> from entry.o(.ARM.Collect$$$$00000000) referenced from startup_stm32f10x_hd.o(.text)
 <LI><a href="#[87]">_cbBackWin</a> from WM.o(.text._cbBackWin) referenced from WM.o(.text.WM_Init)
 <LI><a href="#[6a]">_cbBkWindow</a> from maintask.o(.text) referenced from maintask.o(.text)
 <LI><a href="#[66]">_cbBottomText</a> from maintask.o(.text) referenced from maintask.o(.text)
 <LI><a href="#[69]">_cbDACWin</a> from maintask.o(.text) referenced from maintask.o(.text)
 <LI><a href="#[68]">_cbGraphPreWin</a> from maintask.o(.text) referenced from maintask.o(.text)
 <LI><a href="#[85]">_cbInvalidateOne</a> from WM_BringToTop.o(.text._cbInvalidateOne) referenced from WM_BringToTop.o(.text.WM_BringToTop)
 <LI><a href="#[89]">_cbPaintMemDev</a> from WM.o(.text._cbPaintMemDev) referenced from WM.o(.text.WM__Paint)
 <LI><a href="#[65]">_cbRightText</a> from maintask.o(.text) referenced from maintask.o(.text)
 <LI><a href="#[86]">_cbTimer</a> from WM_Timer.o(.text._cbTimer) referenced from WM_Timer.o(.text.WM_CreateTimer)
 <LI><a href="#[67]">_cbUpText</a> from maintask.o(.text) referenced from maintask.o(.text)
 <LI><a href="#[9f]">_sputc</a> from printfa.o(i._sputc) referenced from printfa.o(i.__0sprintf)
 <LI><a href="#[9e]">fputc</a> from bsp_usart.o(.text) referenced from printfa.o(i.__0printf)
 <LI><a href="#[55]">main</a> from main.o(.text) referenced from entry9a.o(.ARM.Collect$$$$0000000B)
 <LI><a href="#[6]">memcpy</a> from memmove.o(.text) referenced 2 times from GUI__Private.o(.data)
 <LI><a href="#[7]">memset</a> from memseta.o(.text) referenced 2 times from GUI__Private.o(.data)
 <LI><a href="#[5d]">prvIdleTask</a> from tasks.o(.text) referenced from tasks.o(.text)
 <LI><a href="#[5e]">prvTaskExitError</a> from port.o(.text) referenced from port.o(.text)
</UL>
<P>
<H3>
Global Symbols
</H3>
<P><STRONG><a name="[57]"></a>__main</STRONG> (Thumb, 0 bytes, Stack size unknown bytes, entry.o(.ARM.Collect$$$$00000000))
<BR>[Address Reference Count : 1]<UL><LI> startup_stm32f10x_hd.o(.text)
</UL>
<P><STRONG><a name="[396]"></a>_main_stk</STRONG> (Thumb, 0 bytes, Stack size unknown bytes, entry2.o(.ARM.Collect$$$$00000001))

<P><STRONG><a name="[f9]"></a>_main_scatterload</STRONG> (Thumb, 0 bytes, Stack size unknown bytes, entry5.o(.ARM.Collect$$$$00000004))
<BR><BR>[Calls]<UL><LI><a href="#[fa]">&gt;&gt;</a>&nbsp;&nbsp;&nbsp;__scatterload
</UL>

<P><STRONG><a name="[238]"></a>__main_after_scatterload</STRONG> (Thumb, 0 bytes, Stack size unknown bytes, entry5.o(.ARM.Collect$$$$00000004))
<BR><BR>[Called By]<UL><LI><a href="#[fa]">&gt;&gt;</a>&nbsp;&nbsp;&nbsp;__scatterload
</UL>

<P><STRONG><a name="[397]"></a>_main_clock</STRONG> (Thumb, 0 bytes, Stack size unknown bytes, entry7b.o(.ARM.Collect$$$$00000008))

<P><STRONG><a name="[398]"></a>_main_cpp_init</STRONG> (Thumb, 0 bytes, Stack size unknown bytes, entry8b.o(.ARM.Collect$$$$0000000A))

<P><STRONG><a name="[399]"></a>_main_init</STRONG> (Thumb, 0 bytes, Stack size unknown bytes, entry9a.o(.ARM.Collect$$$$0000000B))

<P><STRONG><a name="[39a]"></a>__rt_lib_shutdown_fini</STRONG> (Thumb, 0 bytes, Stack size unknown bytes, entry12b.o(.ARM.Collect$$$$0000000E))

<P><STRONG><a name="[39b]"></a>__rt_final_cpp</STRONG> (Thumb, 0 bytes, Stack size unknown bytes, entry10a.o(.ARM.Collect$$$$0000000F))

<P><STRONG><a name="[39c]"></a>__rt_final_exit</STRONG> (Thumb, 0 bytes, Stack size unknown bytes, entry11a.o(.ARM.Collect$$$$00000011))

<P><STRONG><a name="[15]"></a>SVC_Handler</STRONG> (Thumb, 32 bytes, Stack size 0 bytes, port.o(.emb_text))
<BR>[Address Reference Count : 1]<UL><LI> startup_stm32f10x_hd.o(RESET)
</UL>
<P><STRONG><a name="[1cd]"></a>__asm___6_port_c_39a90d8d__prvStartFirstTask</STRONG> (Thumb, 28 bytes, Stack size 0 bytes, port.o(.emb_text))
<BR><BR>[Called By]<UL><LI><a href="#[1b5]">&gt;&gt;</a>&nbsp;&nbsp;&nbsp;xPortStartScheduler
</UL>

<P><STRONG><a name="[17]"></a>PendSV_Handler</STRONG> (Thumb, 72 bytes, Stack size 0 bytes, port.o(.emb_text))
<BR><BR>[Stack]<UL><LI>Max Depth = 40<LI>Call Chain = PendSV_Handler &rArr; vTaskSwitchContext &rArr; __2printf
</UL>
<BR>[Calls]<UL><LI><a href="#[fb]">&gt;&gt;</a>&nbsp;&nbsp;&nbsp;vTaskSwitchContext
</UL>
<BR>[Address Reference Count : 1]<UL><LI> startup_stm32f10x_hd.o(RESET)
</UL>
<P><STRONG><a name="[1ce]"></a>vPortGetIPSR</STRONG> (Thumb, 6 bytes, Stack size 0 bytes, port.o(.emb_text), UNUSED)
<BR><BR>[Called By]<UL><LI><a href="#[18d]">&gt;&gt;</a>&nbsp;&nbsp;&nbsp;vPortValidateInterruptPriority
</UL>

<P><STRONG><a name="[f]"></a>Reset_Handler</STRONG> (Thumb, 8 bytes, Stack size 0 bytes, startup_stm32f10x_hd.o(.text))
<BR>[Address Reference Count : 1]<UL><LI> startup_stm32f10x_hd.o(RESET)
</UL>
<P><STRONG><a name="[2b]"></a>ADC1_2_IRQHandler</STRONG> (Thumb, 0 bytes, Stack size 0 bytes, startup_stm32f10x_hd.o(.text))
<BR><BR>[Calls]<UL><LI><a href="#[2b]">&gt;&gt;</a>&nbsp;&nbsp;&nbsp;ADC1_2_IRQHandler
</UL>
<BR>[Called By]<UL><LI><a href="#[2b]">&gt;&gt;</a>&nbsp;&nbsp;&nbsp;ADC1_2_IRQHandler
</UL>
<BR>[Address Reference Count : 1]<UL><LI> startup_stm32f10x_hd.o(RESET)
</UL>
<P><STRONG><a name="[48]"></a>ADC3_IRQHandler</STRONG> (Thumb, 0 bytes, Stack size 0 bytes, startup_stm32f10x_hd.o(.text))
<BR>[Address Reference Count : 1]<UL><LI> startup_stm32f10x_hd.o(RESET)
</UL>
<P><STRONG><a name="[2e]"></a>CAN1_RX1_IRQHandler</STRONG> (Thumb, 0 bytes, Stack size 0 bytes, startup_stm32f10x_hd.o(.text))
<BR>[Address Reference Count : 1]<UL><LI> startup_stm32f10x_hd.o(RESET)
</UL>
<P><STRONG><a name="[2f]"></a>CAN1_SCE_IRQHandler</STRONG> (Thumb, 0 bytes, Stack size 0 bytes, startup_stm32f10x_hd.o(.text))
<BR>[Address Reference Count : 1]<UL><LI> startup_stm32f10x_hd.o(RESET)
</UL>
<P><STRONG><a name="[24]"></a>DMA1_Channel1_IRQHandler</STRONG> (Thumb, 0 bytes, Stack size 0 bytes, startup_stm32f10x_hd.o(.text))
<BR>[Address Reference Count : 1]<UL><LI> startup_stm32f10x_hd.o(RESET)
</UL>
<P><STRONG><a name="[25]"></a>DMA1_Channel2_IRQHandler</STRONG> (Thumb, 0 bytes, Stack size 0 bytes, startup_stm32f10x_hd.o(.text))
<BR>[Address Reference Count : 1]<UL><LI> startup_stm32f10x_hd.o(RESET)
</UL>
<P><STRONG><a name="[26]"></a>DMA1_Channel3_IRQHandler</STRONG> (Thumb, 0 bytes, Stack size 0 bytes, startup_stm32f10x_hd.o(.text))
<BR>[Address Reference Count : 1]<UL><LI> startup_stm32f10x_hd.o(RESET)
</UL>
<P><STRONG><a name="[27]"></a>DMA1_Channel4_IRQHandler</STRONG> (Thumb, 0 bytes, Stack size 0 bytes, startup_stm32f10x_hd.o(.text))
<BR>[Address Reference Count : 1]<UL><LI> startup_stm32f10x_hd.o(RESET)
</UL>
<P><STRONG><a name="[28]"></a>DMA1_Channel5_IRQHandler</STRONG> (Thumb, 0 bytes, Stack size 0 bytes, startup_stm32f10x_hd.o(.text))
<BR>[Address Reference Count : 1]<UL><LI> startup_stm32f10x_hd.o(RESET)
</UL>
<P><STRONG><a name="[29]"></a>DMA1_Channel6_IRQHandler</STRONG> (Thumb, 0 bytes, Stack size 0 bytes, startup_stm32f10x_hd.o(.text))
<BR>[Address Reference Count : 1]<UL><LI> startup_stm32f10x_hd.o(RESET)
</UL>
<P><STRONG><a name="[2a]"></a>DMA1_Channel7_IRQHandler</STRONG> (Thumb, 0 bytes, Stack size 0 bytes, startup_stm32f10x_hd.o(.text))
<BR>[Address Reference Count : 1]<UL><LI> startup_stm32f10x_hd.o(RESET)
</UL>
<P><STRONG><a name="[51]"></a>DMA2_Channel1_IRQHandler</STRONG> (Thumb, 0 bytes, Stack size 0 bytes, startup_stm32f10x_hd.o(.text))
<BR>[Address Reference Count : 1]<UL><LI> startup_stm32f10x_hd.o(RESET)
</UL>
<P><STRONG><a name="[52]"></a>DMA2_Channel2_IRQHandler</STRONG> (Thumb, 0 bytes, Stack size 0 bytes, startup_stm32f10x_hd.o(.text))
<BR>[Address Reference Count : 1]<UL><LI> startup_stm32f10x_hd.o(RESET)
</UL>
<P><STRONG><a name="[53]"></a>DMA2_Channel3_IRQHandler</STRONG> (Thumb, 0 bytes, Stack size 0 bytes, startup_stm32f10x_hd.o(.text))
<BR>[Address Reference Count : 1]<UL><LI> startup_stm32f10x_hd.o(RESET)
</UL>
<P><STRONG><a name="[54]"></a>DMA2_Channel4_5_IRQHandler</STRONG> (Thumb, 0 bytes, Stack size 0 bytes, startup_stm32f10x_hd.o(.text))
<BR>[Address Reference Count : 1]<UL><LI> startup_stm32f10x_hd.o(RESET)
</UL>
<P><STRONG><a name="[1f]"></a>EXTI0_IRQHandler</STRONG> (Thumb, 0 bytes, Stack size 0 bytes, startup_stm32f10x_hd.o(.text))
<BR>[Address Reference Count : 1]<UL><LI> startup_stm32f10x_hd.o(RESET)
</UL>
<P><STRONG><a name="[41]"></a>EXTI15_10_IRQHandler</STRONG> (Thumb, 0 bytes, Stack size 0 bytes, startup_stm32f10x_hd.o(.text))
<BR>[Address Reference Count : 1]<UL><LI> startup_stm32f10x_hd.o(RESET)
</UL>
<P><STRONG><a name="[20]"></a>EXTI1_IRQHandler</STRONG> (Thumb, 0 bytes, Stack size 0 bytes, startup_stm32f10x_hd.o(.text))
<BR>[Address Reference Count : 1]<UL><LI> startup_stm32f10x_hd.o(RESET)
</UL>
<P><STRONG><a name="[21]"></a>EXTI2_IRQHandler</STRONG> (Thumb, 0 bytes, Stack size 0 bytes, startup_stm32f10x_hd.o(.text))
<BR>[Address Reference Count : 1]<UL><LI> startup_stm32f10x_hd.o(RESET)
</UL>
<P><STRONG><a name="[22]"></a>EXTI3_IRQHandler</STRONG> (Thumb, 0 bytes, Stack size 0 bytes, startup_stm32f10x_hd.o(.text))
<BR>[Address Reference Count : 1]<UL><LI> startup_stm32f10x_hd.o(RESET)
</UL>
<P><STRONG><a name="[23]"></a>EXTI4_IRQHandler</STRONG> (Thumb, 0 bytes, Stack size 0 bytes, startup_stm32f10x_hd.o(.text))
<BR>[Address Reference Count : 1]<UL><LI> startup_stm32f10x_hd.o(RESET)
</UL>
<P><STRONG><a name="[30]"></a>EXTI9_5_IRQHandler</STRONG> (Thumb, 0 bytes, Stack size 0 bytes, startup_stm32f10x_hd.o(.text))
<BR>[Address Reference Count : 1]<UL><LI> startup_stm32f10x_hd.o(RESET)
</UL>
<P><STRONG><a name="[1d]"></a>FLASH_IRQHandler</STRONG> (Thumb, 0 bytes, Stack size 0 bytes, startup_stm32f10x_hd.o(.text))
<BR>[Address Reference Count : 1]<UL><LI> startup_stm32f10x_hd.o(RESET)
</UL>
<P><STRONG><a name="[49]"></a>FSMC_IRQHandler</STRONG> (Thumb, 0 bytes, Stack size 0 bytes, startup_stm32f10x_hd.o(.text))
<BR>[Address Reference Count : 1]<UL><LI> startup_stm32f10x_hd.o(RESET)
</UL>
<P><STRONG><a name="[39]"></a>I2C1_ER_IRQHandler</STRONG> (Thumb, 0 bytes, Stack size 0 bytes, startup_stm32f10x_hd.o(.text))
<BR>[Address Reference Count : 1]<UL><LI> startup_stm32f10x_hd.o(RESET)
</UL>
<P><STRONG><a name="[38]"></a>I2C1_EV_IRQHandler</STRONG> (Thumb, 0 bytes, Stack size 0 bytes, startup_stm32f10x_hd.o(.text))
<BR>[Address Reference Count : 1]<UL><LI> startup_stm32f10x_hd.o(RESET)
</UL>
<P><STRONG><a name="[3b]"></a>I2C2_ER_IRQHandler</STRONG> (Thumb, 0 bytes, Stack size 0 bytes, startup_stm32f10x_hd.o(.text))
<BR>[Address Reference Count : 1]<UL><LI> startup_stm32f10x_hd.o(RESET)
</UL>
<P><STRONG><a name="[3a]"></a>I2C2_EV_IRQHandler</STRONG> (Thumb, 0 bytes, Stack size 0 bytes, startup_stm32f10x_hd.o(.text))
<BR>[Address Reference Count : 1]<UL><LI> startup_stm32f10x_hd.o(RESET)
</UL>
<P><STRONG><a name="[1a]"></a>PVD_IRQHandler</STRONG> (Thumb, 0 bytes, Stack size 0 bytes, startup_stm32f10x_hd.o(.text))
<BR>[Address Reference Count : 1]<UL><LI> startup_stm32f10x_hd.o(RESET)
</UL>
<P><STRONG><a name="[1e]"></a>RCC_IRQHandler</STRONG> (Thumb, 0 bytes, Stack size 0 bytes, startup_stm32f10x_hd.o(.text))
<BR>[Address Reference Count : 1]<UL><LI> startup_stm32f10x_hd.o(RESET)
</UL>
<P><STRONG><a name="[42]"></a>RTCAlarm_IRQHandler</STRONG> (Thumb, 0 bytes, Stack size 0 bytes, startup_stm32f10x_hd.o(.text))
<BR>[Address Reference Count : 1]<UL><LI> startup_stm32f10x_hd.o(RESET)
</UL>
<P><STRONG><a name="[1c]"></a>RTC_IRQHandler</STRONG> (Thumb, 0 bytes, Stack size 0 bytes, startup_stm32f10x_hd.o(.text))
<BR>[Address Reference Count : 1]<UL><LI> startup_stm32f10x_hd.o(RESET)
</UL>
<P><STRONG><a name="[4a]"></a>SDIO_IRQHandler</STRONG> (Thumb, 0 bytes, Stack size 0 bytes, startup_stm32f10x_hd.o(.text))
<BR>[Address Reference Count : 1]<UL><LI> startup_stm32f10x_hd.o(RESET)
</UL>
<P><STRONG><a name="[3c]"></a>SPI1_IRQHandler</STRONG> (Thumb, 0 bytes, Stack size 0 bytes, startup_stm32f10x_hd.o(.text))
<BR>[Address Reference Count : 1]<UL><LI> startup_stm32f10x_hd.o(RESET)
</UL>
<P><STRONG><a name="[3d]"></a>SPI2_IRQHandler</STRONG> (Thumb, 0 bytes, Stack size 0 bytes, startup_stm32f10x_hd.o(.text))
<BR>[Address Reference Count : 1]<UL><LI> startup_stm32f10x_hd.o(RESET)
</UL>
<P><STRONG><a name="[4c]"></a>SPI3_IRQHandler</STRONG> (Thumb, 0 bytes, Stack size 0 bytes, startup_stm32f10x_hd.o(.text))
<BR>[Address Reference Count : 1]<UL><LI> startup_stm32f10x_hd.o(RESET)
</UL>
<P><STRONG><a name="[1b]"></a>TAMPER_IRQHandler</STRONG> (Thumb, 0 bytes, Stack size 0 bytes, startup_stm32f10x_hd.o(.text))
<BR>[Address Reference Count : 1]<UL><LI> startup_stm32f10x_hd.o(RESET)
</UL>
<P><STRONG><a name="[31]"></a>TIM1_BRK_IRQHandler</STRONG> (Thumb, 0 bytes, Stack size 0 bytes, startup_stm32f10x_hd.o(.text))
<BR>[Address Reference Count : 1]<UL><LI> startup_stm32f10x_hd.o(RESET)
</UL>
<P><STRONG><a name="[34]"></a>TIM1_CC_IRQHandler</STRONG> (Thumb, 0 bytes, Stack size 0 bytes, startup_stm32f10x_hd.o(.text))
<BR>[Address Reference Count : 1]<UL><LI> startup_stm32f10x_hd.o(RESET)
</UL>
<P><STRONG><a name="[33]"></a>TIM1_TRG_COM_IRQHandler</STRONG> (Thumb, 0 bytes, Stack size 0 bytes, startup_stm32f10x_hd.o(.text))
<BR>[Address Reference Count : 1]<UL><LI> startup_stm32f10x_hd.o(RESET)
</UL>
<P><STRONG><a name="[32]"></a>TIM1_UP_IRQHandler</STRONG> (Thumb, 0 bytes, Stack size 0 bytes, startup_stm32f10x_hd.o(.text))
<BR>[Address Reference Count : 1]<UL><LI> startup_stm32f10x_hd.o(RESET)
</UL>
<P><STRONG><a name="[35]"></a>TIM2_IRQHandler</STRONG> (Thumb, 0 bytes, Stack size 0 bytes, startup_stm32f10x_hd.o(.text))
<BR>[Address Reference Count : 1]<UL><LI> startup_stm32f10x_hd.o(RESET)
</UL>
<P><STRONG><a name="[36]"></a>TIM3_IRQHandler</STRONG> (Thumb, 0 bytes, Stack size 0 bytes, startup_stm32f10x_hd.o(.text))
<BR>[Address Reference Count : 1]<UL><LI> startup_stm32f10x_hd.o(RESET)
</UL>
<P><STRONG><a name="[37]"></a>TIM4_IRQHandler</STRONG> (Thumb, 0 bytes, Stack size 0 bytes, startup_stm32f10x_hd.o(.text))
<BR>[Address Reference Count : 1]<UL><LI> startup_stm32f10x_hd.o(RESET)
</UL>
<P><STRONG><a name="[4b]"></a>TIM5_IRQHandler</STRONG> (Thumb, 0 bytes, Stack size 0 bytes, startup_stm32f10x_hd.o(.text))
<BR>[Address Reference Count : 1]<UL><LI> startup_stm32f10x_hd.o(RESET)
</UL>
<P><STRONG><a name="[50]"></a>TIM7_IRQHandler</STRONG> (Thumb, 0 bytes, Stack size 0 bytes, startup_stm32f10x_hd.o(.text))
<BR>[Address Reference Count : 1]<UL><LI> startup_stm32f10x_hd.o(RESET)
</UL>
<P><STRONG><a name="[44]"></a>TIM8_BRK_IRQHandler</STRONG> (Thumb, 0 bytes, Stack size 0 bytes, startup_stm32f10x_hd.o(.text))
<BR>[Address Reference Count : 1]<UL><LI> startup_stm32f10x_hd.o(RESET)
</UL>
<P><STRONG><a name="[47]"></a>TIM8_CC_IRQHandler</STRONG> (Thumb, 0 bytes, Stack size 0 bytes, startup_stm32f10x_hd.o(.text))
<BR>[Address Reference Count : 1]<UL><LI> startup_stm32f10x_hd.o(RESET)
</UL>
<P><STRONG><a name="[46]"></a>TIM8_TRG_COM_IRQHandler</STRONG> (Thumb, 0 bytes, Stack size 0 bytes, startup_stm32f10x_hd.o(.text))
<BR>[Address Reference Count : 1]<UL><LI> startup_stm32f10x_hd.o(RESET)
</UL>
<P><STRONG><a name="[45]"></a>TIM8_UP_IRQHandler</STRONG> (Thumb, 0 bytes, Stack size 0 bytes, startup_stm32f10x_hd.o(.text))
<BR>[Address Reference Count : 1]<UL><LI> startup_stm32f10x_hd.o(RESET)
</UL>
<P><STRONG><a name="[4d]"></a>UART4_IRQHandler</STRONG> (Thumb, 0 bytes, Stack size 0 bytes, startup_stm32f10x_hd.o(.text))
<BR>[Address Reference Count : 1]<UL><LI> startup_stm32f10x_hd.o(RESET)
</UL>
<P><STRONG><a name="[4e]"></a>UART5_IRQHandler</STRONG> (Thumb, 0 bytes, Stack size 0 bytes, startup_stm32f10x_hd.o(.text))
<BR>[Address Reference Count : 1]<UL><LI> startup_stm32f10x_hd.o(RESET)
</UL>
<P><STRONG><a name="[3e]"></a>USART1_IRQHandler</STRONG> (Thumb, 0 bytes, Stack size 0 bytes, startup_stm32f10x_hd.o(.text))
<BR>[Address Reference Count : 1]<UL><LI> startup_stm32f10x_hd.o(RESET)
</UL>
<P><STRONG><a name="[3f]"></a>USART2_IRQHandler</STRONG> (Thumb, 0 bytes, Stack size 0 bytes, startup_stm32f10x_hd.o(.text))
<BR>[Address Reference Count : 1]<UL><LI> startup_stm32f10x_hd.o(RESET)
</UL>
<P><STRONG><a name="[40]"></a>USART3_IRQHandler</STRONG> (Thumb, 0 bytes, Stack size 0 bytes, startup_stm32f10x_hd.o(.text))
<BR>[Address Reference Count : 1]<UL><LI> startup_stm32f10x_hd.o(RESET)
</UL>
<P><STRONG><a name="[43]"></a>USBWakeUp_IRQHandler</STRONG> (Thumb, 0 bytes, Stack size 0 bytes, startup_stm32f10x_hd.o(.text))
<BR>[Address Reference Count : 1]<UL><LI> startup_stm32f10x_hd.o(RESET)
</UL>
<P><STRONG><a name="[2c]"></a>USB_HP_CAN1_TX_IRQHandler</STRONG> (Thumb, 0 bytes, Stack size 0 bytes, startup_stm32f10x_hd.o(.text))
<BR>[Address Reference Count : 1]<UL><LI> startup_stm32f10x_hd.o(RESET)
</UL>
<P><STRONG><a name="[2d]"></a>USB_LP_CAN1_RX0_IRQHandler</STRONG> (Thumb, 0 bytes, Stack size 0 bytes, startup_stm32f10x_hd.o(.text))
<BR>[Address Reference Count : 1]<UL><LI> startup_stm32f10x_hd.o(RESET)
</UL>
<P><STRONG><a name="[19]"></a>WWDG_IRQHandler</STRONG> (Thumb, 0 bytes, Stack size 0 bytes, startup_stm32f10x_hd.o(.text))
<BR>[Address Reference Count : 1]<UL><LI> startup_stm32f10x_hd.o(RESET)
</UL>
<P><STRONG><a name="[56]"></a>SystemInit</STRONG> (Thumb, 64 bytes, Stack size 8 bytes, system_stm32f10x.o(.text))
<BR><BR>[Stack]<UL><LI>Max Depth = 20<LI>Call Chain = SystemInit &rArr; SetSysClock &rArr; SetSysClockTo72
</UL>
<BR>[Calls]<UL><LI><a href="#[fc]">&gt;&gt;</a>&nbsp;&nbsp;&nbsp;SetSysClock
</UL>
<BR>[Address Reference Count : 1]<UL><LI> startup_stm32f10x_hd.o(.text)
</UL>
<P><STRONG><a name="[39d]"></a>SystemCoreClockUpdate</STRONG> (Thumb, 106 bytes, Stack size 8 bytes, system_stm32f10x.o(.text), UNUSED)

<P><STRONG><a name="[12a]"></a>NVIC_PriorityGroupConfig</STRONG> (Thumb, 10 bytes, Stack size 0 bytes, misc.o(.text))
<BR><BR>[Called By]<UL><LI><a href="#[152]">&gt;&gt;</a>&nbsp;&nbsp;&nbsp;NVIC_Configuration
<LI><a href="#[137]">&gt;&gt;</a>&nbsp;&nbsp;&nbsp;BASIC_TIM_NVIC_Config
<LI><a href="#[128]">&gt;&gt;</a>&nbsp;&nbsp;&nbsp;BSP_Init
</UL>

<P><STRONG><a name="[138]"></a>NVIC_Init</STRONG> (Thumb, 96 bytes, Stack size 16 bytes, misc.o(.text))
<BR><BR>[Stack]<UL><LI>Max Depth = 16<LI>Call Chain = NVIC_Init
</UL>
<BR>[Called By]<UL><LI><a href="#[152]">&gt;&gt;</a>&nbsp;&nbsp;&nbsp;NVIC_Configuration
<LI><a href="#[137]">&gt;&gt;</a>&nbsp;&nbsp;&nbsp;BASIC_TIM_NVIC_Config
</UL>

<P><STRONG><a name="[39e]"></a>NVIC_SetVectorTable</STRONG> (Thumb, 14 bytes, Stack size 0 bytes, misc.o(.text), UNUSED)

<P><STRONG><a name="[39f]"></a>NVIC_SystemLPConfig</STRONG> (Thumb, 24 bytes, Stack size 0 bytes, misc.o(.text), UNUSED)

<P><STRONG><a name="[3a0]"></a>SysTick_CLKSourceConfig</STRONG> (Thumb, 28 bytes, Stack size 0 bytes, misc.o(.text), UNUSED)

<P><STRONG><a name="[fe]"></a>ADC_DeInit</STRONG> (Thumb, 88 bytes, Stack size 8 bytes, stm32f10x_adc.o(.text), UNUSED)
<BR><BR>[Calls]<UL><LI><a href="#[ff]">&gt;&gt;</a>&nbsp;&nbsp;&nbsp;RCC_APB2PeriphResetCmd
</UL>

<P><STRONG><a name="[16c]"></a>ADC_Init</STRONG> (Thumb, 62 bytes, Stack size 8 bytes, stm32f10x_adc.o(.text))
<BR><BR>[Stack]<UL><LI>Max Depth = 8<LI>Call Chain = ADC_Init
</UL>
<BR>[Called By]<UL><LI><a href="#[16a]">&gt;&gt;</a>&nbsp;&nbsp;&nbsp;ADC_Mode_Config
</UL>

<P><STRONG><a name="[3a1]"></a>ADC_StructInit</STRONG> (Thumb, 18 bytes, Stack size 0 bytes, stm32f10x_adc.o(.text), UNUSED)

<P><STRONG><a name="[170]"></a>ADC_Cmd</STRONG> (Thumb, 24 bytes, Stack size 0 bytes, stm32f10x_adc.o(.text))
<BR><BR>[Called By]<UL><LI><a href="#[16a]">&gt;&gt;</a>&nbsp;&nbsp;&nbsp;ADC_Mode_Config
</UL>

<P><STRONG><a name="[16f]"></a>ADC_DMACmd</STRONG> (Thumb, 24 bytes, Stack size 0 bytes, stm32f10x_adc.o(.text))
<BR><BR>[Called By]<UL><LI><a href="#[16a]">&gt;&gt;</a>&nbsp;&nbsp;&nbsp;ADC_Mode_Config
</UL>

<P><STRONG><a name="[3a2]"></a>ADC_ITConfig</STRONG> (Thumb, 22 bytes, Stack size 0 bytes, stm32f10x_adc.o(.text), UNUSED)

<P><STRONG><a name="[171]"></a>ADC_ResetCalibration</STRONG> (Thumb, 10 bytes, Stack size 0 bytes, stm32f10x_adc.o(.text))
<BR><BR>[Called By]<UL><LI><a href="#[16a]">&gt;&gt;</a>&nbsp;&nbsp;&nbsp;ADC_Mode_Config
</UL>

<P><STRONG><a name="[172]"></a>ADC_GetResetCalibrationStatus</STRONG> (Thumb, 14 bytes, Stack size 0 bytes, stm32f10x_adc.o(.text))
<BR><BR>[Called By]<UL><LI><a href="#[16a]">&gt;&gt;</a>&nbsp;&nbsp;&nbsp;ADC_Mode_Config
</UL>

<P><STRONG><a name="[173]"></a>ADC_StartCalibration</STRONG> (Thumb, 10 bytes, Stack size 0 bytes, stm32f10x_adc.o(.text))
<BR><BR>[Called By]<UL><LI><a href="#[16a]">&gt;&gt;</a>&nbsp;&nbsp;&nbsp;ADC_Mode_Config
</UL>

<P><STRONG><a name="[174]"></a>ADC_GetCalibrationStatus</STRONG> (Thumb, 14 bytes, Stack size 0 bytes, stm32f10x_adc.o(.text))
<BR><BR>[Called By]<UL><LI><a href="#[16a]">&gt;&gt;</a>&nbsp;&nbsp;&nbsp;ADC_Mode_Config
</UL>

<P><STRONG><a name="[3a3]"></a>ADC_SoftwareStartConvCmd</STRONG> (Thumb, 24 bytes, Stack size 0 bytes, stm32f10x_adc.o(.text), UNUSED)

<P><STRONG><a name="[3a4]"></a>ADC_GetSoftwareStartConvStatus</STRONG> (Thumb, 14 bytes, Stack size 0 bytes, stm32f10x_adc.o(.text), UNUSED)

<P><STRONG><a name="[3a5]"></a>ADC_DiscModeChannelCountConfig</STRONG> (Thumb, 16 bytes, Stack size 0 bytes, stm32f10x_adc.o(.text), UNUSED)

<P><STRONG><a name="[3a6]"></a>ADC_DiscModeCmd</STRONG> (Thumb, 24 bytes, Stack size 0 bytes, stm32f10x_adc.o(.text), UNUSED)

<P><STRONG><a name="[16e]"></a>ADC_RegularChannelConfig</STRONG> (Thumb, 116 bytes, Stack size 16 bytes, stm32f10x_adc.o(.text))
<BR><BR>[Stack]<UL><LI>Max Depth = 16<LI>Call Chain = ADC_RegularChannelConfig
</UL>
<BR>[Called By]<UL><LI><a href="#[16a]">&gt;&gt;</a>&nbsp;&nbsp;&nbsp;ADC_Mode_Config
</UL>

<P><STRONG><a name="[175]"></a>ADC_ExternalTrigConvCmd</STRONG> (Thumb, 24 bytes, Stack size 0 bytes, stm32f10x_adc.o(.text))
<BR><BR>[Called By]<UL><LI><a href="#[16a]">&gt;&gt;</a>&nbsp;&nbsp;&nbsp;ADC_Mode_Config
</UL>

<P><STRONG><a name="[3a7]"></a>ADC_GetConversionValue</STRONG> (Thumb, 6 bytes, Stack size 0 bytes, stm32f10x_adc.o(.text), UNUSED)

<P><STRONG><a name="[3a8]"></a>ADC_GetDualModeConversionValue</STRONG> (Thumb, 8 bytes, Stack size 0 bytes, stm32f10x_adc.o(.text), UNUSED)

<P><STRONG><a name="[3a9]"></a>ADC_AutoInjectedConvCmd</STRONG> (Thumb, 24 bytes, Stack size 0 bytes, stm32f10x_adc.o(.text), UNUSED)

<P><STRONG><a name="[3aa]"></a>ADC_InjectedDiscModeCmd</STRONG> (Thumb, 24 bytes, Stack size 0 bytes, stm32f10x_adc.o(.text), UNUSED)

<P><STRONG><a name="[3ab]"></a>ADC_ExternalTrigInjectedConvConfig</STRONG> (Thumb, 12 bytes, Stack size 0 bytes, stm32f10x_adc.o(.text), UNUSED)

<P><STRONG><a name="[3ac]"></a>ADC_ExternalTrigInjectedConvCmd</STRONG> (Thumb, 24 bytes, Stack size 0 bytes, stm32f10x_adc.o(.text), UNUSED)

<P><STRONG><a name="[3ad]"></a>ADC_SoftwareStartInjectedConvCmd</STRONG> (Thumb, 24 bytes, Stack size 0 bytes, stm32f10x_adc.o(.text), UNUSED)

<P><STRONG><a name="[3ae]"></a>ADC_GetSoftwareStartInjectedConvCmdStatus</STRONG> (Thumb, 14 bytes, Stack size 0 bytes, stm32f10x_adc.o(.text), UNUSED)

<P><STRONG><a name="[3af]"></a>ADC_InjectedChannelConfig</STRONG> (Thumb, 74 bytes, Stack size 16 bytes, stm32f10x_adc.o(.text), UNUSED)

<P><STRONG><a name="[3b0]"></a>ADC_InjectedSequencerLengthConfig</STRONG> (Thumb, 16 bytes, Stack size 0 bytes, stm32f10x_adc.o(.text), UNUSED)

<P><STRONG><a name="[3b1]"></a>ADC_SetInjectedOffset</STRONG> (Thumb, 16 bytes, Stack size 8 bytes, stm32f10x_adc.o(.text), UNUSED)

<P><STRONG><a name="[3b2]"></a>ADC_GetInjectedConversionValue</STRONG> (Thumb, 20 bytes, Stack size 8 bytes, stm32f10x_adc.o(.text), UNUSED)

<P><STRONG><a name="[3b3]"></a>ADC_AnalogWatchdogCmd</STRONG> (Thumb, 12 bytes, Stack size 0 bytes, stm32f10x_adc.o(.text), UNUSED)

<P><STRONG><a name="[3b4]"></a>ADC_AnalogWatchdogThresholdsConfig</STRONG> (Thumb, 6 bytes, Stack size 0 bytes, stm32f10x_adc.o(.text), UNUSED)

<P><STRONG><a name="[3b5]"></a>ADC_AnalogWatchdogSingleChannelConfig</STRONG> (Thumb, 12 bytes, Stack size 0 bytes, stm32f10x_adc.o(.text), UNUSED)

<P><STRONG><a name="[3b6]"></a>ADC_TempSensorVrefintCmd</STRONG> (Thumb, 28 bytes, Stack size 0 bytes, stm32f10x_adc.o(.text), UNUSED)

<P><STRONG><a name="[3b7]"></a>ADC_GetFlagStatus</STRONG> (Thumb, 14 bytes, Stack size 0 bytes, stm32f10x_adc.o(.text), UNUSED)

<P><STRONG><a name="[3b8]"></a>ADC_ClearFlag</STRONG> (Thumb, 6 bytes, Stack size 0 bytes, stm32f10x_adc.o(.text), UNUSED)

<P><STRONG><a name="[3b9]"></a>ADC_GetITStatus</STRONG> (Thumb, 28 bytes, Stack size 8 bytes, stm32f10x_adc.o(.text), UNUSED)

<P><STRONG><a name="[3ba]"></a>ADC_ClearITPendingBit</STRONG> (Thumb, 8 bytes, Stack size 0 bytes, stm32f10x_adc.o(.text), UNUSED)

<P><STRONG><a name="[100]"></a>DAC_DeInit</STRONG> (Thumb, 24 bytes, Stack size 8 bytes, stm32f10x_dac.o(.text), UNUSED)
<BR><BR>[Calls]<UL><LI><a href="#[101]">&gt;&gt;</a>&nbsp;&nbsp;&nbsp;RCC_APB1PeriphResetCmd
</UL>

[...]
</UL>
<BR>[Address Reference Count : 1]<UL><LI> BUTTON_Skin.o(.data)
</UL>
<P><STRONG><a name="[dd]"></a>_Color2Index_M8888I</STRONG> (Thumb, 2 bytes, Stack size unknown bytes, GUICC_M8888I.o(.text._Color2Index_M8888I))
<BR>[Address Reference Count : 1]<UL><LI> GUICC_M8888I.o(.rodata)
</UL>
<P><STRONG><a name="[de]"></a>_GetIndexMask_M8888I</STRONG> (Thumb, 6 bytes, Stack size unknown bytes, GUICC_M8888I.o(.text._GetIndexMask_M8888I))
<BR>[Address Reference Count : 1]<UL><LI> GUICC_M8888I.o(.rodata)
</UL>
<P><STRONG><a name="[df]"></a>_Color2IndexBulk_M8888I</STRONG> (Thumb, 16 bytes, Stack size unknown bytes, GUICC_M8888I.o(.text._Color2IndexBulk_M8888I))
<BR>[Address Reference Count : 1]<UL><LI> GUICC_M8888I.o(.rodata)
</UL>
<P><STRONG><a name="[e0]"></a>_Index2ColorBulk_M8888I</STRONG> (Thumb, 16 bytes, Stack size unknown bytes, GUICC_M8888I.o(.text._Index2ColorBulk_M8888I))
<BR>[Address Reference Count : 1]<UL><LI> GUICC_M8888I.o(.rodata)
</UL>
<P><STRONG><a name="[e3]"></a>_GetIndexMask_0</STRONG> (Thumb, 82 bytes, Stack size unknown bytes, GUICC_0.o(.text._GetIndexMask_0))
<BR><BR>[Calls]<UL><LI><a href="#[31c]">&gt;&gt;</a>&nbsp;&nbsp;&nbsp;LCD_GetNumColors
</UL>
<BR>[Address Reference Count : 1]<UL><LI> GUICC_0.o(.rodata)
</UL>
<P><STRONG><a name="[e2]"></a>_Index2Color_0</STRONG> (Thumb, 30 bytes, Stack size unknown bytes, GUICC_0.o(.text._Index2Color_0))
<BR><BR>[Calls]<UL><LI><a href="#[31f]">&gt;&gt;</a>&nbsp;&nbsp;&nbsp;LCD_GetPalette
<LI><a href="#[31c]">&gt;&gt;</a>&nbsp;&nbsp;&nbsp;LCD_GetNumColors
</UL>
<BR>[Address Reference Count : 1]<UL><LI> GUICC_0.o(.rodata)
</UL>
<P><STRONG><a name="[e1]"></a>_Color2Index_0</STRONG> (Thumb, 82 bytes, Stack size unknown bytes, GUICC_0.o(.text._Color2Index_0))
<BR><BR>[Calls]<UL><LI><a href="#[383]">&gt;&gt;</a>&nbsp;&nbsp;&nbsp;GUI_CalcColorDist
<LI><a href="#[31f]">&gt;&gt;</a>&nbsp;&nbsp;&nbsp;LCD_GetPalette
<LI><a href="#[31c]">&gt;&gt;</a>&nbsp;&nbsp;&nbsp;LCD_GetNumColors
</UL>
<BR>[Address Reference Count : 1]<UL><LI> GUICC_0.o(.rodata)
</UL>
<P><STRONG><a name="[298]"></a>_DrawGradient</STRONG> (Thumb, 406 bytes, Stack size unknown bytes, GUI_DrawGradient.o(.text._DrawGradient))
<BR><BR>[Stack]<UL><LI>Max Depth = 152 + Unknown Stack Size
<LI>Call Chain = _DrawGradient &rArr; GUI_GetColor &rArr; GUI_Lock &rArr; GUI_X_Lock &rArr; GUI_X_InitOS &rArr; xQueueCreateMutex &rArr; prvInitialiseMutex &rArr; xQueueGenericSend &rArr; prvUnlockQueue &rArr; xTaskRemoveFromEventList &rArr; __2printf
</UL>
<BR>[Calls]<UL><LI><a href="#[2ed]">&gt;&gt;</a>&nbsp;&nbsp;&nbsp;LCD_SetColor
<LI><a href="#[268]">&gt;&gt;</a>&nbsp;&nbsp;&nbsp;GUI_GetColor
<LI><a href="#[266]">&gt;&gt;</a>&nbsp;&nbsp;&nbsp;LCD_FillRect
</UL>
<BR>[Called By]<UL><LI><a href="#[24b]">&gt;&gt;</a>&nbsp;&nbsp;&nbsp;GUI_DrawGradientV
</UL>

<P><STRONG><a name="[82]"></a>_OnExit</STRONG> (Thumb, 40 bytes, Stack size unknown bytes, GUI__Alpha.o(.text._OnExit))
<BR><BR>[Calls]<UL><LI><a href="#[284]">&gt;&gt;</a>&nbsp;&nbsp;&nbsp;GUI_ALLOC_FreeFixedBlock
</UL>
<BR>[Address Reference Count : 1]<UL><LI> GUI__Alpha.o(.text.GUI__GetAlphaBuffer)
</UL>
<P><STRONG><a name="[30e]"></a>_GetTwinArcPara</STRONG> (Thumb, 84 bytes, Stack size unknown bytes, GUI__DrawTwinArc.o(.text._GetTwinArcPara))
<BR><BR>[Calls]<UL><LI><a href="#[299]">&gt;&gt;</a>&nbsp;&nbsp;&nbsp;GUI__sqrt32
</UL>
<BR>[Called By]<UL><LI><a href="#[247]">&gt;&gt;</a>&nbsp;&nbsp;&nbsp;GUI__DrawTwinArc4
</UL>

<P><STRONG><a name="[ee]"></a>_GetDevData</STRONG> (Thumb, 16 bytes, Stack size unknown bytes, GUIDEV_32.o(.text._GetDevData))
<BR>[Address Reference Count : 1]<UL><LI> GUIDEV_32.o(.rodata)
</UL>
<P><STRONG><a name="[ec]"></a>_GetDevFunc</STRONG> (Thumb, 16 bytes, Stack size unknown bytes, GUIDEV_32.o(.text._GetDevFunc))
<BR>[Address Reference Count : 1]<UL><LI> GUIDEV_32.o(.rodata)
</UL>
<P><STRONG><a name="[ed]"></a>_GetDevProp</STRONG> (Thumb, 10 bytes, Stack size unknown bytes, GUIDEV_32.o(.text._GetDevProp))
<BR>[Address Reference Count : 1]<UL><LI> GUIDEV_32.o(.rodata)
</UL>
<P><STRONG><a name="[eb]"></a>_SetOrg</STRONG> (Thumb, 8 bytes, Stack size unknown bytes, GUIDEV_32.o(.text._SetOrg))
<BR>[Address Reference Count : 1]<UL><LI> GUIDEV_32.o(.rodata)
</UL>
<P><STRONG><a name="[ef]"></a>_GetRect</STRONG> (Thumb, 54 bytes, Stack size unknown bytes, GUIDEV_32.o(.text._GetRect))
<BR><BR>[Calls]<UL><LI><a href="#[23b]">&gt;&gt;</a>&nbsp;&nbsp;&nbsp;GUI_ALLOC_UnlockH
<LI><a href="#[23a]">&gt;&gt;</a>&nbsp;&nbsp;&nbsp;GUI_ALLOC_LockH
</UL>
<BR>[Address Reference Count : 1]<UL><LI> GUIDEV_32.o(.rodata)
</UL>
<P><STRONG><a name="[388]"></a>_XY2PTR</STRONG> (Thumb, 64 bytes, Stack size unknown bytes, GUIDEV_32.o(.text._XY2PTR))
<BR><BR>[Calls]<UL><LI><a href="#[23b]">&gt;&gt;</a>&nbsp;&nbsp;&nbsp;GUI_ALLOC_UnlockH
<LI><a href="#[23a]">&gt;&gt;</a>&nbsp;&nbsp;&nbsp;GUI_ALLOC_LockH
</UL>
<BR>[Called By]<UL><LI><a href="#[e4]">&gt;&gt;</a>&nbsp;&nbsp;&nbsp;_DrawBitmap
<LI><a href="#[e7]">&gt;&gt;</a>&nbsp;&nbsp;&nbsp;_FillRect
<LI><a href="#[e6]">&gt;&gt;</a>&nbsp;&nbsp;&nbsp;_DrawVLine
<LI><a href="#[e9]">&gt;&gt;</a>&nbsp;&nbsp;&nbsp;_SetPixelIndex
<LI><a href="#[ea]">&gt;&gt;</a>&nbsp;&nbsp;&nbsp;_XorPixel
<LI><a href="#[e8]">&gt;&gt;</a>&nbsp;&nbsp;&nbsp;_GetPixelIndex
</UL>

<P><STRONG><a name="[e8]"></a>_GetPixelIndex</STRONG> (Thumb, 14 bytes, Stack size unknown bytes, GUIDEV_32.o(.text._GetPixelIndex))
<BR><BR>[Calls]<UL><LI><a href="#[388]">&gt;&gt;</a>&nbsp;&nbsp;&nbsp;_XY2PTR
</UL>
<BR>[Address Reference Count : 1]<UL><LI> GUIDEV_32.o(.rodata)
</UL>
<P><STRONG><a name="[ea]"></a>_XorPixel</STRONG> (Thumb, 92 bytes, Stack size unknown bytes, GUIDEV_32.o(.text._XorPixel))
<BR><BR>[Calls]<UL><LI><a href="#[23b]">&gt;&gt;</a>&nbsp;&nbsp;&nbsp;GUI_ALLOC_UnlockH
<LI><a href="#[23a]">&gt;&gt;</a>&nbsp;&nbsp;&nbsp;GUI_ALLOC_LockH
<LI><a href="#[388]">&gt;&gt;</a>&nbsp;&nbsp;&nbsp;_XY2PTR
</UL>
<BR>[Address Reference Count : 1]<UL><LI> GUIDEV_32.o(.rodata)
</UL>
<P><STRONG><a name="[e9]"></a>_SetPixelIndex</STRONG> (Thumb, 76 bytes, Stack size unknown bytes, GUIDEV_32.o(.text._SetPixelIndex))
<BR><BR>[Calls]<UL><LI><a href="#[23b]">&gt;&gt;</a>&nbsp;&nbsp;&nbsp;GUI_ALLOC_UnlockH
<LI><a href="#[23a]">&gt;&gt;</a>&nbsp;&nbsp;&nbsp;GUI_ALLOC_LockH
<LI><a href="#[388]">&gt;&gt;</a>&nbsp;&nbsp;&nbsp;_XY2PTR
</UL>
<BR>[Address Reference Count : 1]<UL><LI> GUIDEV_32.o(.rodata)
</UL>
<P><STRONG><a name="[e6]"></a>_DrawVLine</STRONG> (Thumb, 180 bytes, Stack size unknown bytes, GUIDEV_32.o(.text._DrawVLine))
<BR><BR>[Calls]<UL><LI><a href="#[23b]">&gt;&gt;</a>&nbsp;&nbsp;&nbsp;GUI_ALLOC_UnlockH
<LI><a href="#[23a]">&gt;&gt;</a>&nbsp;&nbsp;&nbsp;GUI_ALLOC_LockH
<LI><a href="#[388]">&gt;&gt;</a>&nbsp;&nbsp;&nbsp;_XY2PTR
</UL>
<BR>[Address Reference Count : 1]<UL><LI> GUIDEV_32.o(.rodata)
</UL>
<P><STRONG><a name="[e7]"></a>_FillRect</STRONG> (Thumb, 180 bytes, Stack size unknown bytes, GUIDEV_32.o(.text._FillRect))
<BR><BR>[Calls]<UL><LI><a href="#[23b]">&gt;&gt;</a>&nbsp;&nbsp;&nbsp;GUI_ALLOC_UnlockH
<LI><a href="#[23a]">&gt;&gt;</a>&nbsp;&nbsp;&nbsp;GUI_ALLOC_LockH
<LI><a href="#[386]">&gt;&gt;</a>&nbsp;&nbsp;&nbsp;GUI_USAGE_AddRect
<LI><a href="#[388]">&gt;&gt;</a>&nbsp;&nbsp;&nbsp;_XY2PTR
</UL>
<BR>[Called By]<UL><LI><a href="#[e5]">&gt;&gt;</a>&nbsp;&nbsp;&nbsp;_DrawHLine
</UL>
<BR>[Address Reference Count : 1]<UL><LI> GUIDEV_32.o(.rodata)
</UL>
<P><STRONG><a name="[e5]"></a>_DrawHLine</STRONG> (Thumb, 14 bytes, Stack size unknown bytes, GUIDEV_32.o(.text._DrawHLine))
<BR><BR>[Calls]<UL><LI><a href="#[e7]">&gt;&gt;</a>&nbsp;&nbsp;&nbsp;_FillRect
</UL>
<BR>[Address Reference Count : 1]<UL><LI> GUIDEV_32.o(.rodata)
</UL>
<P><STRONG><a name="[e4]"></a>_DrawBitmap</STRONG> (Thumb, 1818 bytes, Stack size unknown bytes, GUIDEV_32.o(.text._DrawBitmap))
<BR><BR>[Calls]<UL><LI><a href="#[23b]">&gt;&gt;</a>&nbsp;&nbsp;&nbsp;GUI_ALLOC_UnlockH
<LI><a href="#[23a]">&gt;&gt;</a>&nbsp;&nbsp;&nbsp;GUI_ALLOC_LockH
<LI><a href="#[386]">&gt;&gt;</a>&nbsp;&nbsp;&nbsp;GUI_USAGE_AddRect
<LI><a href="#[388]">&gt;&gt;</a>&nbsp;&nbsp;&nbsp;_XY2PTR
</UL>
<BR>[Address Reference Count : 1]<UL><LI> GUIDEV_32.o(.rodata)
</UL>
<P><STRONG><a name="[f0]"></a>GUI_USAGE_BM_AddPixel</STRONG> (Thumb, 40 bytes, Stack size unknown bytes, GUIDEV_UsageBM.o(.text.GUI_USAGE_BM_AddPixel))
<BR>[Address Reference Count : 1]<UL><LI> GUIDEV_UsageBM.o(.rodata)
</UL>
<P><STRONG><a name="[f4]"></a>GUI_USAGE_BM_GetNextDirty</STRONG> (Thumb, 156 bytes, Stack size unknown bytes, GUIDEV_UsageBM.o(.text.GUI_USAGE_BM_GetNextDirty))
<BR>[Address Reference Count : 1]<UL><LI> GUIDEV_UsageBM.o(.rodata)
</UL>
<P><STRONG><a name="[f3]"></a>_GUI_USAGE_BM_Delete</STRONG> (Thumb, 4 bytes, Stack size unknown bytes, GUIDEV_UsageBM.o(.text._GUI_USAGE_BM_Delete))
<BR><BR>[Stack]<UL><LI>Max Depth = 152 + Unknown Stack Size
<LI>Call Chain = _GUI_USAGE_BM_Delete &rArr; GUI_ALLOC_Free &rArr; GUI_Lock &rArr; GUI_X_Lock &rArr; GUI_X_InitOS &rArr; xQueueCreateMutex &rArr; prvInitialiseMutex &rArr; xQueueGenericSend &rArr; prvUnlockQueue &rArr; xTaskRemoveFromEventList &rArr; __2printf
</UL>
<BR>[Calls]<UL><LI><a href="#[271]">&gt;&gt;</a>&nbsp;&nbsp;&nbsp;GUI_ALLOC_Free
</UL>
<BR>[Address Reference Count : 1]<UL><LI> GUIDEV_UsageBM.o(.rodata)
</UL>
<P><STRONG><a name="[f2]"></a>GUI_USAGE_BM_Clear</STRONG> (Thumb, 16 bytes, Stack size unknown bytes, GUIDEV_UsageBM.o(.text.GUI_USAGE_BM_Clear))
<BR><BR>[Stack]<UL><LI>Max Depth = 8 + Unknown Stack Size
<LI>Call Chain = GUI_USAGE_BM_Clear &rArr; memset
</UL>
<BR>[Calls]<UL><LI><a href="#[7]">&gt;&gt;</a>&nbsp;&nbsp;&nbsp;memset
</UL>
<BR>[Address Reference Count : 1]<UL><LI> GUIDEV_UsageBM.o(.rodata)
</UL>
<P><STRONG><a name="[f1]"></a>GUI_USAGE_BM_AddHLine</STRONG> (Thumb, 120 bytes, Stack size unknown bytes, GUIDEV_UsageBM.o(.text.GUI_USAGE_BM_AddHLine))
<BR><BR>[Stack]<UL><LI>Max Depth = 8 + Unknown Stack Size
<LI>Call Chain = GUI_USAGE_BM_AddHLine &rArr; memset
</UL>
<BR>[Calls]<UL><LI><a href="#[7]">&gt;&gt;</a>&nbsp;&nbsp;&nbsp;memset
</UL>
<BR>[Address Reference Count : 1]<UL><LI> GUIDEV_UsageBM.o(.rodata)
</UL>
<P><STRONG><a name="[2da]"></a>_Convert16</STRONG> (Thumb, 62 bytes, Stack size unknown bytes, GUIDEV_WriteToActiveOpaque.o(.text._Convert16))
<BR><BR>[Calls]<UL><LI><a href="#[384]">&gt;&gt;</a>&nbsp;&nbsp;&nbsp;GUI__CompactPixelIndices
</UL>
<BR>[Called By]<UL><LI><a href="#[91]">&gt;&gt;</a>&nbsp;&nbsp;&nbsp;GUI_MEMDEV__WriteToActiveOpaque
</UL>

<P><STRONG><a name="[2db]"></a>_Convert8</STRONG> (Thumb, 66 bytes, Stack size unknown bytes, GUIDEV_WriteToActiveOpaque.o(.text._Convert8))
<BR><BR>[Calls]<UL><LI><a href="#[384]">&gt;&gt;</a>&nbsp;&nbsp;&nbsp;GUI__CompactPixelIndices
</UL>
<BR>[Called By]<UL><LI><a href="#[91]">&gt;&gt;</a>&nbsp;&nbsp;&nbsp;GUI_MEMDEV__WriteToActiveOpaque
</UL>

<P><STRONG><a name="[85]"></a>_cbInvalidateOne</STRONG> (Thumb, 4 bytes, Stack size unknown bytes, WM_BringToTop.o(.text._cbInvalidateOne))
<BR><BR>[Stack]<UL><LI>Max Depth = 152 + Unknown Stack Size
<LI>Call Chain = _cbInvalidateOne &rArr; WM_InvalidateWindow &rArr; WM_InvalidateRect &rArr; GUI_Lock &rArr; GUI_X_Lock &rArr; GUI_X_InitOS &rArr; xQueueCreateMutex &rArr; prvInitialiseMutex &rArr; xQueueGenericSend &rArr; prvUnlockQueue &rArr; xTaskRemoveFromEventList &rArr; __2printf
</UL>
<BR>[Calls]<UL><LI><a href="#[20f]">&gt;&gt;</a>&nbsp;&nbsp;&nbsp;WM_InvalidateWindow
</UL>
<BR>[Address Reference Count : 1]<UL><LI> WM_BringToTop.o(.text.WM_BringToTop)
</UL>
<P><STRONG><a name="[36c]"></a>_Screen2hWin</STRONG> (Thumb, 96 bytes, Stack size unknown bytes, WM_Screen2Win.o(.text._Screen2hWin))
<BR><BR>[Calls]<UL><LI><a href="#[23b]">&gt;&gt;</a>&nbsp;&nbsp;&nbsp;GUI_ALLOC_UnlockH
<LI><a href="#[23a]">&gt;&gt;</a>&nbsp;&nbsp;&nbsp;GUI_ALLOC_LockH
<LI><a href="#[278]">&gt;&gt;</a>&nbsp;&nbsp;&nbsp;GUI_ALLOC_h2p
<LI><a href="#[38d]">&gt;&gt;</a>&nbsp;&nbsp;&nbsp;WM__IsInWindow
<LI><a href="#[36c]">&gt;&gt;</a>&nbsp;&nbsp;&nbsp;_Screen2hWin
</UL>
<BR>[Called By]<UL><LI><a href="#[356]">&gt;&gt;</a>&nbsp;&nbsp;&nbsp;WM_Screen2hWin
<LI><a href="#[36c]">&gt;&gt;</a>&nbsp;&nbsp;&nbsp;_Screen2hWin
</UL>

<P><STRONG><a name="[368]"></a>WM__ReleaseCapture</STRONG> (Thumb, 48 bytes, Stack size unknown bytes, WM_SetCapture.o(.text.WM__ReleaseCapture))
<BR><BR>[Calls]<UL><LI><a href="#[367]">&gt;&gt;</a>&nbsp;&nbsp;&nbsp;WM__SendMessage
</UL>
<BR>[Called By]<UL><LI><a href="#[35b]">&gt;&gt;</a>&nbsp;&nbsp;&nbsp;WM_ReleaseCapture
</UL>

<P><STRONG><a name="[f8]"></a>_DrawDownRect</STRONG> (Thumb, 56 bytes, Stack size unknown bytes, WIDGET_Effect_Simple.o(.text._DrawDownRect))
<BR><BR>[Stack]<UL><LI>Max Depth = 152 + Unknown Stack Size
<LI>Call Chain = _DrawDownRect &rArr; GUI_DrawRect &rArr; GUI_Lock &rArr; GUI_X_Lock &rArr; GUI_X_InitOS &rArr; xQueueCreateMutex &rArr; prvInitialiseMutex &rArr; xQueueGenericSend &rArr; prvUnlockQueue &rArr; xTaskRemoveFromEventList &rArr; __2printf
</UL>
<BR>[Calls]<UL><LI><a href="#[2ed]">&gt;&gt;</a>&nbsp;&nbsp;&nbsp;LCD_SetColor
<LI><a href="#[2e3]">&gt;&gt;</a>&nbsp;&nbsp;&nbsp;GUI_RestoreContext
<LI><a href="#[2ea]">&gt;&gt;</a>&nbsp;&nbsp;&nbsp;GUI_SaveContext_W
<LI><a href="#[24a]">&gt;&gt;</a>&nbsp;&nbsp;&nbsp;GUI_DrawRect
</UL>
<BR>[Called By]<UL><LI><a href="#[f7]">&gt;&gt;</a>&nbsp;&nbsp;&nbsp;_DrawDown
<LI><a href="#[f6]">&gt;&gt;</a>&nbsp;&nbsp;&nbsp;_DrawUpRect
</UL>
<BR>[Address Reference Count : 1]<UL><LI> WIDGET_Effect_Simple.o(.rodata)
</UL>
<P><STRONG><a name="[f6]"></a>_DrawUpRect</STRONG> (Thumb, 4 bytes, Stack size unknown bytes, WIDGET_Effect_Simple.o(.text._DrawUpRect))
<BR><BR>[Stack]<UL><LI>Max Depth = 152 + Unknown Stack Size
<LI>Call Chain = _DrawUpRect &rArr; _DrawDownRect &rArr; GUI_DrawRect &rArr; GUI_Lock &rArr; GUI_X_Lock &rArr; GUI_X_InitOS &rArr; xQueueCreateMutex &rArr; prvInitialiseMutex &rArr; xQueueGenericSend &rArr; prvUnlockQueue &rArr; xTaskRemoveFromEventList &rArr; __2printf
</UL>
<BR>[Calls]<UL><LI><a href="#[f8]">&gt;&gt;</a>&nbsp;&nbsp;&nbsp;_DrawDownRect
</UL>
<BR>[Address Reference Count : 1]<UL><LI> WIDGET_Effect_Simple.o(.rodata)
</UL>
<P><STRONG><a name="[f7]"></a>_DrawDown</STRONG> (Thumb, 20 bytes, Stack size unknown bytes, WIDGET_Effect_Simple.o(.text._DrawDown))
<BR><BR>[Stack]<UL><LI>Max Depth = 152 + Unknown Stack Size
<LI>Call Chain = _DrawDown &rArr; WM_GetClientRect &rArr; GUI_Lock &rArr; GUI_X_Lock &rArr; GUI_X_InitOS &rArr; xQueueCreateMutex &rArr; prvInitialiseMutex &rArr; xQueueGenericSend &rArr; prvUnlockQueue &rArr; xTaskRemoveFromEventList &rArr; __2printf
</UL>
<BR>[Calls]<UL><LI><a href="#[2a2]">&gt;&gt;</a>&nbsp;&nbsp;&nbsp;WM_GetClientRect
<LI><a href="#[f8]">&gt;&gt;</a>&nbsp;&nbsp;&nbsp;_DrawDownRect
</UL>
<BR>[Called By]<UL><LI><a href="#[f5]">&gt;&gt;</a>&nbsp;&nbsp;&nbsp;_DrawUp
</UL>
<BR>[Address Reference Count : 1]<UL><LI> WIDGET_Effect_Simple.o(.rodata)
</UL>
<P><STRONG><a name="[f5]"></a>_DrawUp</STRONG> (Thumb, 4 bytes, Stack size unknown bytes, WIDGET_Effect_Simple.o(.text._DrawUp))
<BR><BR>[Stack]<UL><LI>Max Depth = 152 + Unknown Stack Size
<LI>Call Chain = _DrawUp &rArr; _DrawDown &rArr; WM_GetClientRect &rArr; GUI_Lock &rArr; GUI_X_Lock &rArr; GUI_X_InitOS &rArr; xQueueCreateMutex &rArr; prvInitialiseMutex &rArr; xQueueGenericSend &rArr; prvUnlockQueue &rArr; xTaskRemoveFromEventList &rArr; __2printf
</UL>
<BR>[Calls]<UL><LI><a href="#[f7]">&gt;&gt;</a>&nbsp;&nbsp;&nbsp;_DrawDown
</UL>
<BR>[Address Reference Count : 1]<UL><LI> WIDGET_Effect_Simple.o(.rodata)
</UL>
<P><STRONG><a name="[2e2]"></a>LCD_ReadRectEx</STRONG> (Thumb, 420 bytes, Stack size unknown bytes, LCD_ReadRect.o(.text.LCD_ReadRectEx))
<BR><BR>[Calls]<UL><LI><a href="#[2d7]">&gt;&gt;</a>&nbsp;&nbsp;&nbsp;GUI_GetBitsPerPixelEx
</UL>
<BR>[Called By]<UL><LI><a href="#[2e1]">&gt;&gt;</a>&nbsp;&nbsp;&nbsp;GUI_ReadRectEx
</UL>

<P><STRONG><a name="[2d5]"></a>_ClipX</STRONG> (Thumb, 68 bytes, Stack size unknown bytes, GUIDEV_WriteToActiveAlpha.o(.text._ClipX))
<BR><BR>[Called By]<UL><LI><a href="#[2d4]">&gt;&gt;</a>&nbsp;&nbsp;&nbsp;_WriteToActiveAlpha
<LI><a href="#[92]">&gt;&gt;</a>&nbsp;&nbsp;&nbsp;GUI_MEMDEV__WriteToActiveAlpha
</UL>

<P><STRONG><a name="[2d6]"></a>_ClipY</STRONG> (Thumb, 68 bytes, Stack size unknown bytes, GUIDEV_WriteToActiveAlpha.o(.text._ClipY))
<BR><BR>[Called By]<UL><LI><a href="#[2d4]">&gt;&gt;</a>&nbsp;&nbsp;&nbsp;_WriteToActiveAlpha
<LI><a href="#[92]">&gt;&gt;</a>&nbsp;&nbsp;&nbsp;GUI_MEMDEV__WriteToActiveAlpha
</UL>

<P><STRONG><a name="[2d4]"></a>_WriteToActiveAlpha</STRONG> (Thumb, 328 bytes, Stack size unknown bytes, GUIDEV_WriteToActiveAlpha.o(.text._WriteToActiveAlpha))
<BR><BR>[Stack]<UL><LI>Max Depth = 152 + Unknown Stack Size
<LI>Call Chain = _WriteToActiveAlpha &rArr; GUI_MEMDEV_GetDataPtr &rArr; GUI_Lock &rArr; GUI_X_Lock &rArr; GUI_X_InitOS &rArr; xQueueCreateMutex &rArr; prvInitialiseMutex &rArr; xQueueGenericSend &rArr; prvUnlockQueue &rArr; xTaskRemoveFromEventList &rArr; __2printf
</UL>
<BR>[Calls]<UL><LI><a href="#[23b]">&gt;&gt;</a>&nbsp;&nbsp;&nbsp;GUI_ALLOC_UnlockH
<LI><a href="#[23a]">&gt;&gt;</a>&nbsp;&nbsp;&nbsp;GUI_ALLOC_LockH
<LI><a href="#[265]">&gt;&gt;</a>&nbsp;&nbsp;&nbsp;LCD_DrawBitmap
<LI><a href="#[2cb]">&gt;&gt;</a>&nbsp;&nbsp;&nbsp;GUI_MEMDEV_GetDataPtr
<LI><a href="#[2d6]">&gt;&gt;</a>&nbsp;&nbsp;&nbsp;_ClipY
<LI><a href="#[2d5]">&gt;&gt;</a>&nbsp;&nbsp;&nbsp;_ClipX
<LI><a href="#[307]">&gt;&gt;</a>&nbsp;&nbsp;&nbsp;GUI__CompactPixelIndicesEx
<LI><a href="#[303]">&gt;&gt;</a>&nbsp;&nbsp;&nbsp;GUI__AllocAlphaBuffer
<LI><a href="#[30c]">&gt;&gt;</a>&nbsp;&nbsp;&nbsp;GUI__DoAlphaBlending
</UL>
<BR>[Called By]<UL><LI><a href="#[92]">&gt;&gt;</a>&nbsp;&nbsp;&nbsp;GUI_MEMDEV__WriteToActiveAlpha
</UL>

<P><STRONG><a name="[391]"></a>_fp_digits</STRONG> (Thumb, 366 bytes, Stack size 64 bytes, printfa.o(i._fp_digits), UNUSED)
<BR><BR>[Calls]<UL><LI><a href="#[227]">&gt;&gt;</a>&nbsp;&nbsp;&nbsp;__aeabi_dadd
<LI><a href="#[209]">&gt;&gt;</a>&nbsp;&nbsp;&nbsp;__aeabi_cdrcmple
<LI><a href="#[1f9]">&gt;&gt;</a>&nbsp;&nbsp;&nbsp;__aeabi_dmul
<LI><a href="#[1f5]">&gt;&gt;</a>&nbsp;&nbsp;&nbsp;__aeabi_ddiv
<LI><a href="#[235]">&gt;&gt;</a>&nbsp;&nbsp;&nbsp;__aeabi_uldivmod
<LI><a href="#[237]">&gt;&gt;</a>&nbsp;&nbsp;&nbsp;__aeabi_d2ulz
</UL>
<BR>[Called By]<UL><LI><a href="#[38f]">&gt;&gt;</a>&nbsp;&nbsp;&nbsp;_printf_core
</UL>

<P><STRONG><a name="[38f]"></a>_printf_core</STRONG> (Thumb, 1704 bytes, Stack size 136 bytes, printfa.o(i._printf_core), UNUSED)
<BR><BR>[Calls]<UL><LI><a href="#[235]">&gt;&gt;</a>&nbsp;&nbsp;&nbsp;__aeabi_uldivmod
<LI><a href="#[394]">&gt;&gt;</a>&nbsp;&nbsp;&nbsp;__aeabi_uidivmod
<LI><a href="#[392]">&gt;&gt;</a>&nbsp;&nbsp;&nbsp;_printf_pre_padding
<LI><a href="#[393]">&gt;&gt;</a>&nbsp;&nbsp;&nbsp;_printf_post_padding
<LI><a href="#[391]">&gt;&gt;</a>&nbsp;&nbsp;&nbsp;_fp_digits
</UL>
<BR>[Called By]<UL><LI><a href="#[390]">&gt;&gt;</a>&nbsp;&nbsp;&nbsp;__0sprintf
<LI><a href="#[38e]">&gt;&gt;</a>&nbsp;&nbsp;&nbsp;__0printf
</UL>

<P><STRONG><a name="[393]"></a>_printf_post_padding</STRONG> (Thumb, 36 bytes, Stack size 24 bytes, printfa.o(i._printf_post_padding), UNUSED)
<BR><BR>[Called By]<UL><LI><a href="#[38f]">&gt;&gt;</a>&nbsp;&nbsp;&nbsp;_printf_core
</UL>

<P><STRONG><a name="[392]"></a>_printf_pre_padding</STRONG> (Thumb, 46 bytes, Stack size 24 bytes, printfa.o(i._printf_pre_padding), UNUSED)
<BR><BR>[Called By]<UL><LI><a href="#[38f]">&gt;&gt;</a>&nbsp;&nbsp;&nbsp;_printf_core
</UL>

<P><STRONG><a name="[9f]"></a>_sputc</STRONG> (Thumb, 10 bytes, Stack size 0 bytes, printfa.o(i._sputc))
<BR><BR>[Called By]<UL><LI><a href="#[390]">&gt;&gt;</a>&nbsp;&nbsp;&nbsp;__0sprintf
</UL>
<BR>[Address Reference Count : 1]<UL><LI> printfa.o(i.__0sprintf)
</UL><P>
<H3>
Undefined Global Symbols
</H3><HR></body></html>
