Component: ARM Compiler 5.06 update 7 (build 960) Tool: armlink [4d3601]

==============================================================================

Section Cross References

    startup_stm32f10x_hd.o(RESET) refers to startup_stm32f10x_hd.o(STACK) for __initial_sp
    startup_stm32f10x_hd.o(RESET) refers to startup_stm32f10x_hd.o(.text) for Reset_Handler
    startup_stm32f10x_hd.o(RESET) refers to stm32f10x_it.o(.text) for NMI_Handler
    startup_stm32f10x_hd.o(RESET) refers to port.o(.emb_text) for SVC_Handler
    startup_stm32f10x_hd.o(.text) refers to system_stm32f10x.o(.text) for SystemInit
    startup_stm32f10x_hd.o(.text) refers to entry.o(.ARM.Collect$$$$00000000) for __main
    system_stm32f10x.o(.text) refers to system_stm32f10x.o(.data) for .data
    stm32f10x_adc.o(.text) refers to stm32f10x_rcc.o(.text) for RCC_APB2PeriphResetCmd
    stm32f10x_bkp.o(.text) refers to stm32f10x_rcc.o(.text) for RCC_BackupResetCmd
    stm32f10x_can.o(.text) refers to stm32f10x_rcc.o(.text) for RCC_APB1PeriphResetCmd
    stm32f10x_cec.o(.text) refers to stm32f10x_rcc.o(.text) for RCC_APB1PeriphResetCmd
    stm32f10x_dac.o(.text) refers to stm32f10x_rcc.o(.text) for RCC_APB1PeriphResetCmd
    stm32f10x_gpio.o(.text) refers to stm32f10x_rcc.o(.text) for RCC_APB2PeriphResetCmd
    stm32f10x_i2c.o(.text) refers to stm32f10x_rcc.o(.text) for RCC_APB1PeriphResetCmd
    stm32f10x_pwr.o(.text) refers to stm32f10x_rcc.o(.text) for RCC_APB1PeriphResetCmd
    stm32f10x_rcc.o(.text) refers to stm32f10x_rcc.o(.data) for .data
    stm32f10x_spi.o(.text) refers to stm32f10x_rcc.o(.text) for RCC_APB2PeriphResetCmd
    stm32f10x_tim.o(.text) refers to stm32f10x_rcc.o(.text) for RCC_APB2PeriphResetCmd
    stm32f10x_usart.o(.text) refers to stm32f10x_rcc.o(.text) for RCC_APB2PeriphResetCmd
    stm32f10x_wwdg.o(.text) refers to stm32f10x_rcc.o(.text) for RCC_APB1PeriphResetCmd
    main.o(.text) refers to memseta.o(.text) for __aeabi_memclr4
    main.o(.text) refers to tasks.o(.text) for vTaskList
    main.o(.text) refers to printfa.o(i.__0printf) for __2printf
    main.o(.text) refers to maintask.o(.text) for MainTask
    main.o(.text) refers to bsp_key.o(.text) for Key_Scan
    main.o(.text) refers to GUI_TOUCH_DriverAnalog.o(.text.GUI_TOUCH_Exec) for GUI_TOUCH_Exec
    main.o(.text) refers to port.o(.text) for vPortEnterCritical
    main.o(.text) refers to stm32f10x_rcc.o(.text) for RCC_AHBPeriphClockCmd
    main.o(.text) refers to misc.o(.text) for NVIC_PriorityGroupConfig
    main.o(.text) refers to bsp_usart.o(.text) for USART_Config
    main.o(.text) refers to bsp_timbasic.o(.text) for BASIC_TIM_Init
    main.o(.text) refers to bsp_xpt2046_lcd.o(.text) for XPT2046_Init
    main.o(.text) refers to bsp_ili9341_lcd_emwin.o(.text) for ILI9341_Init
    main.o(.text) refers to bsp_adc.o(.text) for ADCx_Init
    main.o(.text) refers to bsp_dac.o(.text) for DAC_Mode_Init
    main.o(.text) refers to main.o(.data) for .data
    stm32f10x_it.o(.text) refers to printfa.o(i.__0printf) for __2printf
    stm32f10x_it.o(.text) refers to tasks.o(.text) for xTaskGetSchedulerState
    stm32f10x_it.o(.text) refers to port.o(.text) for xPortSysTickHandler
    stm32f10x_it.o(.text) refers to stm32f10x_tim.o(.text) for TIM_GetITStatus
    stm32f10x_it.o(.text) refers to stm32f10x_it.o(.data) for .data
    bsp_timbasic.o(.text) refers to misc.o(.text) for NVIC_PriorityGroupConfig
    bsp_timbasic.o(.text) refers to stm32f10x_rcc.o(.text) for RCC_APB1PeriphClockCmd
    bsp_timbasic.o(.text) refers to stm32f10x_tim.o(.text) for TIM_TimeBaseInit
    bsp_key.o(.text) refers to stm32f10x_rcc.o(.text) for RCC_APB2PeriphClockCmd
    bsp_key.o(.text) refers to stm32f10x_gpio.o(.text) for GPIO_Init
    bsp_key.o(.text) refers to printfa.o(i.__0printf) for __2printf
    bsp_key.o(.text) refers to bsp_key.o(.data) for .data
    bsp_ili9341_lcd_emwin.o(.text) refers to stm32f10x_rcc.o(.text) for RCC_APB2PeriphClockCmd
    bsp_ili9341_lcd_emwin.o(.text) refers to stm32f10x_gpio.o(.text) for GPIO_Init
    bsp_ili9341_lcd_emwin.o(.text) refers to memseta.o(.text) for __aeabi_memclr4
    bsp_ili9341_lcd_emwin.o(.text) refers to stm32f10x_fsmc.o(.text) for FSMC_NORSRAMInit
    bsp_ili9341_lcd_emwin.o(.text) refers to bsp_ili9341_lcd_emwin.o(.data) for .data
    bsp_xpt2046_lcd.o(.text) refers to stm32f10x_rcc.o(.text) for RCC_APB2PeriphClockCmd
    bsp_xpt2046_lcd.o(.text) refers to stm32f10x_gpio.o(.text) for GPIO_Init
    bsp_xpt2046_lcd.o(.text) refers to bsp_xpt2046_lcd.o(.data) for .data
    bsp_led.o(.text) refers to stm32f10x_rcc.o(.text) for RCC_APB2PeriphClockCmd
    bsp_led.o(.text) refers to stm32f10x_gpio.o(.text) for GPIO_Init
    bsp_fsmc_sram.o(.text) refers to stm32f10x_rcc.o(.text) for RCC_APB2PeriphClockCmd
    bsp_fsmc_sram.o(.text) refers to stm32f10x_gpio.o(.text) for GPIO_Init
    bsp_fsmc_sram.o(.text) refers to memseta.o(.text) for __aeabi_memclr4
[...]
    0x0800c220   0x0800c220   0x00000060   Code   RO         2654    .text.GUI_ReadRectEx  STemWin_CM3_OS_wc16_ARGB.a(LCD_ReadRect.o)
    0x0800c280   0x0800c280   0x0000003a   Code   RO         1292    .text.GUI_RectsIntersect  STemWin_CM3_OS_wc16_ARGB.a(GUI_Common.o)
    0x0800c2ba   0x0800c2ba   0x00000002   PAD
    0x0800c2bc   0x0800c2bc   0x00000014   Code   RO         1294    .text.GUI_RestoreContext  STemWin_CM3_OS_wc16_ARGB.a(GUI_Common.o)
    0x0800c2d0   0x0800c2d0   0x000004b4   Code   RO         2003    .text.GUI_SPRITE_SetPosition  STemWin_CM3_OS_wc16_ARGB.a(GUI_SPRITE.o)
    0x0800c784   0x0800c784   0x00000014   Code   RO         1293    .text.GUI_SaveContext_W  STemWin_CM3_OS_wc16_ARGB.a(GUI_Common.o)
    0x0800c798   0x0800c798   0x0000001a   Code   RO         1299    .text.GUI_SelectLCD  STemWin_CM3_OS_wc16_ARGB.a(GUI_Common.o)
    0x0800c7b2   0x0800c7b2   0x00000002   PAD
    0x0800c7b4   0x0800c7b4   0x00000038   Code   RO         2028    .text.GUI_SelectLayer  STemWin_CM3_OS_wc16_ARGB.a(GUI_SelectLayer.o)
    0x0800c7ec   0x0800c7ec   0x00000016   Code   RO         1301    .text.GUI_SetBkColor  STemWin_CM3_OS_wc16_ARGB.a(GUI_Common.o)
    0x0800c802   0x0800c802   0x00000016   Code   RO         1302    .text.GUI_SetColor  STemWin_CM3_OS_wc16_ARGB.a(GUI_Common.o)
    0x0800c818   0x0800c818   0x0000000c   Code   RO         1328    .text.GUI_SetDefaultFont  STemWin_CM3_OS_wc16_ARGB.a(GUI_Core.o)
    0x0800c824   0x0800c824   0x00000018   Code   RO         1307    .text.GUI_SetDrawMode  STemWin_CM3_OS_wc16_ARGB.a(GUI_Common.o)
    0x0800c83c   0x0800c83c   0x00000020   Code   RO         1308    .text.GUI_SetFont   STemWin_CM3_OS_wc16_ARGB.a(GUI_Common.o)
    0x0800c85c   0x0800c85c   0x00000020   Code   RO         2030    .text.GUI_SetLayerPosEx  STemWin_CM3_OS_wc16_ARGB.a(GUI_SelectLayer.o)
    0x0800c87c   0x0800c87c   0x0000001c   Code   RO         1310    .text.GUI_SetLineStyle  STemWin_CM3_OS_wc16_ARGB.a(GUI_Common.o)
    0x0800c898   0x0800c898   0x00000040   Code   RO         1311    .text.GUI_SetOrg    STemWin_CM3_OS_wc16_ARGB.a(GUI_Common.o)
    0x0800c8d8   0x0800c8d8   0x0000001c   Code   RO         1288    .text.GUI_SetPenSize  STemWin_CM3_OS_wc16_ARGB.a(GUI_Common.o)
    0x0800c8f4   0x0800c8f4   0x00000020   Code   RO         1312    .text.GUI_SetTextAlign  STemWin_CM3_OS_wc16_ARGB.a(GUI_Common.o)
    0x0800c914   0x0800c914   0x00000020   Code   RO         1313    .text.GUI_SetTextMode  STemWin_CM3_OS_wc16_ARGB.a(GUI_Common.o)
    0x0800c934   0x0800c934   0x00000010   Code   RO         2098    .text.GUI_SignalEvent  STemWin_CM3_OS_wc16_ARGB.a(GUI_WaitEvent.o)
    0x0800c944   0x0800c944   0x00000010   Code   RO         1948    .text.GUI_StoreKey  STemWin_CM3_OS_wc16_ARGB.a(GUI_OnKey.o)
    0x0800c954   0x0800c954   0x0000009c   Code   RO         2063    .text.GUI_TIMER_Create  STemWin_CM3_OS_wc16_ARGB.a(GUI_Timer.o)
    0x0800c9f0   0x0800c9f0   0x00000070   Code   RO         2064    .text.GUI_TIMER_Delete  STemWin_CM3_OS_wc16_ARGB.a(GUI_Timer.o)
    0x0800ca60   0x0800ca60   0x00000074   Code   RO         2055    .text.GUI_TIMER_Exec  STemWin_CM3_OS_wc16_ARGB.a(GUI_Timer.o)
    0x0800cad4   0x0800cad4   0x00000036   Code   RO         2070    .text.GUI_TIMER_GetFlag  STemWin_CM3_OS_wc16_ARGB.a(GUI_Timer.o)
    0x0800cb0a   0x0800cb0a   0x0000003c   Code   RO         2069    .text.GUI_TIMER_Restart  STemWin_CM3_OS_wc16_ARGB.a(GUI_Timer.o)
    0x0800cb46   0x0800cb46   0x00000028   Code   RO         2065    .text.GUI_TIMER_SetPeriod  STemWin_CM3_OS_wc16_ARGB.a(GUI_Timer.o)
    0x0800cb6e   0x0800cb6e   0x00000002   PAD
    0x0800cb70   0x0800cb70   0x00000030   Code   RO         2061    .text.GUI_TIMER__GetFirstTimer  STemWin_CM3_OS_wc16_ARGB.a(GUI_Timer.o)
    0x0800cba0   0x0800cba0   0x00000038   Code   RO         2062    .text.GUI_TIMER__GetNextTimerLin  STemWin_CM3_OS_wc16_ARGB.a(GUI_Timer.o)
    0x0800cbd8   0x0800cbd8   0x00000508   Code   RO         1466    .text.GUI_TOUCH_CalcCoefficients  STemWin_CM3_OS_wc16_ARGB.a(GUI_TOUCH_Calibrate.o)
    0x0800d0e0   0x0800d0e0   0x000000bc   Code   RO         1474    .text.GUI_TOUCH_Calibrate  STemWin_CM3_OS_wc16_ARGB.a(GUI_TOUCH_DriverAnalog.o)
    0x0800d19c   0x0800d19c   0x00000034   Code   RO         1465    .text.GUI_TOUCH_CalibratePoint  STemWin_CM3_OS_wc16_ARGB.a(GUI_TOUCH_Calibrate.o)
    0x0800d1d0   0x0800d1d0   0x000000a8   Code   RO         1475    .text.GUI_TOUCH_Exec  STemWin_CM3_OS_wc16_ARGB.a(GUI_TOUCH_DriverAnalog.o)
    0x0800d278   0x0800d278   0x0000000c   Code   RO         2038    .text.GUI_TOUCH_GetLayer  STemWin_CM3_OS_wc16_ARGB.a(GUI_TOUCH_StoreState.o)
    0x0800d284   0x0800d284   0x0000000c   Code   RO         1471    .text.GUI_TOUCH_SetOrientation  STemWin_CM3_OS_wc16_ARGB.a(GUI_TOUCH_DriverAnalog.o)
    0x0800d290   0x0800d290   0x00000050   Code   RO         1459    .text.GUI_TOUCH_StoreStateEx  STemWin_CM3_OS_wc16_ARGB.a(GUI_TOUCH.o)
    0x0800d2e0   0x0800d2e0   0x00000090   Code   RO         1464    .text.GUI_TOUCH_TransformPoint  STemWin_CM3_OS_wc16_ARGB.a(GUI_TOUCH_Calibrate.o)
    0x0800d370   0x0800d370   0x00000028   Code   RO         2078    .text.GUI_UC__GetCharCodeInc  STemWin_CM3_OS_wc16_ARGB.a(GUI_UC.o)
    0x0800d398   0x0800d398   0x00000024   Code   RO         2079    .text.GUI_UC__NumChars2NumBytes  STemWin_CM3_OS_wc16_ARGB.a(GUI_UC.o)
    0x0800d3bc   0x0800d3bc   0x00000026   Code   RO         2555    .text.GUI_USAGE_AddRect  STemWin_CM3_OS_wc16_ARGB.a(GUIDEV_Usage.o)
    0x0800d3e2   0x0800d3e2   0x00000078   Code   RO         2563    .text.GUI_USAGE_BM_AddHLine  STemWin_CM3_OS_wc16_ARGB.a(GUIDEV_UsageBM.o)
    0x0800d45a   0x0800d45a   0x00000028   Code   RO         2559    .text.GUI_USAGE_BM_AddPixel  STemWin_CM3_OS_wc16_ARGB.a(GUIDEV_UsageBM.o)
    0x0800d482   0x0800d482   0x00000010   Code   RO         2562    .text.GUI_USAGE_BM_Clear  STemWin_CM3_OS_wc16_ARGB.a(GUIDEV_UsageBM.o)
    0x0800d492   0x0800d492   0x00000002   PAD
    0x0800d494   0x0800d494   0x00000060   Code   RO         2564    .text.GUI_USAGE_BM_Create  STemWin_CM3_OS_wc16_ARGB.a(GUIDEV_UsageBM.o)
    0x0800d4f4   0x0800d4f4   0x0000009c   Code   RO         2560    .text.GUI_USAGE_BM_GetNextDirty  STemWin_CM3_OS_wc16_ARGB.a(GUIDEV_UsageBM.o)
    0x0800d590   0x0800d590   0x00000032   Code   RO         2554    .text.GUI_USAGE_DecUseCnt  STemWin_CM3_OS_wc16_ARGB.a(GUIDEV_Usage.o)
    0x0800d5c2   0x0800d5c2   0x00000002   PAD
    0x0800d5c4   0x0800d5c4   0x00000014   Code   RO         2044    .text.GUI_Unlock    STemWin_CM3_OS_wc16_ARGB.a(GUI_Task.o)
    0x0800d5d8   0x0800d5d8   0x00000028   Code   RO         1397    .text.GUI_WrapGetNumLines  STemWin_CM3_OS_wc16_ARGB.a(GUI_DispString.o)
    0x0800d600   0x0800d600   0x0000001a   Code   RO         2448    .text.GUI__AllocAlphaBuffer  STemWin_CM3_OS_wc16_ARGB.a(GUI__Alpha.o)
    0x0800d61a   0x0800d61a   0x00000002   PAD
    0x0800d61c   0x0800d61c   0x00000024   Code   RO         2438    .text.GUI__AlphaPreserveTrans  STemWin_CM3_OS_wc16_ARGB.a(GUI_SetAlpha.o)
    0x0800d640   0x0800d640   0x0000016e   Code   RO         2457    .text.GUI__CompactPixelIndices  STemWin_CM3_OS_wc16_ARGB.a(GUI__CompactPixelIndices.o)
    0x0800d7ae   0x0800d7ae   0x0000000e   Code   RO         2459    .text.GUI__CompactPixelIndicesEx  STemWin_CM3_OS_wc16_ARGB.a(GUI__CompactPixelIndices.o)
    0x0800d7bc   0x0800d7bc   0x00000094   Code   RO         1335    .text.GUI__Config   STemWin_CM3_OS_wc16_ARGB.a(GUI_Core.o)
    0x0800d850   0x0800d850   0x00000196   Code   RO         2458    .text.GUI__ConvertColor2Index  STemWin_CM3_OS_wc16_ARGB.a(GUI__CompactPixelIndices.o)
    0x0800d9e6   0x0800d9e6   0x00000002   PAD
    0x0800d9e8   0x0800d9e8   0x000000a8   Code   RO         1909    .text.GUI__DispLine  STemWin_CM3_OS_wc16_ARGB.a(GUI_CharLine.o)
    0x0800da90   0x0800da90   0x0000014c   Code   RO         1394    .text.GUI__DispStringInRect  STemWin_CM3_OS_wc16_ARGB.a(GUI_DispString.o)
    0x0800dbdc   0x0800dbdc   0x000001c4   Code   RO         2447    .text.GUI__DoAlphaBlending  STemWin_CM3_OS_wc16_ARGB.a(GUI__Alpha.o)
    0x0800dda0   0x0800dda0   0x000001e0   Code   RO         2466    .text.GUI__DrawTwinArc4  STemWin_CM3_OS_wc16_ARGB.a(GUI__DrawTwinArc.o)
    0x0800df80   0x0800df80   0x0000017c   Code   RO         2649    .text.GUI__ExpandPixelIndicesEx  STemWin_CM3_OS_wc16_ARGB.a(GUI__ExpandPixelIndices.o)
    0x0800e0fc   0x0800e0fc   0x000000b8   Code   RO         2446    .text.GUI__GetAlphaBuffer  STemWin_CM3_OS_wc16_ARGB.a(GUI__Alpha.o)
    0x0800e1b4   0x0800e1b4   0x00000060   Code   RO         1908    .text.GUI__GetLineDistX  STemWin_CM3_OS_wc16_ARGB.a(GUI_CharLine.o)
    0x0800e214   0x0800e214   0x00000038   Code   RO         1906    .text.GUI__GetLineNumChars  STemWin_CM3_OS_wc16_ARGB.a(GUI_CharLine.o)
    0x0800e24c   0x0800e24c   0x0000001c   Code   RO         1907    .text.GUI__GetOverlap  STemWin_CM3_OS_wc16_ARGB.a(GUI_CharLine.o)
    0x0800e268   0x0800e268   0x00000026   Code   RO         2119    .text.GUI__HandleEOLine  STemWin_CM3_OS_wc16_ARGB.a(GUI__Private.o)
    0x0800e28e   0x0800e28e   0x0000003a   Code   RO         2120    .text.GUI__IntersectRect  STemWin_CM3_OS_wc16_ARGB.a(GUI__Private.o)
    0x0800e2c8   0x0800e2c8   0x00000056   Code   RO         2121    .text.GUI__IntersectRects  STemWin_CM3_OS_wc16_ARGB.a(GUI__Private.o)
    0x0800e31e   0x0800e31e   0x00000002   PAD
    0x0800e320   0x0800e320   0x00000010   Code   RO         2109    .text.GUI__ManageCache  STemWin_CM3_OS_wc16_ARGB.a(GUI__ManageCache.o)
    0x0800e330   0x0800e330   0x000000dc   Code   RO         2108    .text.GUI__ManageCacheEx  STemWin_CM3_OS_wc16_ARGB.a(GUI__ManageCache.o)
    0x0800e40c   0x0800e40c   0x0000004c   Code   RO         2444    .text.GUI__MixColors  STemWin_CM3_OS_wc16_ARGB.a(GUI__Alpha.o)
    0x0800e458   0x0800e458   0x00000084   Code   RO         2443    .text.GUI__MixColorsBulk  STemWin_CM3_OS_wc16_ARGB.a(GUI__Alpha.o)
    0x0800e4dc   0x0800e4dc   0x0000001c   Code   RO         2127    .text.GUI__ReduceRect  STemWin_CM3_OS_wc16_ARGB.a(GUI__Private.o)
    0x0800e4f8   0x0800e4f8   0x00000024   Code   RO         1338    .text.GUI__RegisterExit  STemWin_CM3_OS_wc16_ARGB.a(GUI_Core.o)
    0x0800e51c   0x0800e51c   0x0000007c   Code   RO         2133    .text.GUI__SetText  STemWin_CM3_OS_wc16_ARGB.a(GUI__Private.o)
    0x0800e598   0x0800e598   0x00000014   Code   RO         2151    .text.GUI__WrapGetNumBytesToNextLine  STemWin_CM3_OS_wc16_ARGB.a(GUI__Wrap.o)
    0x0800e5ac   0x0800e5ac   0x00000006   Code   RO         2149    .text.GUI__WrapGetNumCharsDisp  STemWin_CM3_OS_wc16_ARGB.a(GUI__Wrap.o)
    0x0800e5b2   0x0800e5b2   0x0000005e   Code   RO         2150    .text.GUI__WrapGetNumCharsToNextLine  STemWin_CM3_OS_wc16_ARGB.a(GUI__Wrap.o)
    0x0800e610   0x0800e610   0x00000064   Code   RO         2124    .text.GUI__memset16  STemWin_CM3_OS_wc16_ARGB.a(GUI__Private.o)
    0x0800e674   0x0800e674   0x00000024   Code   RO         2129    .text.GUI__sqrt32   STemWin_CM3_OS_wc16_ARGB.a(GUI__Private.o)
    0x0800e698   0x0800e698   0x0000002c   Code   RO         2130    .text.GUI__strcmp   STemWin_CM3_OS_wc16_ARGB.a(GUI__Private.o)
    0x0800e6c4   0x0800e6c4   0x00000028   Code   RO         2131    .text.GUI__strcmp_hp  STemWin_CM3_OS_wc16_ARGB.a(GUI__Private.o)
    0x0800e6ec   0x0800e6ec   0x00000018   Code   RO         2132    .text.GUI__strlen   STemWin_CM3_OS_wc16_ARGB.a(GUI__Private.o)
    0x0800e704   0x0800e704   0x00000008   Code   RO         1429    .text.GUI_cos       STemWin_CM3_OS_wc16_ARGB.a(GUI_DrawLine.o)
    0x0800e70c   0x0800e70c   0x0000005c   Code   RO         1428    .text.GUI_sin       STemWin_CM3_OS_wc16_ARGB.a(GUI_DrawLine.o)
    0x0800e768   0x0800e768   0x00000044   Code   RO         2473    .text.LCD_AA_MixColors16  STemWin_CM3_OS_wc16_ARGB.a(LCD_AA.o)
    0x0800e7ac   0x0800e7ac   0x00000010   Code   RO         2475    .text.LCD_AA_SetOrMask  STemWin_CM3_OS_wc16_ARGB.a(LCD_AA.o)
    0x0800e7bc   0x0800e7bc   0x0000001c   Code   RO         2167    .text.LCD_Color2Index  STemWin_CM3_OS_wc16_ARGB.a(LCD.o)
    0x0800e7d8   0x0800e7d8   0x00000224   Code   RO         2164    .text.LCD_DrawBitmap  STemWin_CM3_OS_wc16_ARGB.a(LCD.o)
    0x0800e9fc   0x0800e9fc   0x00000050   Code   RO         2160    .text.LCD_DrawHLine  STemWin_CM3_OS_wc16_ARGB.a(LCD.o)
    0x0800ea4c   0x0800ea4c   0x00000060   Code   RO         2159    .text.LCD_DrawPixel  STemWin_CM3_OS_wc16_ARGB.a(LCD.o)
    0x0800eaac   0x0800eaac   0x00000054   Code   RO         2161    .text.LCD_DrawVLine  STemWin_CM3_OS_wc16_ARGB.a(LCD.o)
    0x0800eb00   0x0800eb00   0x00000058   Code   RO         2162    .text.LCD_FillRect  STemWin_CM3_OS_wc16_ARGB.a(LCD.o)
    0x0800eb58   0x0800eb58   0x00000006   Code   RO         1503    .text.LCD_GetBitsPerPixelEx  STemWin_CM3_OS_wc16_ARGB.a(LCD_GetEx.o)
    0x0800eb5e   0x0800eb5e   0x00000002   PAD
    0x0800eb60   0x0800eb60   0x00000010   Code   RO         2192    .text.LCD_GetBkColorIndex  STemWin_CM3_OS_wc16_ARGB.a(LCD_GetColorIndex.o)
    0x0800eb70   0x0800eb70   0x00000010   Code   RO         2193    .text.LCD_GetColorIndex  STemWin_CM3_OS_wc16_ARGB.a(LCD_GetColorIndex.o)
    0x0800eb80   0x0800eb80   0x00000006   Code   RO         1507    .text.LCD_GetMirrorXEx  STemWin_CM3_OS_wc16_ARGB.a(LCD_GetEx.o)
    0x0800eb86   0x0800eb86   0x00000006   Code   RO         1508    .text.LCD_GetMirrorYEx  STemWin_CM3_OS_wc16_ARGB.a(LCD_GetEx.o)
    0x0800eb8c   0x0800eb8c   0x00000010   Code   RO         1515    .text.LCD_GetNumColors  STemWin_CM3_OS_wc16_ARGB.a(LCD_GetEx.o)
    0x0800eb9c   0x0800eb9c   0x00000006   Code   RO         1504    .text.LCD_GetNumColorsEx  STemWin_CM3_OS_wc16_ARGB.a(LCD_GetEx.o)
    0x0800eba2   0x0800eba2   0x0000001e   Code   RO         2486    .text.LCD_GetNumLayers  STemWin_CM3_OS_wc16_ARGB.a(LCD_GetNumDisplays.o)
    0x0800ebc0   0x0800ebc0   0x00000010   Code   RO         1524    .text.LCD_GetPalette  STemWin_CM3_OS_wc16_ARGB.a(LCD_GetEx.o)
    0x0800ebd0   0x0800ebd0   0x00000016   Code   RO         1523    .text.LCD_GetPaletteEx  STemWin_CM3_OS_wc16_ARGB.a(LCD_GetEx.o)
    0x0800ebe6   0x0800ebe6   0x00000032   Code   RO         1542    .text.LCD_GetPosEx  STemWin_CM3_OS_wc16_ARGB.a(LCD_Set.o)
    0x0800ec18   0x0800ec18   0x00000006   Code   RO         1509    .text.LCD_GetSwapXYEx  STemWin_CM3_OS_wc16_ARGB.a(LCD_GetEx.o)
    0x0800ec1e   0x0800ec1e   0x00000006   Code   RO         1501    .text.LCD_GetVXSizeEx  STemWin_CM3_OS_wc16_ARGB.a(LCD_GetEx.o)
    0x0800ec24   0x0800ec24   0x00000006   Code   RO         1531    .text.LCD_GetVXSizeMax  STemWin_CM3_OS_wc16_ARGB.a(LCD_GetEx.o)
    0x0800ec2a   0x0800ec2a   0x00000006   Code   RO         1502    .text.LCD_GetVYSizeEx  STemWin_CM3_OS_wc16_ARGB.a(LCD_GetEx.o)
    0x0800ec30   0x0800ec30   0x00000010   Code   RO         1510    .text.LCD_GetXSize  STemWin_CM3_OS_wc16_ARGB.a(LCD_GetEx.o)
    0x0800ec40   0x0800ec40   0x0000000c   Code   RO         1535    .text.LCD_GetXSizeDisplay  STemWin_CM3_OS_wc16_ARGB.a(LCD_GetEx.o)
    0x0800ec4c   0x0800ec4c   0x00000006   Code   RO         1499    .text.LCD_GetXSizeEx  STemWin_CM3_OS_wc16_ARGB.a(LCD_GetEx.o)
    0x0800ec52   0x0800ec52   0x00000006   Code   RO         1529    .text.LCD_GetXSizeMax  STemWin_CM3_OS_wc16_ARGB.a(LCD_GetEx.o)
    0x0800ec58   0x0800ec58   0x00000010   Code   RO         1511    .text.LCD_GetYSize  STemWin_CM3_OS_wc16_ARGB.a(LCD_GetEx.o)
    0x0800ec68   0x0800ec68   0x0000000c   Code   RO         1536    .text.LCD_GetYSizeDisplay  STemWin_CM3_OS_wc16_ARGB.a(LCD_GetEx.o)
    0x0800ec74   0x0800ec74   0x00000006   Code   RO         1500    .text.LCD_GetYSizeEx  STemWin_CM3_OS_wc16_ARGB.a(LCD_GetEx.o)
    0x0800ec7a   0x0800ec7a   0x00000006   Code   RO         1530    .text.LCD_GetYSizeMax  STemWin_CM3_OS_wc16_ARGB.a(LCD_GetEx.o)
    0x0800ec80   0x0800ec80   0x00000004   Code   RO         2185    .text.LCD_GetpPalConvTableBM  STemWin_CM3_OS_wc16_ARGB.a(LCD_Color.o)
    0x0800ec84   0x0800ec84   0x0000006c   Code   RO         2183    .text.LCD_GetpPalConvTableUncached  STemWin_CM3_OS_wc16_ARGB.a(LCD_Color.o)
    0x0800ecf0   0x0800ecf0   0x0000001c   Code   RO         2168    .text.LCD_Index2Color  STemWin_CM3_OS_wc16_ARGB.a(LCD.o)
    0x0800ed0c   0x0800ed0c   0x0000002c   Code   RO         1165    .text.LCD_Index2Color_565  STemWin_CM3_OS_wc16_ARGB.a(GUICC_565.o)
    0x0800ed38   0x0800ed38   0x00000006   Code   RO         2644    .text.LCD_Index2Color_M888  STemWin_CM3_OS_wc16_ARGB.a(GUICC_M888_Index2Color.o)
    0x0800ed3e   0x0800ed3e   0x00000002   Code   RO         2640    .text.LCD_Index2Color_M8888I  STemWin_CM3_OS_wc16_ARGB.a(GUICC_M8888I_Index2Color.o)
    0x0800ed40   0x0800ed40   0x0000003c   Code   RO         2182    .text.LCD_InitColors  STemWin_CM3_OS_wc16_ARGB.a(LCD_Color.o)
    0x0800ed7c   0x0800ed7c   0x00000088   Code   RO         2186    .text.LCD_InitLUT   STemWin_CM3_OS_wc16_ARGB.a(LCD_Color.o)
    0x0800ee04   0x0800ee04   0x000001a4   Code   RO         2653    .text.LCD_ReadRectEx  STemWin_CM3_OS_wc16_ARGB.a(LCD_ReadRect.o)
    0x0800efa8   0x0800efa8   0x00000040   Code   RO         2225    .text.LCD_SelectLCD  STemWin_CM3_OS_wc16_ARGB.a(LCD_SelectLCD.o)
    0x0800efe8   0x0800efe8   0x0000000c   Code   RO         2173    .text.LCD_SetBkColor  STemWin_CM3_OS_wc16_ARGB.a(LCD.o)
    0x0800eff4   0x0800eff4   0x00000018   Code   RO         2171    .text.LCD_SetBkColorIndex  STemWin_CM3_OS_wc16_ARGB.a(LCD.o)
    0x0800f00c   0x0800f00c   0x00000030   Code   RO         2229    .text.LCD_SetClipRectEx  STemWin_CM3_OS_wc16_ARGB.a(LCD_SetClipRectEx.o)
    0x0800f03c   0x0800f03c   0x0000001c   Code   RO         2165    .text.LCD_SetClipRectMax  STemWin_CM3_OS_wc16_ARGB.a(LCD.o)
    0x0800f058   0x0800f058   0x0000000c   Code   RO         2174    .text.LCD_SetColor  STemWin_CM3_OS_wc16_ARGB.a(LCD.o)
    0x0800f064   0x0800f064   0x00000018   Code   RO         2169    .text.LCD_SetColorIndex  STemWin_CM3_OS_wc16_ARGB.a(LCD.o)
    0x0800f07c   0x0800f07c   0x0000000c   Code   RO         1534    .text.LCD_SetDisplaySize  STemWin_CM3_OS_wc16_ARGB.a(LCD_GetEx.o)
    0x0800f088   0x0800f088   0x0000000c   Code   RO         2158    .text.LCD_SetDrawMode  STemWin_CM3_OS_wc16_ARGB.a(LCD.o)
    0x0800f094   0x0800f094   0x00000030   Code   RO         1552    .text.LCD_SetLUTEntryEx  STemWin_CM3_OS_wc16_ARGB.a(LCD_Set.o)
    0x0800f0c4   0x0800f0c4   0x00000030   Code   RO         1553    .text.LCD_SetPosEx  STemWin_CM3_OS_wc16_ARGB.a(LCD_Set.o)
    0x0800f0f4   0x0800f0f4   0x00000030   Code   RO         1554    .text.LCD_SetSizeEx  STemWin_CM3_OS_wc16_ARGB.a(LCD_Set.o)
    0x0800f124   0x0800f124   0x00000030   Code   RO         1557    .text.LCD_SetVSizeEx  STemWin_CM3_OS_wc16_ARGB.a(LCD_Set.o)
    0x0800f154   0x0800f154   0x00000024   Code   RO         2233    .text.LCD_UpdateColorIndices  STemWin_CM3_OS_wc16_ARGB.a(LCD_UpdateColorIndices.o)
    0x0800f178   0x0800f178   0x000001d8   Code   RO         2163    .text.LCD__DrawBitmap_1bpp  STemWin_CM3_OS_wc16_ARGB.a(LCD.o)
    0x0800f350   0x0800f350   0x0000007e   Code   RO         1537    .text.LCD__GetBPP   STemWin_CM3_OS_wc16_ARGB.a(LCD_GetEx.o)
    0x0800f3ce   0x0800f3ce   0x0000002c   Code   RO         1538    .text.LCD__GetBPPDevice  STemWin_CM3_OS_wc16_ARGB.a(LCD_GetEx.o)
    0x0800f3fa   0x0800f3fa   0x000000c6   Code   RO         1863    .text.TEXT_Callback  STemWin_CM3_OS_wc16_ARGB.a(TEXT.o)
    0x0800f4c0   0x0800f4c0   0x00000024   Code   RO         1865    .text.TEXT_CreateEx  STemWin_CM3_OS_wc16_ARGB.a(TEXT.o)
    0x0800f4e4   0x0800f4e4   0x000000a0   Code   RO         1864    .text.TEXT_CreateUser  STemWin_CM3_OS_wc16_ARGB.a(TEXT.o)
    0x0800f584   0x0800f584   0x00000068   Code   RO         1869    .text.TEXT_GetText  STemWin_CM3_OS_wc16_ARGB.a(TEXT.o)
    0x0800f5ec   0x0800f5ec   0x00000034   Code   RO         2372    .text.WIDGET_AndState  STemWin_CM3_OS_wc16_ARGB.a(WIDGET.o)
    0x0800f620   0x0800f620   0x0000014a   Code   RO         2374    .text.WIDGET_HandleActive  STemWin_CM3_OS_wc16_ARGB.a(WIDGET.o)
    0x0800f76a   0x0800f76a   0x00000034   Code   RO         2371    .text.WIDGET_OrState  STemWin_CM3_OS_wc16_ARGB.a(WIDGET.o)
    0x0800f79e   0x0800f79e   0x0000002e   Code   RO         2369    .text.WIDGET_SetState  STemWin_CM3_OS_wc16_ARGB.a(WIDGET.o)
    0x0800f7cc   0x0800f7cc   0x0000001a   Code   RO         2363    .text.WIDGET__GetInsideRect  STemWin_CM3_OS_wc16_ARGB.a(WIDGET.o)
    0x0800f7e6   0x0800f7e6   0x00000002   PAD
    0x0800f7e8   0x0800f7e8   0x00000010   Code   RO         2367    .text.WIDGET__Init  STemWin_CM3_OS_wc16_ARGB.a(WIDGET.o)
    0x0800f7f8   0x0800f7f8   0x00000010   Code   RO         1727    .text.WM_Activate   STemWin_CM3_OS_wc16_ARGB.a(WM.o)
    0x0800f808   0x0800f808   0x00000090   Code   RO         1771    .text.WM_BringToBottom  STemWin_CM3_OS_wc16_ARGB.a(WM_Lib.o)
    0x0800f898   0x0800f898   0x00000080   Code   RO         2583    .text.WM_BringToTop  STemWin_CM3_OS_wc16_ARGB.a(WM_BringToTop.o)
    0x0800f918   0x0800f918   0x00000068   Code   RO         1821    .text.WM_CreateTimer  STemWin_CM3_OS_wc16_ARGB.a(WM_Timer.o)
    0x0800f980   0x0800f980   0x00000168   Code   RO         1713    .text.WM_CreateWindowAsChild  STemWin_CM3_OS_wc16_ARGB.a(WM.o)
    0x0800fae8   0x0800fae8   0x00000020   Code   RO         1728    .text.WM_Deactivate  STemWin_CM3_OS_wc16_ARGB.a(WM.o)
    0x0800fb08   0x0800fb08   0x00000048   Code   RO         1729    .text.WM_DefaultProc  STemWin_CM3_OS_wc16_ARGB.a(WM.o)
    0x0800fb50   0x0800fb50   0x00000030   Code   RO         1819    .text.WM_DeleteTimer  STemWin_CM3_OS_wc16_ARGB.a(WM_Timer.o)
    0x0800fb80   0x0800fb80   0x00000124   Code   RO         1715    .text.WM_DeleteWindow  STemWin_CM3_OS_wc16_ARGB.a(WM.o)
    0x0800fca4   0x0800fca4   0x00000088   Code   RO         1726    .text.WM_Exec       STemWin_CM3_OS_wc16_ARGB.a(WM.o)
    0x0800fd2c   0x0800fd2c   0x0000001e   Code   RO         1743    .text.WM_ForEachDesc  STemWin_CM3_OS_wc16_ARGB.a(WM_Lib.o)
    0x0800fd4a   0x0800fd4a   0x00000002   PAD
    0x0800fd4c   0x0800fd4c   0x0000000c   Code   RO         1717    .text.WM_GetActiveWindow  STemWin_CM3_OS_wc16_ARGB.a(WM.o)
    0x0800fd58   0x0800fd58   0x0000002c   Code   RO         1747    .text.WM_GetClientRect  STemWin_CM3_OS_wc16_ARGB.a(WM_Lib.o)
    0x0800fd84   0x0800fd84   0x0000001a   Code   RO         1746    .text.WM_GetClientRectEx  STemWin_CM3_OS_wc16_ARGB.a(WM_Lib.o)
    0x0800fd9e   0x0800fd9e   0x00000002   PAD
    0x0800fda0   0x0800fda0   0x00000018   Code   RO         1749    .text.WM_GetDesktopWindow  STemWin_CM3_OS_wc16_ARGB.a(WM_Lib.o)
    0x0800fdb8   0x0800fdb8   0x00000014   Code   RO         1750    .text.WM_GetDesktopWindowEx  STemWin_CM3_OS_wc16_ARGB.a(WM_Lib.o)
    0x0800fdcc   0x0800fdcc   0x0000001a   Code   RO         1756    .text.WM_GetFirstChild  STemWin_CM3_OS_wc16_ARGB.a(WM_Lib.o)
    0x0800fde6   0x0800fde6   0x0000001e   Code   RO         2299    .text.WM_GetHasTrans  STemWin_CM3_OS_wc16_ARGB.a(WM_SetTrans.o)
    0x0800fe04   0x0800fe04   0x00000020   Code   RO         1759    .text.WM_GetId      STemWin_CM3_OS_wc16_ARGB.a(WM_Lib.o)
    0x0800fe24   0x0800fe24   0x0000001a   Code   RO         1770    .text.WM_GetParent  STemWin_CM3_OS_wc16_ARGB.a(WM_Lib.o)
    0x0800fe3e   0x0800fe3e   0x00000028   Code   RO         1823    .text.WM_GetTimerId  STemWin_CM3_OS_wc16_ARGB.a(WM_Timer.o)
    0x0800fe66   0x0800fe66   0x0000001c   Code   RO         1766    .text.WM_GetWindowOrgX  STemWin_CM3_OS_wc16_ARGB.a(WM_Lib.o)
    0x0800fe82   0x0800fe82   0x00000026   Code   RO         1778    .text.WM_GetWindowRectEx  STemWin_CM3_OS_wc16_ARGB.a(WM_Lib.o)
    0x0800fea8   0x0800fea8   0x00000038   Code   RO         2589    .text.WM_GetWindowSizeX  STemWin_CM3_OS_wc16_ARGB.a(WM_GetWindowSize.o)
    0x0800fee0   0x0800fee0   0x00000038   Code   RO         2590    .text.WM_GetWindowSizeY  STemWin_CM3_OS_wc16_ARGB.a(WM_GetWindowSize.o)
    0x0800ff18   0x0800ff18   0x000003a0   Code   RO         2310    .text.WM_HandlePID  STemWin_CM3_OS_wc16_ARGB.a(WM_Touch.o)
    0x080102b8   0x080102b8   0x000000f0   Code   RO         1731    .text.WM_Init       STemWin_CM3_OS_wc16_ARGB.a(WM.o)
    0x080103a8   0x080103a8   0x00000082   Code   RO         1709    .text.WM_InvalidateRect  STemWin_CM3_OS_wc16_ARGB.a(WM.o)
    0x0801042a   0x0801042a   0x00000006   Code   RO         1710    .text.WM_InvalidateWindow  STemWin_CM3_OS_wc16_ARGB.a(WM.o)
    0x08010430   0x08010430   0x00000064   Code   RO         1704    .text.WM_InvalidateWindowAndDescsEx  STemWin_CM3_OS_wc16_ARGB.a(WM.o)
    0x08010494   0x08010494   0x00000018   Code   RO         1786    .text.WM_IsWindow   STemWin_CM3_OS_wc16_ARGB.a(WM_Lib.o)
    0x080104ac   0x080104ac   0x0000001e   Code   RO         2292    .text.WM_MoveWindow  STemWin_CM3_OS_wc16_ARGB.a(WM_Move.o)
    0x080104ca   0x080104ca   0x00000014   Code   RO         1794    .text.WM_NotifyParent  STemWin_CM3_OS_wc16_ARGB.a(WM_Lib.o)
    0x080104de   0x080104de   0x00000002   PAD
    0x080104e0   0x080104e0   0x00000044   Code   RO         1788    .text.WM_OnKey      STemWin_CM3_OS_wc16_ARGB.a(WM_Lib.o)
    0x08010524   0x08010524   0x00000014   Code   RO         2595    .text.WM_PID__SetPrevState  STemWin_CM3_OS_wc16_ARGB.a(WM_PID__GetPrevState.o)
    0x08010538   0x08010538   0x00000012   Code   RO         2608    .text.WM_ReleaseCapture  STemWin_CM3_OS_wc16_ARGB.a(WM_SetCapture.o)
    0x0801054a   0x0801054a   0x00000108   Code   RO         1791    .text.WM_ResizeWindow  STemWin_CM3_OS_wc16_ARGB.a(WM_Lib.o)
    0x08010652   0x08010652   0x00000038   Code   RO         1822    .text.WM_RestartTimer  STemWin_CM3_OS_wc16_ARGB.a(WM_Timer.o)
    0x0801068a   0x0801068a   0x00000002   PAD
    0x0801068c   0x0801068c   0x0000002c   Code   RO         2601    .text.WM_Screen2hWin  STemWin_CM3_OS_wc16_ARGB.a(WM_Screen2Win.o)
    0x080106b8   0x080106b8   0x00000048   Code   RO         1712    .text.WM_SelectWindow  STemWin_CM3_OS_wc16_ARGB.a(WM.o)
    0x08010700   0x08010700   0x0000001e   Code   RO         1698    .text.WM_SendMessage  STemWin_CM3_OS_wc16_ARGB.a(WM.o)
    0x0801071e   0x0801071e   0x0000001a   Code   RO         1792    .text.WM_SendMessageNoPara  STemWin_CM3_OS_wc16_ARGB.a(WM_Lib.o)
    0x08010738   0x08010738   0x00000026   Code   RO         1793    .text.WM_SendToParent  STemWin_CM3_OS_wc16_ARGB.a(WM_Lib.o)
    0x0801075e   0x0801075e   0x00000036   Code   RO         1796    .text.WM_SetCallback  STemWin_CM3_OS_wc16_ARGB.a(WM_Lib.o)
    0x08010794   0x08010794   0x00000010   Code   RO         1797    .text.WM_SetCreateFlags  STemWin_CM3_OS_wc16_ARGB.a(WM_Lib.o)
    0x080107a4   0x080107a4   0x00000014   Code   RO         1720    .text.WM_SetDefault  STemWin_CM3_OS_wc16_ARGB.a(WM.o)
    0x080107b8   0x080107b8   0x000000a8   Code   RO         1801    .text.WM_SetFocus   STemWin_CM3_OS_wc16_ARGB.a(WM_Lib.o)
    0x08010860   0x08010860   0x00000048   Code   RO         2297    .text.WM_SetHasTrans  STemWin_CM3_OS_wc16_ARGB.a(WM_SetTrans.o)
    0x080108a8   0x080108a8   0x00000056   Code   RO         1805    .text.WM_SetSize    STemWin_CM3_OS_wc16_ARGB.a(WM_Lib.o)
    0x080108fe   0x080108fe   0x00000002   PAD
    0x08010900   0x08010900   0x00000020   Code   RO         1806    .text.WM_SetUserClipRect  STemWin_CM3_OS_wc16_ARGB.a(WM_Lib.o)
    0x08010920   0x08010920   0x00000038   Code   RO         1814    .text.WM_ValidateWindow  STemWin_CM3_OS_wc16_ARGB.a(WM_Lib.o)
    0x08010958   0x08010958   0x00000048   Code   RO         1694    .text.WM__ActivateClipRect  STemWin_CM3_OS_wc16_ARGB.a(WM.o)
    0x080109a0   0x080109a0   0x00000010   Code   RO         2339    .text.WM__AddCriticalHandle  STemWin_CM3_OS_wc16_ARGB.a(WM__Private.o)
    0x080109b0   0x080109b0   0x00000010   Code   RO         1692    .text.WM__Client2Screen  STemWin_CM3_OS_wc16_ARGB.a(WM.o)
    0x080109c0   0x080109c0   0x00000058   Code   RO         1689    .text.WM__ClipAtParentBorders  STemWin_CM3_OS_wc16_ARGB.a(WM.o)
    0x08010a18   0x08010a18   0x00000052   Code   RO         1820    .text.WM__DeleteAssocTimer  STemWin_CM3_OS_wc16_ARGB.a(WM_Timer.o)
    0x08010a6a   0x08010a6a   0x0000002a   Code   RO         1708    .text.WM__DetachWindow  STemWin_CM3_OS_wc16_ARGB.a(WM.o)
    0x08010a94   0x08010a94   0x0000002a   Code   RO         2322    .text.WM__ForEachDesc  STemWin_CM3_OS_wc16_ARGB.a(WM__Private.o)
    0x08010abe   0x08010abe   0x00000022   Code   RO         2341    .text.WM__GetClientRectEx  STemWin_CM3_OS_wc16_ARGB.a(WM__Private.o)
    0x08010ae0   0x08010ae0   0x00000018   Code   RO         1700    .text.WM__GetClientRectWin  STemWin_CM3_OS_wc16_ARGB.a(WM.o)
    0x08010af8   0x08010af8   0x00000012   Code   RO         2323    .text.WM__GetFirstSibling  STemWin_CM3_OS_wc16_ARGB.a(WM__Private.o)
    0x08010b0a   0x08010b0a   0x00000002   PAD
    0x08010b0c   0x08010b0c   0x00000184   Code   RO         1718    .text.WM__GetNextIVR  STemWin_CM3_OS_wc16_ARGB.a(WM.o)
    0x08010c90   0x08010c90   0x00000026   Code   RO         2327    .text.WM__GetPrevSibling  STemWin_CM3_OS_wc16_ARGB.a(WM__Private.o)
    0x08010cb6   0x08010cb6   0x00000002   PAD
    0x08010cb8   0x08010cb8   0x00000028   Code   RO         1701    .text.WM__GetTopLevelLayer  STemWin_CM3_OS_wc16_ARGB.a(WM.o)
    0x08010ce0   0x08010ce0   0x00000100   Code   RO         1719    .text.WM__InitIVRSearch  STemWin_CM3_OS_wc16_ARGB.a(WM.o)
    0x08010de0   0x08010de0   0x000000ac   Code   RO         1690    .text.WM__InsertWindowIntoList  STemWin_CM3_OS_wc16_ARGB.a(WM.o)
    0x08010e8c   0x08010e8c   0x00000006   Code   RO         1703    .text.WM__Invalidate1Abs  STemWin_CM3_OS_wc16_ARGB.a(WM.o)
    0x08010e92   0x08010e92   0x00000002   PAD
    0x08010e94   0x08010e94   0x00000050   Code   RO         1696    .text.WM__InvalidateDrawAndDescs  STemWin_CM3_OS_wc16_ARGB.a(WM.o)
    0x08010ee4   0x08010ee4   0x0000002a   Code   RO         1706    .text.WM__InvalidateParent  STemWin_CM3_OS_wc16_ARGB.a(WM.o)
    0x08010f0e   0x08010f0e   0x00000076   Code   RO         1705    .text.WM__InvalidateRect  STemWin_CM3_OS_wc16_ARGB.a(WM.o)
    0x08010f84   0x08010f84   0x00000006   Code   RO         1707    .text.WM__InvalidateRectEx  STemWin_CM3_OS_wc16_ARGB.a(WM.o)
    0x08010f8a   0x08010f8a   0x00000022   Code   RO         2328    .text.WM__IsAncestor  STemWin_CM3_OS_wc16_ARGB.a(WM__Private.o)
    0x08010fac   0x08010fac   0x00000012   Code   RO         2332    .text.WM__IsEnabled  STemWin_CM3_OS_wc16_ARGB.a(WM__Private.o)
    0x08010fbe   0x08010fbe   0x00000002   PAD
    0x08010fc0   0x08010fc0   0x00000060   Code   RO         2304    .text.WM__IsInModalArea  STemWin_CM3_OS_wc16_ARGB.a(WM_Touch.o)
    0x08011020   0x08011020   0x00000036   Code   RO         2599    .text.WM__IsInWindow  STemWin_CM3_OS_wc16_ARGB.a(WM_Screen2Win.o)
    0x08011056   0x08011056   0x00000002   PAD
    0x08011058   0x08011058   0x00000020   Code   RO         1695    .text.WM__IsWindow  STemWin_CM3_OS_wc16_ARGB.a(WM.o)
    0x08011078   0x08011078   0x000000a8   Code   RO         2290    .text.WM__MoveWindow  STemWin_CM3_OS_wc16_ARGB.a(WM_Move.o)
    0x08011120   0x08011120   0x000000b4   Code   RO         1722    .text.WM__Paint     STemWin_CM3_OS_wc16_ARGB.a(WM.o)
    0x080111d4   0x080111d4   0x00000094   Code   RO         1721    .text.WM__Paint1    STemWin_CM3_OS_wc16_ARGB.a(WM.o)
    0x08011268   0x08011268   0x00000078   Code   RO         1687    .text.WM__PaintWinAndOverlays  STemWin_CM3_OS_wc16_ARGB.a(WM.o)
    0x080112e0   0x080112e0   0x00000022   Code   RO         1697    .text.WM__RectIsNZ  STemWin_CM3_OS_wc16_ARGB.a(WM.o)
    0x08011302   0x08011302   0x00000002   PAD
    0x08011304   0x08011304   0x00000030   Code   RO         2606    .text.WM__ReleaseCapture  STemWin_CM3_OS_wc16_ARGB.a(WM_SetCapture.o)
    0x08011334   0x08011334   0x0000002c   Code   RO         2340    .text.WM__RemoveCriticalHandle  STemWin_CM3_OS_wc16_ARGB.a(WM__Private.o)
    0x08011360   0x08011360   0x0000003c   Code   RO         1691    .text.WM__RemoveWindowFromList  STemWin_CM3_OS_wc16_ARGB.a(WM.o)
    0x0801139c   0x0801139c   0x00000014   Code   RO         1711    .text.WM__SelectTopLevelLayer  STemWin_CM3_OS_wc16_ARGB.a(WM.o)
    0x080113b0   0x080113b0   0x0000003c   Code   RO         2335    .text.WM__SendMessage  STemWin_CM3_OS_wc16_ARGB.a(WM__Private.o)
    0x080113ec   0x080113ec   0x0000001a   Code   RO         2336    .text.WM__SendMessageIfEnabled  STemWin_CM3_OS_wc16_ARGB.a(WM__Private.o)
    0x08011406   0x08011406   0x00000028   Code   RO         2337    .text.WM__SendMessageNoPara  STemWin_CM3_OS_wc16_ARGB.a(WM__Private.o)
    0x0801142e   0x0801142e   0x00000016   Code   RO         1699    .text.WM__SendMsgNoData  STemWin_CM3_OS_wc16_ARGB.a(WM.o)
    0x08011444   0x08011444   0x00000042   Code   RO         2305    .text.WM__SendPIDMessage  STemWin_CM3_OS_wc16_ARGB.a(WM_Touch.o)
    0x08011486   0x08011486   0x0000003a   Code   RO         2306    .text.WM__SendTouchMessage  STemWin_CM3_OS_wc16_ARGB.a(WM_Touch.o)
    0x080114c0   0x080114c0   0x000000ec   Code   RO         2338    .text.WM__UpdateChildPositions  STemWin_CM3_OS_wc16_ARGB.a(WM__Private.o)
    0x080115ac   0x080115ac   0x00000040   Code   RO         1447    .text._Add          STemWin_CM3_OS_wc16_ARGB.a(GUI_FillPolygon.o)
    0x080115ec   0x080115ec   0x000000a4   Code   RO         1184    .text._AddFreeMemory  STemWin_CM3_OS_wc16_ARGB.a(GUI_Alloc.o)
    0x08011690   0x08011690   0x000000f0   Code   RO         1210    .text._Alloc        STemWin_CM3_OS_wc16_ARGB.a(GUI_Alloc.o)
    0x08011780   0x08011780   0x00000004   Code   RO         2087    .text._CalcSizeOfChar  STemWin_CM3_OS_wc16_ARGB.a(GUI_UC_EncodeNone.o)
    0x08011784   0x08011784   0x00000044   Code   RO         2661    .text._ClipX        STemWin_CM3_OS_wc16_ARGB.a(GUIDEV_WriteToActiveAlpha.o)
    0x080117c8   0x080117c8   0x00000044   Code   RO         2662    .text._ClipY        STemWin_CM3_OS_wc16_ARGB.a(GUIDEV_WriteToActiveAlpha.o)
    0x0801180c   0x0801180c   0x00000038   Code   RO         1168    .text._Color2IndexBulk  STemWin_CM3_OS_wc16_ARGB.a(GUICC_565.o)
    0x08011844   0x08011844   0x00000010   Code   RO         2393    .text._Color2IndexBulk_M8888I  STemWin_CM3_OS_wc16_ARGB.a(GUICC_M8888I.o)
    0x08011854   0x08011854   0x00000052   Code   RO         2402    .text._Color2Index_0  STemWin_CM3_OS_wc16_ARGB.a(GUICC_0.o)
    0x080118a6   0x080118a6   0x00000002   PAD
    0x080118a8   0x080118a8   0x00000028   Code   RO         1166    .text._Color2Index_565  STemWin_CM3_OS_wc16_ARGB.a(GUICC_565.o)
    0x080118d0   0x080118d0   0x00000002   Code   RO         2391    .text._Color2Index_M8888I  STemWin_CM3_OS_wc16_ARGB.a(GUICC_M8888I.o)
    0x080118d2   0x080118d2   0x0000003e   Code   RO         2576    .text._Convert16    STemWin_CM3_OS_wc16_ARGB.a(GUIDEV_WriteToActiveOpaque.o)
    0x08011910   0x08011910   0x00000042   Code   RO         2577    .text._Convert8     STemWin_CM3_OS_wc16_ARGB.a(GUIDEV_WriteToActiveOpaque.o)
    0x08011952   0x08011952   0x00000036   Code   RO         2345    .text._Create       STemWin_CM3_OS_wc16_ARGB.a(BUTTON_Skin.o)
    0x08011988   0x08011988   0x000000a6   Code   RO         1985    .text._CreateBuffer  STemWin_CM3_OS_wc16_ARGB.a(GUI_SPRITE.o)
    0x08011a2e   0x08011a2e   0x00000002   PAD
    0x08011a30   0x08011a30   0x00000164   Code   RO         2277    .text._CreateStaticDevice  STemWin_CM3_OS_wc16_ARGB.a(GUIDEV_StaticDevices.o)
    0x08011b94   0x08011b94   0x0000009c   Code   RO         1905    .text._DispLine     STemWin_CM3_OS_wc16_ARGB.a(GUI_CharLine.o)
    0x08011c30   0x08011c30   0x0000000e   Code   RO         1587    .text._DrawBitmap   STemWin_CM3_OS_wc16_ARGB.a(GUIDRV_FlexColor.o)
    0x08011c3e   0x08011c3e   0x00000002   PAD
    0x08011c40   0x08011c40   0x00000538   Code   RO         1641    .text._DrawBitmap   STemWin_CM3_OS_wc16_ARGB.a(GUIDRV_FlexColor_16bpp_C0B16.o)
    0x08012178   0x08012178   0x00000748   Code   RO         2265    .text._DrawBitmap   STemWin_CM3_OS_wc16_ARGB.a(GUIDEV_16.o)
    0x080128c0   0x080128c0   0x0000071c   Code   RO         2514    .text._DrawBitmap   STemWin_CM3_OS_wc16_ARGB.a(GUIDEV_32.o)
    0x08012fdc   0x08012fdc   0x00000014   Code   RO         2631    .text._DrawDown     STemWin_CM3_OS_wc16_ARGB.a(WIDGET_Effect_Simple.o)
    0x08012ff0   0x08012ff0   0x00000038   Code   RO         2629    .text._DrawDownRect  STemWin_CM3_OS_wc16_ARGB.a(WIDGET_Effect_Simple.o)
    0x08013028   0x08013028   0x00000196   Code   RO         2409    .text._DrawGradient  STemWin_CM3_OS_wc16_ARGB.a(GUI_DrawGradient.o)
    0x080131be   0x080131be   0x00000010   Code   RO         1584    .text._DrawHLine    STemWin_CM3_OS_wc16_ARGB.a(GUIDRV_FlexColor.o)
    0x080131ce   0x080131ce   0x0000000e   Code   RO         2264    .text._DrawHLine    STemWin_CM3_OS_wc16_ARGB.a(GUIDEV_16.o)
    0x080131dc   0x080131dc   0x0000000e   Code   RO         2513    .text._DrawHLine    STemWin_CM3_OS_wc16_ARGB.a(GUIDEV_32.o)
    0x080131ea   0x080131ea   0x00000004   Code   RO         2632    .text._DrawUp       STemWin_CM3_OS_wc16_ARGB.a(WIDGET_Effect_Simple.o)
    0x080131ee   0x080131ee   0x00000004   Code   RO         2630    .text._DrawUpRect   STemWin_CM3_OS_wc16_ARGB.a(WIDGET_Effect_Simple.o)
    0x080131f2   0x080131f2   0x00000012   Code   RO         1585    .text._DrawVLine    STemWin_CM3_OS_wc16_ARGB.a(GUIDRV_FlexColor.o)
    0x08013204   0x08013204   0x000000bc   Code   RO         2262    .text._DrawVLine    STemWin_CM3_OS_wc16_ARGB.a(GUIDEV_16.o)
    0x080132c0   0x080132c0   0x000000b4   Code   RO         2511    .text._DrawVLine    STemWin_CM3_OS_wc16_ARGB.a(GUIDEV_32.o)
    0x08013374   0x08013374   0x00000006   Code   RO         2088    .text._Encode       STemWin_CM3_OS_wc16_ARGB.a(GUI_UC_EncodeNone.o)
    0x0801337a   0x0801337a   0x00000002   PAD
    0x0801337c   0x0801337c   0x0000009c   Code   RO         1205    .text._EnlargeBlocks  STemWin_CM3_OS_wc16_ARGB.a(GUI_Alloc.o)
    0x08013418   0x08013418   0x00000094   Code   RO         1723    .text._Exec1Draw    STemWin_CM3_OS_wc16_ARGB.a(WM.o)
    0x080134ac   0x080134ac   0x0000008c   Code   RO         1716    .text._Exec1Input   STemWin_CM3_OS_wc16_ARGB.a(WM.o)
    0x08013538   0x08013538   0x0000000e   Code   RO         1586    .text._FillRect     STemWin_CM3_OS_wc16_ARGB.a(GUIDRV_FlexColor.o)
    0x08013546   0x08013546   0x00000002   PAD
    0x08013548   0x08013548   0x000000f0   Code   RO         1640    .text._FillRect     STemWin_CM3_OS_wc16_ARGB.a(GUIDRV_FlexColor_16bpp_C0B16.o)
    0x08013638   0x08013638   0x000000b4   Code   RO         2263    .text._FillRect     STemWin_CM3_OS_wc16_ARGB.a(GUIDEV_16.o)
    0x080136ec   0x080136ec   0x000000b4   Code   RO         2512    .text._FillRect     STemWin_CM3_OS_wc16_ARGB.a(GUIDEV_32.o)
    0x080137a0   0x080137a0   0x00000086   Code   RO         1683    .text._Findx0       STemWin_CM3_OS_wc16_ARGB.a(WM.o)
    0x08013826   0x08013826   0x00000072   Code   RO         1684    .text._Findx1       STemWin_CM3_OS_wc16_ARGB.a(WM.o)
    0x08013898   0x08013898   0x000000a6   Code   RO         1682    .text._Findy1       STemWin_CM3_OS_wc16_ARGB.a(WM.o)
    0x0801393e   0x0801393e   0x0000007a   Code   RO         1991    .text._FlushBuffer.isra.5  STemWin_CM3_OS_wc16_ARGB.a(GUI_SPRITE.o)
    0x080139b8   0x080139b8   0x00000004   Code   RO         2561    .text._GUI_USAGE_BM_Delete  STemWin_CM3_OS_wc16_ARGB.a(GUIDEV_UsageBM.o)
    0x080139bc   0x080139bc   0x00000070   Code   RO         1987    .text._GetBkIndex.isra.0  STemWin_CM3_OS_wc16_ARGB.a(GUI_SPRITE.o)
    0x08013a2c   0x08013a2c   0x00000076   Code   RO         1988    .text._GetBkIndexAlpha.isra.2  STemWin_CM3_OS_wc16_ARGB.a(GUI_SPRITE.o)
    0x08013aa2   0x08013aa2   0x00000004   Code   RO         2085    .text._GetCharCode  STemWin_CM3_OS_wc16_ARGB.a(GUI_UC_EncodeNone.o)
    0x08013aa6   0x08013aa6   0x00000004   Code   RO         2086    .text._GetCharSize  STemWin_CM3_OS_wc16_ARGB.a(GUI_UC_EncodeNone.o)
    0x08013aaa   0x08013aaa   0x00000036   Code   RO         2147    .text._GetCharWrap  STemWin_CM3_OS_wc16_ARGB.a(GUI__Wrap.o)
    0x08013ae0   0x08013ae0   0x0000000c   Code   RO         1596    .text._GetDevData   STemWin_CM3_OS_wc16_ARGB.a(GUIDRV_FlexColor.o)
    0x08013aec   0x08013aec   0x00000010   Code   RO         2254    .text._GetDevData   STemWin_CM3_OS_wc16_ARGB.a(GUIDEV_16.o)
    0x08013afc   0x08013afc   0x00000010   Code   RO         2502    .text._GetDevData   STemWin_CM3_OS_wc16_ARGB.a(GUIDEV_32.o)
    0x08013b0c   0x08013b0c   0x0000007c   Code   RO         1594    .text._GetDevFunc   STemWin_CM3_OS_wc16_ARGB.a(GUIDRV_FlexColor.o)
    0x08013b88   0x08013b88   0x00000010   Code   RO         2255    .text._GetDevFunc   STemWin_CM3_OS_wc16_ARGB.a(GUIDEV_16.o)
    0x08013b98   0x08013b98   0x00000010   Code   RO         2503    .text._GetDevFunc   STemWin_CM3_OS_wc16_ARGB.a(GUIDEV_32.o)
    0x08013ba8   0x08013ba8   0x0000004a   Code   RO         1627    .text._GetDevFunc_Init  STemWin_CM3_OS_wc16_ARGB.a(GUIDRV_FlexColor.o)
    0x08013bf2   0x08013bf2   0x00000016   Code   RO         1630    .text._GetDevFunc_Off  STemWin_CM3_OS_wc16_ARGB.a(GUIDRV_FlexColor.o)
    0x08013c08   0x08013c08   0x00000016   Code   RO         1631    .text._GetDevFunc_On  STemWin_CM3_OS_wc16_ARGB.a(GUIDRV_FlexColor.o)
    0x08013c1e   0x08013c1e   0x00000002   Code   RO         1588    .text._GetDevFunc_SetRect  STemWin_CM3_OS_wc16_ARGB.a(GUIDRV_FlexColor.o)
    0x08013c20   0x08013c20   0x00000040   Code   RO         1589    .text._GetDevFunc_SetRectOutside  STemWin_CM3_OS_wc16_ARGB.a(GUIDRV_FlexColor.o)
    0x08013c60   0x08013c60   0x00000014   Code   RO         1628    .text._GetDevFunc_SetSize  STemWin_CM3_OS_wc16_ARGB.a(GUIDRV_FlexColor.o)
    0x08013c74   0x08013c74   0x00000014   Code   RO         1629    .text._GetDevFunc_SetVSize  STemWin_CM3_OS_wc16_ARGB.a(GUIDRV_FlexColor.o)
    0x08013c88   0x08013c88   0x0000001e   Code   RO         1497    .text._GetDevProp   STemWin_CM3_OS_wc16_ARGB.a(LCD_GetEx.o)
    0x08013ca6   0x08013ca6   0x0000005a   Code   RO         1595    .text._GetDevProp   STemWin_CM3_OS_wc16_ARGB.a(GUIDRV_FlexColor.o)
    0x08013d00   0x08013d00   0x00000018   Code   RO         2266    .text._GetDevProp   STemWin_CM3_OS_wc16_ARGB.a(GUIDEV_16.o)
    0x08013d18   0x08013d18   0x0000000a   Code   RO         2504    .text._GetDevProp   STemWin_CM3_OS_wc16_ARGB.a(GUIDEV_32.o)
    0x08013d22   0x08013d22   0x00000002   PAD
    0x08013d24   0x08013d24   0x0000003c   Code   RO         1990    .text._GetDeviceRect  STemWin_CM3_OS_wc16_ARGB.a(GUI_SPRITE.o)
    0x08013d60   0x08013d60   0x00000052   Code   RO         2400    .text._GetIndexMask_0  STemWin_CM3_OS_wc16_ARGB.a(GUICC_0.o)
    0x08013db2   0x08013db2   0x00000006   Code   RO         1167    .text._GetIndexMask_565  STemWin_CM3_OS_wc16_ARGB.a(GUICC_565.o)
    0x08013db8   0x08013db8   0x00000006   Code   RO         2392    .text._GetIndexMask_M8888I  STemWin_CM3_OS_wc16_ARGB.a(GUICC_M8888I.o)
    0x08013dbe   0x08013dbe   0x00000022   Code   RO         1498    .text._GetMaxValue  STemWin_CM3_OS_wc16_ARGB.a(LCD_GetEx.o)
    0x08013de0   0x08013de0   0x00000008   Code   RO         1582    .text._GetPixelIndex  STemWin_CM3_OS_wc16_ARGB.a(GUIDRV_FlexColor.o)
    0x08013de8   0x08013de8   0x0000000e   Code   RO         2259    .text._GetPixelIndex  STemWin_CM3_OS_wc16_ARGB.a(GUIDEV_16.o)
    0x08013df6   0x08013df6   0x0000000e   Code   RO         2508    .text._GetPixelIndex  STemWin_CM3_OS_wc16_ARGB.a(GUIDEV_32.o)
    0x08013e04   0x08013e04   0x00000016   Code   RO         1597    .text._GetRect      STemWin_CM3_OS_wc16_ARGB.a(GUIDRV_FlexColor.o)
    0x08013e1a   0x08013e1a   0x00000036   Code   RO         2257    .text._GetRect      STemWin_CM3_OS_wc16_ARGB.a(GUIDEV_16.o)
    0x08013e50   0x08013e50   0x00000036   Code   RO         2506    .text._GetRect      STemWin_CM3_OS_wc16_ARGB.a(GUIDEV_32.o)
    0x08013e86   0x08013e86   0x00000002   PAD
    0x08013e88   0x08013e88   0x0000003c   Code   RO         2042    .text._GetTaskNo    STemWin_CM3_OS_wc16_ARGB.a(GUI_Task.o)
    0x08013ec4   0x08013ec4   0x00000054   Code   RO         2463    .text._GetTwinArcPara  STemWin_CM3_OS_wc16_ARGB.a(GUI__DrawTwinArc.o)
    0x08013f18   0x08013f18   0x00000098   Code   RO         2146    .text._GetWordWrap  STemWin_CM3_OS_wc16_ARGB.a(GUI__Wrap.o)
    0x08013fb0   0x08013fb0   0x00000050   Code   RO         1169    .text._Index2ColorBulk  STemWin_CM3_OS_wc16_ARGB.a(GUICC_565.o)
    0x08014000   0x08014000   0x00000010   Code   RO         2394    .text._Index2ColorBulk_M8888I  STemWin_CM3_OS_wc16_ARGB.a(GUICC_M8888I.o)
    0x08014010   0x08014010   0x0000001e   Code   RO         2401    .text._Index2Color_0  STemWin_CM3_OS_wc16_ARGB.a(GUICC_0.o)
    0x0801402e   0x0801402e   0x00000002   PAD
    0x08014030   0x08014030   0x00000080   Code   RO         1323    .text._InitContext  STemWin_CM3_OS_wc16_ARGB.a(GUI_Core.o)
    0x080140b0   0x080140b0   0x00000068   Code   RO         1206    .text._InitOnce     STemWin_CM3_OS_wc16_ARGB.a(GUI_Alloc.o)
    0x08014118   0x08014118   0x000000a0   Code   RO         1702    .text._Invalidate1Abs  STemWin_CM3_OS_wc16_ARGB.a(WM.o)
    0x080141b8   0x080141b8   0x00000090   Code   RO         2056    .text._Link         STemWin_CM3_OS_wc16_ARGB.a(GUI_Timer.o)
    0x08014248   0x08014248   0x00000004   Code   RO         1602    .text._Log2PhysX_X0Y0S0  STemWin_CM3_OS_wc16_ARGB.a(GUIDRV_FlexColor.o)
    0x0801424c   0x0801424c   0x00000004   Code   RO         1604    .text._Log2PhysX_X0Y0S1  STemWin_CM3_OS_wc16_ARGB.a(GUIDRV_FlexColor.o)
    0x08014250   0x08014250   0x00000004   Code   RO         1603    .text._Log2PhysX_X0Y1S0  STemWin_CM3_OS_wc16_ARGB.a(GUIDRV_FlexColor.o)
    0x08014254   0x08014254   0x00000004   Code   RO         1605    .text._Log2PhysX_X0Y1S1  STemWin_CM3_OS_wc16_ARGB.a(GUIDRV_FlexColor.o)
    0x08014258   0x08014258   0x00000008   Code   RO         1608    .text._Log2PhysX_X1Y0S0  STemWin_CM3_OS_wc16_ARGB.a(GUIDRV_FlexColor.o)
    0x08014260   0x08014260   0x00000008   Code   RO         1610    .text._Log2PhysX_X1Y0S1  STemWin_CM3_OS_wc16_ARGB.a(GUIDRV_FlexColor.o)
    0x08014268   0x08014268   0x00000008   Code   RO         1609    .text._Log2PhysX_X1Y1S0  STemWin_CM3_OS_wc16_ARGB.a(GUIDRV_FlexColor.o)
    0x08014270   0x08014270   0x00000008   Code   RO         1611    .text._Log2PhysX_X1Y1S1  STemWin_CM3_OS_wc16_ARGB.a(GUIDRV_FlexColor.o)
    0x08014278   0x08014278   0x00000004   Code   RO         1606    .text._Log2PhysY_X0Y0S0  STemWin_CM3_OS_wc16_ARGB.a(GUIDRV_FlexColor.o)
    0x0801427c   0x0801427c   0x00000004   Code   RO         1601    .text._Log2PhysY_X0Y0S1  STemWin_CM3_OS_wc16_ARGB.a(GUIDRV_FlexColor.o)
    0x08014280   0x08014280   0x00000008   Code   RO         1607    .text._Log2PhysY_X0Y1S0  STemWin_CM3_OS_wc16_ARGB.a(GUIDRV_FlexColor.o)
    0x08014288   0x08014288   0x00000008   Code   RO         1612    .text._Log2PhysY_X0Y1S1  STemWin_CM3_OS_wc16_ARGB.a(GUIDRV_FlexColor.o)
    0x08014290   0x08014290   0x00000004   Code   RO         1577    .text._Log2PhysY_X1Y0S0  STemWin_CM3_OS_wc16_ARGB.a(GUIDRV_FlexColor.o)
    0x08014294   0x08014294   0x00000004   Code   RO         1579    .text._Log2PhysY_X1Y0S1  STemWin_CM3_OS_wc16_ARGB.a(GUIDRV_FlexColor.o)
    0x08014298   0x08014298   0x00000008   Code   RO         1578    .text._Log2PhysY_X1Y1S0  STemWin_CM3_OS_wc16_ARGB.a(GUIDRV_FlexColor.o)
    0x080142a0   0x080142a0   0x00000008   Code   RO         1580    .text._Log2PhysY_X1Y1S1  STemWin_CM3_OS_wc16_ARGB.a(GUIDRV_FlexColor.o)
    0x080142a8   0x080142a8   0x00000002   Code   RO         1904    .text._Log2VisBuffered  STemWin_CM3_OS_wc16_ARGB.a(GUI_CharLine.o)
    0x080142aa   0x080142aa   0x00000072   Code   RO         2289    .text._MoveDescendents  STemWin_CM3_OS_wc16_ARGB.a(WM_Move.o)
    0x0801431c   0x0801431c   0x00000030   Code   RO         1827    .text._OnButtonPressed  STemWin_CM3_OS_wc16_ARGB.a(BUTTON.o)
    0x0801434c   0x0801434c   0x00000040   Code   RO         1828    .text._OnButtonReleased  STemWin_CM3_OS_wc16_ARGB.a(BUTTON.o)
    0x0801438c   0x0801438c   0x00000044   Code   RO         1324    .text._OnExit       STemWin_CM3_OS_wc16_ARGB.a(GUI_Core.o)
    0x080143d0   0x080143d0   0x0000009c   Code   RO         1680    .text._OnExit       STemWin_CM3_OS_wc16_ARGB.a(WM.o)
    0x0801446c   0x0801446c   0x00000018   Code   RO         1958    .text._OnExit       STemWin_CM3_OS_wc16_ARGB.a(GUI_PID.o)
    0x08014484   0x08014484   0x00000014   Code   RO         2043    .text._OnExit       STemWin_CM3_OS_wc16_ARGB.a(GUI_Task.o)
    0x08014498   0x08014498   0x00000010   Code   RO         2054    .text._OnExit       STemWin_CM3_OS_wc16_ARGB.a(GUI_Timer.o)
    0x080144a8   0x080144a8   0x0000001c   Code   RO         2180    .text._OnExit       STemWin_CM3_OS_wc16_ARGB.a(LCD_Color.o)
    0x080144c4   0x080144c4   0x00000028   Code   RO         2445    .text._OnExit       STemWin_CM3_OS_wc16_ARGB.a(GUI__Alpha.o)
    0x080144ec   0x080144ec   0x00000040   Code   RO         1831    .text._OnTouchDefault  STemWin_CM3_OS_wc16_ARGB.a(BUTTON.o)
    0x0801452c   0x0801452c   0x00000084   Code   RO         2346    .text._Paint        STemWin_CM3_OS_wc16_ARGB.a(BUTTON_Skin.o)
    0x080145b0   0x080145b0   0x00000028   Code   RO         1681    .text._Paint1       STemWin_CM3_OS_wc16_ARGB.a(WM.o)
    0x080145d8   0x080145d8   0x00000094   Code   RO         1685    .text._Paint1Trans  STemWin_CM3_OS_wc16_ARGB.a(WM.o)
    0x0801466c   0x0801466c   0x000000ae   Code   RO         1686    .text._PaintTransChildren  STemWin_CM3_OS_wc16_ARGB.a(WM.o)
    0x0801471a   0x0801471a   0x00000002   PAD
    0x0801471c   0x0801471c   0x00000024   Code   RO         1182    .text._PushFreeBlock  STemWin_CM3_OS_wc16_ARGB.a(GUI_Alloc.o)
    0x08014740   0x08014740   0x0000000a   Code   RO         1638    .text._ReadData     STemWin_CM3_OS_wc16_ARGB.a(GUIDRV_FlexColor_16bpp_C0B16.o)
    0x0801474a   0x0801474a   0x0000000a   Code   RO         1590    .text._ReadPixelCust_16bpp  STemWin_CM3_OS_wc16_ARGB.a(GUIDRV_FlexColor.o)
    0x08014754   0x08014754   0x0000000a   Code   RO         1591    .text._ReadPixelCust_18bpp  STemWin_CM3_OS_wc16_ARGB.a(GUIDRV_FlexColor.o)
    0x0801475e   0x0801475e   0x0000003c   Code   RO         1650    .text._ReadPixel_16bpp_B16_I  STemWin_CM3_OS_wc16_ARGB.a(GUIDRV_FlexColor_Func66709.o)
    0x0801479a   0x0801479a   0x00000038   Code   RO         1649    .text._ReadPixel_16bpp_B8  STemWin_CM3_OS_wc16_ARGB.a(GUIDRV_FlexColor_Func66709.o)
    0x080147d2   0x080147d2   0x0000003a   Code   RO         1592    .text._ReadRectCust_16bpp  STemWin_CM3_OS_wc16_ARGB.a(GUIDRV_FlexColor.o)
    0x0801480c   0x0801480c   0x0000003a   Code   RO         1593    .text._ReadRectCust_18bpp  STemWin_CM3_OS_wc16_ARGB.a(GUIDRV_FlexColor.o)
    0x08014846   0x08014846   0x0000006a   Code   RO         1661    .text._ReadRect_16bpp_B16_I  STemWin_CM3_OS_wc16_ARGB.a(GUIDRV_FlexColor_Func66709.o)
    0x080148b0   0x080148b0   0x00000066   Code   RO         1660    .text._ReadRect_16bpp_B8  STemWin_CM3_OS_wc16_ARGB.a(GUIDRV_FlexColor_Func66709.o)
    0x08014916   0x08014916   0x0000001e   Code   RO         1993    .text._ReleaseBuffer.isra.6  STemWin_CM3_OS_wc16_ARGB.a(GUI_SPRITE.o)
    0x08014934   0x08014934   0x00000040   Code   RO         1183    .text._RemoveFreeBlock  STemWin_CM3_OS_wc16_ARGB.a(GUI_Alloc.o)
    0x08014974   0x08014974   0x00000098   Code   RO         1185    .text._RemoveHoles  STemWin_CM3_OS_wc16_ARGB.a(GUI_Alloc.o)
    0x08014a0c   0x08014a0c   0x00000060   Code   RO         2600    .text._Screen2hWin  STemWin_CM3_OS_wc16_ARGB.a(WM_Screen2Win.o)
    0x08014a6c   0x08014a6c   0x00000020   Code   RO         2172    .text._SetBkColor   STemWin_CM3_OS_wc16_ARGB.a(LCD.o)
    0x08014a8c   0x08014a8c   0x00000044   Code   RO         1992    .text._SetBkIndexBuffered  STemWin_CM3_OS_wc16_ARGB.a(GUI_SPRITE.o)
    0x08014ad0   0x08014ad0   0x00000050   Code   RO         1693    .text._SetClipRectUserIntersect  STemWin_CM3_OS_wc16_ARGB.a(WM.o)
    0x08014b20   0x08014b20   0x00000020   Code   RO         2170    .text._SetColor     STemWin_CM3_OS_wc16_ARGB.a(LCD.o)
    0x08014b40   0x08014b40   0x0000009c   Code   RO         1626    .text._SetDevFunc   STemWin_CM3_OS_wc16_ARGB.a(GUIDRV_FlexColor.o)
    0x08014bdc   0x08014bdc   0x00000028   Code   RO         2157    .text._SetDrawMode  STemWin_CM3_OS_wc16_ARGB.a(LCD.o)
    0x08014c04   0x08014c04   0x00000034   Code   RO         1659    .text._SetInterface  STemWin_CM3_OS_wc16_ARGB.a(GUIDRV_FlexColor_Func66709.o)
    0x08014c38   0x08014c38   0x00000090   Code   RO         1427    .text._SetLineColor  STemWin_CM3_OS_wc16_ARGB.a(GUI_DrawLine.o)
    0x08014cc8   0x08014cc8   0x00000016   Code   RO         1600    .text._SetOrg       STemWin_CM3_OS_wc16_ARGB.a(GUIDRV_FlexColor.o)
    0x08014cde   0x08014cde   0x0000000c   Code   RO         2256    .text._SetOrg       STemWin_CM3_OS_wc16_ARGB.a(GUIDEV_16.o)
    0x08014cea   0x08014cea   0x00000008   Code   RO         2505    .text._SetOrg       STemWin_CM3_OS_wc16_ARGB.a(GUIDEV_32.o)
    0x08014cf2   0x08014cf2   0x00000002   PAD
    0x08014cf4   0x08014cf4   0x00000040   Code   RO         1648    .text._SetOrientation  STemWin_CM3_OS_wc16_ARGB.a(GUIDRV_FlexColor_Func66709.o)
    0x08014d34   0x08014d34   0x000000a6   Code   RO         1646    .text._SetPhysRAMAddr  STemWin_CM3_OS_wc16_ARGB.a(GUIDRV_FlexColor_Func66709.o)
    0x08014dda   0x08014dda   0x0000000e   Code   RO         1581    .text._SetPixelIndex  STemWin_CM3_OS_wc16_ARGB.a(GUIDRV_FlexColor.o)
    0x08014de8   0x08014de8   0x0000004c   Code   RO         2261    .text._SetPixelIndex  STemWin_CM3_OS_wc16_ARGB.a(GUIDEV_16.o)
    0x08014e34   0x08014e34   0x0000004c   Code   RO         2510    .text._SetPixelIndex  STemWin_CM3_OS_wc16_ARGB.a(GUIDEV_32.o)
    0x08014e80   0x08014e80   0x000000a6   Code   RO         1647    .text._SetRect      STemWin_CM3_OS_wc16_ARGB.a(GUIDRV_FlexColor_Func66709.o)
    0x08014f26   0x08014f26   0x00000008   Code   RO         1656    .text._SetReg_B16   STemWin_CM3_OS_wc16_ARGB.a(GUIDRV_FlexColor_Func66709.o)
    0x08014f2e   0x08014f2e   0x0000001a   Code   RO         1655    .text._SetReg_B8    STemWin_CM3_OS_wc16_ARGB.a(GUIDRV_FlexColor_Func66709.o)
    0x08014f48   0x08014f48   0x0000004c   Code   RO         2057    .text._Unlink       STemWin_CM3_OS_wc16_ARGB.a(GUI_Timer.o)
    0x08014f94   0x08014f94   0x0000002c   Code   RO         2148    .text._WrapGetNumCharsDisp  STemWin_CM3_OS_wc16_ARGB.a(GUI__Wrap.o)
    0x08014fc0   0x08014fc0   0x00000008   Code   RO         1639    .text._WriteData    STemWin_CM3_OS_wc16_ARGB.a(GUIDRV_FlexColor_16bpp_C0B16.o)
    0x08014fc8   0x08014fc8   0x00000008   Code   RO         1658    .text._WritePara_B16  STemWin_CM3_OS_wc16_ARGB.a(GUIDRV_FlexColor_Func66709.o)
    0x08014fd0   0x08014fd0   0x00000008   Code   RO         1657    .text._WritePara_B8  STemWin_CM3_OS_wc16_ARGB.a(GUIDRV_FlexColor_Func66709.o)
    0x08014fd8   0x08014fd8   0x00000148   Code   RO         2663    .text._WriteToActiveAlpha  STemWin_CM3_OS_wc16_ARGB.a(GUIDEV_WriteToActiveAlpha.o)
    0x08015120   0x08015120   0x00000040   Code   RO         2258    .text._XY2PTR       STemWin_CM3_OS_wc16_ARGB.a(GUIDEV_16.o)
    0x08015160   0x08015160   0x00000040   Code   RO         2507    .text._XY2PTR       STemWin_CM3_OS_wc16_ARGB.a(GUIDEV_32.o)
    0x080151a0   0x080151a0   0x00000024   Code   RO         1583    .text._XorPixel     STemWin_CM3_OS_wc16_ARGB.a(GUIDRV_FlexColor.o)
    0x080151c4   0x080151c4   0x00000058   Code   RO         2260    .text._XorPixel     STemWin_CM3_OS_wc16_ARGB.a(GUIDEV_16.o)
    0x0801521c   0x0801521c   0x0000005c   Code   RO         2509    .text._XorPixel     STemWin_CM3_OS_wc16_ARGB.a(GUIDEV_32.o)
    0x08015278   0x08015278   0x00000068   Code   RO         1730    .text._cbBackWin    STemWin_CM3_OS_wc16_ARGB.a(WM.o)
    0x080152e0   0x080152e0   0x00000004   Code   RO         2582    .text._cbInvalidateOne  STemWin_CM3_OS_wc16_ARGB.a(WM_BringToTop.o)
    0x080152e4   0x080152e4   0x0000006c   Code   RO         1688    .text._cbPaintMemDev  STemWin_CM3_OS_wc16_ARGB.a(WM.o)
    0x08015350   0x08015350   0x0000002c   Code   RO         1818    .text._cbTimer      STemWin_CM3_OS_wc16_ARGB.a(WM_Timer.o)
    0x0801537c   0x0801537c   0x000000a4   Code   RO         2166    .text.emWin_LCD_Init  STemWin_CM3_OS_wc16_ARGB.a(LCD.o)
    0x08015420   0x08015420   0x00000020   Code   RO         2944    i.__0printf         mc_w.l(printfa.o)
    0x08015440   0x08015440   0x00000028   Code   RO         2946    i.__0sprintf        mc_w.l(printfa.o)
    0x08015468   0x08015468   0x0000000e   Code   RO         3112    i.__scatterload_copy  mc_w.l(handlers.o)
    0x08015476   0x08015476   0x00000002   Code   RO         3113    i.__scatterload_null  mc_w.l(handlers.o)
    0x08015478   0x08015478   0x0000000e   Code   RO         3114    i.__scatterload_zeroinit  mc_w.l(handlers.o)
    0x08015486   0x08015486   0x00000002   PAD
    0x08015488   0x08015488   0x0000000c   Code   RO         3041    i.__set_errno       mc_w.l(errno.o)
    0x08015494   0x08015494   0x00000184   Code   RO         2951    i._fp_digits        mc_w.l(printfa.o)
    0x08015618   0x08015618   0x000006b4   Code   RO         2952    i._printf_core      mc_w.l(printfa.o)
    0x08015ccc   0x08015ccc   0x00000024   Code   RO         2953    i._printf_post_padding  mc_w.l(printfa.o)
    0x08015cf0   0x08015cf0   0x0000002e   Code   RO         2954    i._printf_pre_padding  mc_w.l(printfa.o)
    0x08015d1e   0x08015d1e   0x0000000a   Code   RO         2956    i._sputc            mc_w.l(printfa.o)
    0x08015d28   0x08015d28   0x0000004c   Code   RO         2679    i.sqrt              m_ws.l(sqrt_full.o)
    0x08015d74   0x08015d74   0x00000040   Data   RO          784    .constdata          bsp_dac.o
    0x08015db4   0x08015db4   0x00000006   Data   RO         1105    .constdata          maintask.o
    0x08015dba   0x08015dba   0x00000002   PAD
    0x08015dbc   0x08015dbc   0x00000058   Data   RO         1137    .constdata          dso.o
    0x08015e14   0x08015e14   0x00000012   Data   RO         1138    .constdata          dso.o
    0x08015e26   0x08015e26   0x00000002   PAD
    0x08015e28   0x08015e28   0x00000018   Data   RO         1139    .constdata          dso.o
    0x08015e40   0x08015e40   0x00000046   Data   RO         1106    .conststring        maintask.o
    0x08015e86   0x08015e86   0x00000002   PAD
    0x08015e88   0x08015e88   0x00000018   Data   RO         1170    .rodata             STemWin_CM3_OS_wc16_ARGB.a(GUICC_565.o)
    0x08015ea0   0x08015ea0   0x00000017   Data   RO         1348    .rodata             STemWin_CM3_OS_wc16_ARGB.a(GUI_Core.o)
    0x08015eb7   0x08015eb7   0x00000001   PAD
    0x08015eb8   0x08015eb8   0x00000044   Data   RO         1439    .rodata             STemWin_CM3_OS_wc16_ARGB.a(GUI_DrawLine.o)
    0x08015efc   0x08015efc   0x00000074   Data   RO         1634    .rodata             STemWin_CM3_OS_wc16_ARGB.a(GUIDRV_FlexColor.o)
    0x08015f70   0x08015f70   0x00000008   Data   RO         1664    .rodata             STemWin_CM3_OS_wc16_ARGB.a(GUIDRV_FlexColor_Func66709.o)
    0x08015f78   0x08015f78   0x00000620   Data   RO         1668    .rodata             STemWin_CM3_OS_wc16_ARGB.a(F08_ASCII.o)
    0x08016598   0x08016598   0x000008b1   Data   RO         1672    .rodata             STemWin_CM3_OS_wc16_ARGB.a(F13B_ASCII.o)
    0x08016e49   0x08016e49   0x00000003   PAD
    0x08016e4c   0x08016e4c   0x0000073c   Data   RO         1676    .rodata             STemWin_CM3_OS_wc16_ARGB.a(F6x8.o)
    0x08017588   0x08017588   0x00000010   Data   RO         2090    .rodata             STemWin_CM3_OS_wc16_ARGB.a(GUI_UC_EncodeNone.o)
    0x08017598   0x08017598   0x00000370   Data   RO         2103    .rodata             STemWin_CM3_OS_wc16_ARGB.a(GUI__DivTbl.o)
    0x08017908   0x08017908   0x0000000c   Data   RO         2176    .rodata             STemWin_CM3_OS_wc16_ARGB.a(LCD.o)
    0x08017914   0x08017914   0x0000086b   Data   RO         2237    .rodata             STemWin_CM3_OS_wc16_ARGB.a(F13_1.o)
    0x0801817f   0x0801817f   0x00000001   PAD
    0x08018180   0x08018180   0x00000074   Data   RO         2268    .rodata             STemWin_CM3_OS_wc16_ARGB.a(GUIDEV_16.o)
    0x080181f4   0x080181f4   0x00000010   Data   RO         2355    .rodata             STemWin_CM3_OS_wc16_ARGB.a(BUTTON_SkinFlex.o)
    0x08018204   0x08018204   0x00000018   Data   RO         2396    .rodata             STemWin_CM3_OS_wc16_ARGB.a(GUICC_M8888I.o)
    0x0801821c   0x0801821c   0x00000018   Data   RO         2405    .rodata             STemWin_CM3_OS_wc16_ARGB.a(GUICC_0.o)
    0x08018234   0x08018234   0x00000100   Data   RO         2494    .rodata             STemWin_CM3_OS_wc16_ARGB.a(LCD_Mirror.o)
    0x08018334   0x08018334   0x00000822   Data   RO         2498    .rodata             STemWin_CM3_OS_wc16_ARGB.a(F13_ASCII.o)
    0x08018b56   0x08018b56   0x00000002   PAD
    0x08018b58   0x08018b58   0x00000074   Data   RO         2515    .rodata             STemWin_CM3_OS_wc16_ARGB.a(GUIDEV_32.o)
    0x08018bcc   0x08018bcc   0x00000018   Data   RO         2565    .rodata             STemWin_CM3_OS_wc16_ARGB.a(GUIDEV_UsageBM.o)
    0x08018be4   0x08018be4   0x0000001c   Data   RO         2636    .rodata             STemWin_CM3_OS_wc16_ARGB.a(WIDGET_Effect_Simple.o)
    0x08018c00   0x08018c00   0x00000001   Data   RO         2134    .rodata.str1.1      STemWin_CM3_OS_wc16_ARGB.a(GUI__Private.o)
    0x08018c01   0x08018c01   0x00000003   PAD
    0x08018c04   0x08018c04   0x00000020   Data   RO         3110    Region$$Table       anon$$obj.o


    Execution Region RW_IRAM1 (Exec base: 0x20000000, Load base: 0x08018c24, Size: 0x0000df94, Max: 0x00010000, ABSOLUTE, COMPRESSED[0x000001e0])

    Exec Addr    Load Addr    Size         Type   Attr      Idx    E Section Name        Object

    0x20000000   COMPRESSED   0x00000014   Data   RW           11    .data               system_stm32f10x.o
    0x20000014   COMPRESSED   0x00000014   Data   RW          308    .data               stm32f10x_rcc.o
    0x20000028   COMPRESSED   0x00000018   Data   RW          394    .data               main.o
    0x20000040   COMPRESSED   0x00000004   Data   RW          619    .data               stm32f10x_it.o
    0x20000044   COMPRESSED   0x0000000c   Data   RW          662    .data               bsp_key.o
    0x20000050   COMPRESSED   0x00000008   Data   RW          679    .data               bsp_ili9341_lcd_emwin.o
    0x20000058   COMPRESSED   0x00000004   Data   RW          721    .data               bsp_xpt2046_lcd.o
    0x2000005c   COMPRESSED   0x00000044   Data   RW          915    .data               tasks.o
    0x200000a0   COMPRESSED   0x00000018   Data   RW          952    .data               heap_4.o
    0x200000b8   COMPRESSED   0x0000000c   Data   RW          967    .data               port.o
    0x200000c4   COMPRESSED   0x00000008   Data   RW         1024    .data               gui_x_freertos.o
    0x200000cc   COMPRESSED   0x00000004   PAD
    0x200000d0   COMPRESSED   0x00000020   Data   RW         1070    .data               dataprocess.o
    0x200000f0   COMPRESSED   0x0000011c   Data   RW         1108    .data               maintask.o
    0x2000020c   COMPRESSED   0x0000000a   Data   RW         1110    .data               maintask.o
    0x20000216   COMPRESSED   0x00000002   PAD
    0x20000218   COMPRESSED   0x0000003c   Data   RW         1140    .data               dso.o
    0x20000254   COMPRESSED   0x00000008   Data   RW         1141    .data               dso.o
    0x2000025c   COMPRESSED   0x00000007   Data   RW         1231    .data               STemWin_CM3_OS_wc16_ARGB.a(GUI_Common.o)
    0x20000263   COMPRESSED   0x00000001   PAD
    0x20000264   COMPRESSED   0x00000014   Data   RW         1321    .data               STemWin_CM3_OS_wc16_ARGB.a(GUI_Core.o)
    0x20000278   COMPRESSED   0x00000008   Data   RW         1469    .data               STemWin_CM3_OS_wc16_ARGB.a(GUI_TOUCH_DriverAnalog.o)
    0x20000280   COMPRESSED   0x00000004   Data   RW         1477    .data               STemWin_CM3_OS_wc16_ARGB.a(GUI_Time.o)
    0x20000284   COMPRESSED   0x00000008   Data   RW         1644    .data               STemWin_CM3_OS_wc16_ARGB.a(GUIDRV_FlexColor_Func66709.o)
    0x2000028c   COMPRESSED   0x00000038   Data   RW         1825    .data               STemWin_CM3_OS_wc16_ARGB.a(BUTTON.o)
    0x200002c4   COMPRESSED   0x00000010   Data   RW         1861    .data               STemWin_CM3_OS_wc16_ARGB.a(TEXT.o)
    0x200002d4   COMPRESSED   0x00000004   Data   RW         1902    .data               STemWin_CM3_OS_wc16_ARGB.a(GUI_CharLine.o)
    0x200002d8   COMPRESSED   0x00000008   Data   RW         1945    .data               STemWin_CM3_OS_wc16_ARGB.a(GUI_OnKey.o)
    0x200002e0   COMPRESSED   0x00000008   Data   RW         1956    .data               STemWin_CM3_OS_wc16_ARGB.a(GUI_PID.o)
    0x200002e8   COMPRESSED   0x00000008   Data   RW         2040    .data               STemWin_CM3_OS_wc16_ARGB.a(GUI_Task.o)
    0x200002f0   COMPRESSED   0x00000008   Data   RW         2113    .data               STemWin_CM3_OS_wc16_ARGB.a(GUI__Private.o)
    0x200002f8   COMPRESSED   0x00000008   Data   RW         2144    .data               STemWin_CM3_OS_wc16_ARGB.a(GUI__Wrap.o)
    0x20000300   COMPRESSED   0x00000004   Data   RW         2155    .data               STemWin_CM3_OS_wc16_ARGB.a(LCD.o)
    0x20000304   COMPRESSED   0x00000004   Data   RW         2178    .data               STemWin_CM3_OS_wc16_ARGB.a(LCD_Color.o)
    0x20000308   COMPRESSED   0x00000004   Data   RW         2301    .data               STemWin_CM3_OS_wc16_ARGB.a(WM_Touch.o)
    0x2000030c   COMPRESSED   0x0000000c   Data   RW         2343    .data               STemWin_CM3_OS_wc16_ARGB.a(BUTTON_Skin.o)
    0x20000318   COMPRESSED   0x00000080   Data   RW         2350    .data               STemWin_CM3_OS_wc16_ARGB.a(BUTTON_SkinFlex.o)
    0x20000398   COMPRESSED   0x00000004   Data   RW         2357    .data               STemWin_CM3_OS_wc16_ARGB.a(WIDGET.o)
    0x2000039c   COMPRESSED   0x00000008   Data   RW         2441    .data               STemWin_CM3_OS_wc16_ARGB.a(GUI__Alpha.o)
    0x200003a4   COMPRESSED   0x00000018   Data   RW         2469    .data               STemWin_CM3_OS_wc16_ARGB.a(LCD_AA.o)
    0x200003bc   COMPRESSED   0x00000004   Data   RW         2627    .data               STemWin_CM3_OS_wc16_ARGB.a(WIDGET_Effect_Simple.o)
    0x200003c0   COMPRESSED   0x00000004   Data   RW         3028    .data               mc_w.l(stdout.o)
    0x200003c4   COMPRESSED   0x00000004   Data   RW         3042    .data               mc_w.l(errno.o)
    0x200003c8        -       0x00000080   Zero   RW          783    .bss                bsp_dac.o
    0x20000448        -       0x00000fa0   Zero   RW          799    .bss                bsp_adc.o
    0x200013e8        -       0x00000050   Zero   RW          896    .bss                queue.o
    0x20001438        -       0x000002e4   Zero   RW          914    .bss                tasks.o
    0x2000171c        -       0x00002000   Zero   RW          951    .bss                heap_4.o
    0x2000371c        -       0x00007000   Zero   RW          996    .bss                guiconf.o
    0x2000a71c        -       0x00001000   Zero   RW         1068    .bss                dataprocess.o
    0x2000b71c        -       0x00000180   Zero   RW         1103    .bss                maintask.o
    0x2000b89c        -       0x00001000   Zero   RW         1135    .bss                dso.o
    0x2000c89c        -       0x000001f4   Zero   RW         1136    .bss                dso.o
    0x2000ca90        -       0x0000000c   Zero   RW         1181    .bss                STemWin_CM3_OS_wc16_ARGB.a(GUI_Alloc.o)
    0x2000ca9c        -       0x000000a4   Zero   RW         1322    .bss                STemWin_CM3_OS_wc16_ARGB.a(GUI_Core.o)
    0x2000cb40        -       0x0000004c   Zero   RW         1351    .bss                STemWin_CM3_OS_wc16_ARGB.a(GUI_Cursor.o)
    0x2000cb8c        -       0x0000001c   Zero   RW         1446    .bss                STemWin_CM3_OS_wc16_ARGB.a(GUI_FillPolygon.o)
    0x2000cba8        -       0x00000010   Zero   RW         1457    .bss                STemWin_CM3_OS_wc16_ARGB.a(GUI_TOUCH.o)
    0x2000cbb8        -       0x00000024   Zero   RW         1463    .bss                STemWin_CM3_OS_wc16_ARGB.a(GUI_TOUCH_Calibrate.o)
    0x2000cbdc        -       0x0000002f   Zero   RW         1470    .bss                STemWin_CM3_OS_wc16_ARGB.a(GUI_TOUCH_DriverAnalog.o)
    0x2000cc0b   COMPRESSED   0x00000001   PAD
    0x2000cc0c        -       0x00000008   Zero   RW         1496    .bss                STemWin_CM3_OS_wc16_ARGB.a(LCD_GetEx.o)
    0x2000cc14        -       0x0000001c   Zero   RW         1576    .bss                STemWin_CM3_OS_wc16_ARGB.a(GUIDRV_FlexColor.o)
    0x2000cc30        -       0x00000030   Zero   RW         1679    .bss                STemWin_CM3_OS_wc16_ARGB.a(WM.o)
    0x2000cc60        -       0x00000004   Zero   RW         1826    .bss                STemWin_CM3_OS_wc16_ARGB.a(BUTTON.o)
    0x2000cc64        -       0x00000060   Zero   RW         1946    .bss                STemWin_CM3_OS_wc16_ARGB.a(GUI_OnKey.o)
    0x2000ccc4        -       0x00000058   Zero   RW         1957    .bss                STemWin_CM3_OS_wc16_ARGB.a(GUI_PID.o)
    0x2000cd1c        -       0x00000008   Zero   RW         2023    .bss                STemWin_CM3_OS_wc16_ARGB.a(GUI_SelectLayer.o)
    0x2000cd24        -       0x0000000c   Zero   RW         2035    .bss                STemWin_CM3_OS_wc16_ARGB.a(GUI_TOUCH_StoreState.o)
    0x2000cd30        -       0x00000014   Zero   RW         2041    .bss                STemWin_CM3_OS_wc16_ARGB.a(GUI_Task.o)
    0x2000cd44        -       0x00000014   Zero   RW         2053    .bss                STemWin_CM3_OS_wc16_ARGB.a(GUI_Timer.o)
    0x2000cd58        -       0x00000008   Zero   RW         2093    .bss                STemWin_CM3_OS_wc16_ARGB.a(GUI_WaitEvent.o)
    0x2000cd60        -       0x00000018   Zero   RW         2106    .bss                STemWin_CM3_OS_wc16_ARGB.a(GUI__ManageCache.o)
    0x2000cd78        -       0x00000008   Zero   RW         2145    .bss                STemWin_CM3_OS_wc16_ARGB.a(GUI__Wrap.o)
    0x2000cd80        -       0x0000000c   Zero   RW         2179    .bss                STemWin_CM3_OS_wc16_ARGB.a(LCD_Color.o)
    0x2000cd8c        -       0x00000004   Zero   RW         2253    .bss                STemWin_CM3_OS_wc16_ARGB.a(GUIDEV_16.o)
    0x2000cd90        -       0x00000004   Zero   RW         2271    .bss                STemWin_CM3_OS_wc16_ARGB.a(GUIDEV_Banding.o)
    0x2000cd94        -       0x00000001   Zero   RW         2276    .bss                STemWin_CM3_OS_wc16_ARGB.a(GUIDEV_StaticDevices.o)
    0x2000cd95   COMPRESSED   0x00000003   PAD
    0x2000cd98        -       0x00000028   Zero   RW         2302    .bss                STemWin_CM3_OS_wc16_ARGB.a(WM_Touch.o)
    0x2000cdc0        -       0x00000004   Zero   RW         2320    .bss                STemWin_CM3_OS_wc16_ARGB.a(WM__Private.o)
    0x2000cdc4        -       0x00000020   Zero   RW         2442    .bss                STemWin_CM3_OS_wc16_ARGB.a(GUI__Alpha.o)
    0x2000cde4        -       0x00000018   Zero   RW         2593    .bss                STemWin_CM3_OS_wc16_ARGB.a(WM_PID__GetPrevState.o)
    0x2000cdfc        -       0x00000004   Zero   RW         3073    GUI_AA__ClipX0      anon$$obj.o
    0x2000ce00        -       0x000000c0   Zero   RW         3059    GUI_ALLOC__Context  anon$$obj.o
    0x2000cec0        -       0x00000004   Zero   RW         3080    GUI_DCACHE__pfClearCacheHook  anon$$obj.o
    0x2000cec4        -       0x00000001   Zero   RW         3060    GUI_DecChar         anon$$obj.o
    0x2000cec5   COMPRESSED   0x00000001   PAD
    0x2000cec6        -       0x00000002   Zero   RW         3061    GUI_OrgX            anon$$obj.o
    0x2000cec8        -       0x00000002   Zero   RW         3062    GUI_OrgY            anon$$obj.o
    0x2000ceca   COMPRESSED   0x00000002   PAD
    0x2000cecc        -       0x00000004   Zero   RW         3072    GUI__BufferSize     anon$$obj.o
    0x2000ced0        -       0x00000001   Zero   RW         3076    GUI__IsInitialized  anon$$obj.o
    0x2000ced1        -       0x00000001   Zero   RW         3077    GUI__NumLayersInUse  anon$$obj.o
    0x2000ced2        -       0x00000001   Zero   RW         3075    GUI__PreserveTrans  anon$$obj.o
    0x2000ced3        -       0x00000002   Zero   RW         3074    GUI__aNumBuffers    anon$$obj.o
    0x2000ced5   COMPRESSED   0x00000003   PAD
    0x2000ced8        -       0x00000008   Zero   RW         3066    GUI__apDevice       anon$$obj.o
    0x2000cee0        -       0x00000004   Zero   RW         3108    GUI__pfDrawAlphaBitmapFunc  anon$$obj.o
    0x2000cee4        -       0x00000004   Zero   RW         3109    GUI__pfDrawAlphaMemdevFunc  anon$$obj.o
    0x2000cee8        -       0x00000004   Zero   RW         3079    GUI_pLCD_APIList    anon$$obj.o
    0x2000ceec        -       0x00000004   Zero   RW         3070    GUI_pUC_API         anon$$obj.o
    0x2000cef0        -       0x00000004   Zero   RW         3068    GUI_pfDispCharLine  anon$$obj.o
    0x2000cef4        -       0x00000004   Zero   RW         3067    GUI_pfDispCharStyle  anon$$obj.o
    0x2000cef8        -       0x00000004   Zero   RW         3065    GUI_pfExecAnimations  anon$$obj.o
    0x2000cefc        -       0x00000004   Zero   RW         3063    GUI_pfTimerExec     anon$$obj.o
    0x2000cf00        -       0x00000004   Zero   RW         3064    GUI_pfUpdateSoftLayer  anon$$obj.o
    0x2000cf04        -       0x00000004   Zero   RW         3107    LCD__aConvTable     anon$$obj.o
    0x2000cf08        -       0x00001000   Zero   RW            1    STACK               startup_stm32f10x_hd.o
    0x2000df08        -       0x00000004   Zero   RW         3090    WM_MULTIBUF__pAPI   anon$$obj.o
    0x2000df0c        -       0x00000001   Zero   RW         3105    WM__CaptureReleaseAuto  anon$$obj.o
    0x2000df0d   COMPRESSED   0x00000003   PAD
    0x2000df10        -       0x00000004   Zero   RW         3089    WM__CreateFlags     anon$$obj.o
    0x2000df14        -       0x00000004   Zero   RW         3096    WM__FirstWin        anon$$obj.o
    0x2000df18        -       0x00000004   Zero   RW         3099    WM__InvalidLayerMask  anon$$obj.o
    0x2000df1c        -       0x00000002   Zero   RW         3098    WM__NumInvalidWindows  anon$$obj.o
    0x2000df1e        -       0x00000002   Zero   RW         3100    WM__NumWindows      anon$$obj.o
    0x2000df20        -       0x00000001   Zero   RW         3103    WM__PaintCallbackCnt  anon$$obj.o
    0x2000df21   COMPRESSED   0x00000003   PAD
    0x2000df24        -       0x00000004   Zero   RW         3101    WM__TouchedLayer    anon$$obj.o
    0x2000df28        -       0x00000004   Zero   RW         3086    WM__TransWindowCnt  anon$$obj.o
    0x2000df2c        -       0x00000008   Zero   RW         3104    WM__aBkColor        anon$$obj.o
    0x2000df34        -       0x00000010   Zero   RW         3094    WM__aCHWinLast      anon$$obj.o
    0x2000df44        -       0x00000010   Zero   RW         3093    WM__aCHWinModal     anon$$obj.o
    0x2000df54        -       0x00000010   Zero   RW         3095    WM__aCHWinMouseOver  anon$$obj.o
    0x2000df64        -       0x00000008   Zero   RW         3085    WM__ahCapture       anon$$obj.o
    0x2000df6c        -       0x00000008   Zero   RW         3092    WM__ahDesktopWin    anon$$obj.o
    0x2000df74        -       0x00000008   Zero   RW         3088    WM__ahWinFocus      anon$$obj.o
    0x2000df7c        -       0x00000004   Zero   RW         3087    WM__hATransWindow   anon$$obj.o
    0x2000df80        -       0x00000004   Zero   RW         3097    WM__hCreateStatic   anon$$obj.o
    0x2000df84        -       0x00000004   Zero   RW         3091    WM__pExecGestures   anon$$obj.o
    0x2000df88        -       0x00000004   Zero   RW         3084    WM__pFirstCriticalHandle  anon$$obj.o
    0x2000df8c        -       0x00000004   Zero   RW         3071    WM_pfHandlePID      anon$$obj.o
    0x2000df90        -       0x00000004   Zero   RW         3102    WM_pfPollPID        anon$$obj.o


==============================================================================

Image component sizes


      Code (inc. data)   RO Data    RW Data    ZI Data      Debug   Object Name

       356         24          0          0       4000       1854   bsp_adc.o
       320         24         64          0        128       1973   bsp_dac.o
      1536         38          0          8          0      15488   bsp_ili9341_lcd_emwin.o
       408         78          0         12          0       2907   bsp_key.o
       120          4          0          0          0        837   bsp_timbasic.o
       400         10          0          0          0       2678   bsp_usart.o
       484         12          0          4          0       2438   bsp_xpt2046_lcd.o
      4576       4080          0          0          0        324   cr4_fft_1024_stm32.o
       492         26          0         32       4096       4523   dataprocess.o
       392         18        130         68       4596       3897   dso.o
         0          0          0          0          0       9472   event_groups.o
       236         58          0          8          0       2305   gui_x_freertos.o
        16          0          0          0          0        904   gui_x_touch_analog.o
        32         10          0          0      28672        539   guiconf.o
       532         66          0         24       8192       3508   heap_4.o
       288         38          0          0          0       4886   lcdconf_flexcolor_template.o
       136          0          0          0          0       1918   list.o
      1056        470          0         24          0      72742   main.o
      4288        450         76        294        384      11950   maintask.o
       184         12          0          0          0       1993   misc.o
       642         90          0         12          0       7743   port.o
      2364         56          0          0         80      14363   queue.o
        36          8        304          0       4096        880   startup_stm32f10x_hd.o
       904         24          0          0          0      11885   stm32f10x_adc.o
       284          4          0          0          0       3898   stm32f10x_dac.o
       488         10          0          0          0       4858   stm32f10x_dma.o
      1206         10          0          0          0       6067   stm32f10x_fsmc.o
       664         36          0          0          0       6277   stm32f10x_gpio.o
        96         20          0          4          0       3289   stm32f10x_it.o
       756         32          0         20          0       9424   stm32f10x_rcc.o
      3114         84          0          0          0      25168   stm32f10x_tim.o
       924         20          0          0          0       9240   stm32f10x_usart.o
       372         34          0         20          0     286647   system_stm32f10x.o
      5268        198          0         68        740      33901   tasks.o

    ----------------------------------------------------------------------
     32976       6044        612        604      55392     570776   Object Totals
         0          0         32          0        396          0   (incl. Generated)
         6          0          6          6         12          0   (incl. Padding)

    ----------------------------------------------------------------------

      Code (inc. data)   RO Data    RW Data    ZI Data      Debug   Library Member Name

       652         16          0         56          4          0   BUTTON.o
       186          0          0         12          0          0   BUTTON_Skin.o
       568          4         16        128          0          0   BUTTON_SkinFlex.o
         0          0       1568          0          0          0   F08_ASCII.o
         0          0       2225          0          0          0   F13B_ASCII.o
         0          0       2155          0          0          0   F13_1.o
         0          0       2082          0          0          0   F13_ASCII.o
         0          0       1852          0          0          0   F6x8.o
       194          0         24          0          0          0   GUICC_0.o
       226         32         24          0          0          0   GUICC_565.o
        40          0         24          0          0          0   GUICC_M8888I.o
         2          0          0          0          0          0   GUICC_M8888I_Index2Color.o
         6          0          0          0          0          0   GUICC_M888_Index2Color.o
       880         36          0          0          0          0   GUIDEV.o
      2610         56        116          0          4          0   GUIDEV_16.o
      2544         52        116          0          0          0   GUIDEV_32.o
       368         12          0          0          4          0   GUIDEV_Banding.o
        76          4          0          0          0          0   GUIDEV_Clear.o
        42          0          0          0          0          0   GUIDEV_GetDataPtr.o
        56          4          0          0          0          0   GUIDEV_GetYSize.o
        56          4          0          0          0          0   GUIDEV_ReduceYSize.o
       100          4          0          0          0          0   GUIDEV_SetOrg.o
       384         24          0          0          1          0   GUIDEV_StaticDevices.o
        88          0          0          0          0          0   GUIDEV_Usage.o
       432          4         24          0          0          0   GUIDEV_UsageBM.o
       124          8          0          0          0          0   GUIDEV_Write.o
       768         40          0          0          0          0   GUIDEV_WriteToActiveAlpha.o
      1996          8          0          0          0          0   GUIDEV_WriteToActiveOpaque.o
      1558        102        116          0         28          0   GUIDRV_FlexColor.o
      1698         72          0          0          0          0   GUIDRV_FlexColor_16bpp_C0B16.o
       930         48          8          8          0          0   GUIDRV_FlexColor_Func66709.o
       164          4          0          0          0          0   GUI_2DLib.o
      1570         92          0          0         12          0   GUI_Alloc.o
       164         16          0          0          0          0   GUI_Char.o
       506         36          0          4          0          0   GUI_CharLine.o
       400          8          0          0          0          0   GUI_CharM.o
       334          8          0          0          0          0   GUI_CharP.o
       192          4          0          0          0          0   GUI_Circ.o
      1074         84          0          7          0          0   GUI_Common.o
       784        120         23         20        164          0   GUI_Core.o
       108          4          0          0         76          0   GUI_Cursor.o
        50          0          0          0          0          0   GUI_DRAW.o
       352         24          0          0          0          0   GUI_Device.o
      1170         16          0          0          0          0   GUI_DispString.o
       522          8          0          0          0          0   GUI_DrawGradient.o
       244          4          0          0          0          0   GUI_DrawGraph.o
       348         20          0          0          0          0   GUI_DrawLib.o
      1202         36         68          0          0          0   GUI_DrawLine.o
       372          4          0          0          0          0   GUI_DrawRoundedRect.o
       660         28          0          0         28          0   GUI_FillPolygon.o
       224          4          0          0          0          0   GUI_FillRoundedRect.o
        76         12          0          8         96          0   GUI_OnKey.o
       304         44          0          8         88          0   GUI_PID.o
      1880         20          0          0          0          0   GUI_SPRITE.o
       148         12          0          0          8          0   GUI_SelectLayer.o
        36          4          0          0          0          0   GUI_SetAlpha.o
        80          4          0          0         16          0   GUI_TOUCH.o
      1484         16          0          0         36          0   GUI_TOUCH_Calibrate.o
       368         24          0          8         47          0   GUI_TOUCH_DriverAnalog.o
        12          4          0          0         12          0   GUI_TOUCH_StoreState.o
       408         56          0          8         20          0   GUI_Task.o
       112          8          0          4          0          0   GUI_Time.o
       878         40          0          0         20          0   GUI_Timer.o
        76          8          0          0          0          0   GUI_UC.o
        18          0         16          0          0          0   GUI_UC_EncodeNone.o
        16          4          0          0          8          0   GUI_WaitEvent.o
       910         44          0          8         32          0   GUI__Alpha.o
       786          8          0          0          0          0   GUI__CompactPixelIndices.o
         0          0        880          0          0          0   GUI__DivTbl.o
       564          4          0          0          0          0   GUI__DrawTwinArc.o
       380          8          0          0          0          0   GUI__ExpandPixelIndices.o
       236          8          0          0         24          0   GUI__ManageCache.o
       578          8          1          8          0          0   GUI__Private.o
       370          8          0          8          8          0   GUI__Wrap.o
      1804        116         12          4          0          0   LCD.o
        84         12          0         24          0          0   LCD_AA.o
       336         48          0          4         12          0   LCD_Color.o
        32          8          0          0          0          0   LCD_GetColorIndex.o
       480         40          0          0          8          0   LCD_GetEx.o
        30          0          0          0          0          0   LCD_GetNumDisplays.o
         0          0        256          0          0          0   LCD_Mirror.o
       516         16          0          0          0          0   LCD_ReadRect.o
        64          8          0          0          0          0   LCD_SelectLCD.o
       242          0          0          0          0          0   LCD_Set.o
        48          8          0          0          0          0   LCD_SetClipRectEx.o
        36          4          0          0          0          0   LCD_UpdateColorIndices.o
       498         12          0         16          0          0   TEXT.o
       522          4          0          4          0          0   WIDGET.o
        84          4         28          4          0          0   WIDGET_Effect_Simple.o
      5156        384          0          0         48          0   WM.o
       132          4          0          0          0          0   WM_BringToTop.o
       112          0          0          0          0          0   WM_GetWindowSize.o
      1290         48          0          0          0          0   WM_Lib.o
       312          0          0          0          0          0   WM_Move.o
        20          4          0          0         24          0   WM_PID__GetPrevState.o
       194          4          0          0          0          0   WM_Screen2Win.o
        66          8          0          0          0          0   WM_SetCapture.o
       102          4          0          0          0          0   WM_SetTrans.o
       374          4          0          0          0          0   WM_Timer.o
      1148         48          0          4         40          0   WM_Touch.o
       606         12          0          0          4          0   WM__Private.o
        76          0          0          0          0         84   sqrt_full.o
        86          0          0          0          0          0   __dczerorl2.o
         0          0          0          0          0          0   entry.o
         0          0          0          0          0          0   entry10a.o
         0          0          0          0          0          0   entry11a.o
         4          0          0          0          0          0   entry12b.o
         8          4          0          0          0          0   entry2.o
         4          0          0          0          0          0   entry5.o
         0          0          0          0          0          0   entry7b.o
         0          0          0          0          0          0   entry8b.o
         8          4          0          0          0          0   entry9a.o
        12          6          0          4          0         68   errno.o
        30          0          0          0          0          0   handlers.o
        36          8          0          0          0         68   init.o
         0          0          0          0          0          0   iusefp.o
        30          0          0          0          0         68   llshl.o
        36          0          0          0          0         68   llsshr.o
        32          0          0          0          0         68   llushr.o
        26          0          0          0          0         80   memcmp.o
        66          0          0          0          0         76   memmove.o
        36          0          0          0          0        108   memseta.o
      2268         96          0          0          0        616   printfa.o
         0          0          0          4          0          0   stdout.o
        18          0          0          0          0         68   strcpy.o
        14          0          0          0          0         68   strlen.o
        44          0          0          0          0         80   uidiv.o
        98          0          0          0          0         92   uldiv.o
        48          0          0          0          0         68   cdrcmple.o
        56          0          0          0          0         88   d2f.o
       334          0          0          0          0        148   dadd.o
       222          0          0          0          0        100   ddiv.o
       186          0          0          0          0        176   depilogue.o
        62          0          0          0          0         80   dfixi.o
        48          0          0          0          0         68   dfixul.o
        34          0          0          0          0         76   dflti.o
        26          0          0          0          0         76   dfltui.o
       228          0          0          0          0         96   dmul.o
       162          0          0          0          0        100   dsqrt.o
        38          0          0          0          0         68   f2d.o
       176          0          0          0          0        140   fadd.o
        28          0          0          0          0         68   fcmpeq.o
       124          0          0          0          0         88   fdiv.o
       110          0          0          0          0        168   fepilogue.o
        50          0          0          0          0         68   ffixi.o
        40          0          0          0          0         68   ffixui.o
        18          0          0          0          0         68   fflti.o
        10          0          0          0          0         68   ffltui.o
       100          0          0          0          0         76   fmul.o
        24          0          0          0          0         68   fscalb.o

    ----------------------------------------------------------------------
     56180       2312      11644        364        876       3636   Library Totals
        92          0         10          1          4          0   (incl. Padding)

    ----------------------------------------------------------------------

      Code (inc. data)   RO Data    RW Data    ZI Data      Debug   Library Name

     51032       2194      11634        355        872          0   STemWin_CM3_OS_wc16_ARGB.a
        76          0          0          0          0         84   m_ws.l
      2856        118          0          8          0       1528   mc_w.l
      2124          0          0          0          0       2024   mf_w.l

    ----------------------------------------------------------------------
     56180       2312      11644        364        876       3636   Library Totals

    ----------------------------------------------------------------------

==============================================================================


      Code (inc. data)   RO Data    RW Data    ZI Data      Debug   

     89156       8356      12256        968      56268     569080   Grand Totals
     89156       8356      12256        480      56268     569080   ELF Image Totals (compressed)
     89156       8356      12256        480          0          0   ROM Totals

==============================================================================

    Total RO  Size (Code + RO Data)               101412 (  99.04kB)
    Total RW  Size (RW Data + ZI Data)             57236 (  55.89kB)
    Total ROM Size (Code + RO Data + RW Data)     101892 (  99.50kB)

==============================================================================

